03-26 16:46:05.247 15650 15650 I auditd  : type=1400 audit(0.0:5207243): avc: denied { search } for comm="mmt_hSIRWorker" name="10" dev="proc" ino=38470 scontext=u:r:untrusted_app:s0:c512,c768 tcontext=u:r:kernel:s0 tclass=dir permissive=0
03-26 16:46:05.247 15650 15650 I auditd  : type=1400 audit(0.0:5207244): avc: denied { search } for comm="mmt_hSIRWorker" name="11" dev="proc" ino=38471 scontext=u:r:untrusted_app:s0:c512,c768 tcontext=u:r:kernel:s0 tclass=dir permissive=0
03-26 16:46:05.247 15650 15650 I auditd  : type=1400 audit(0.0:5207245): avc: denied { search } for comm="mmt_hSIRWorker" name="12" dev="proc" ino=38472 scontext=u:r:untrusted_app:s0:c512,c768 tcontext=u:r:kernel:s0 tclass=dir permissive=0
03-26 16:46:05.247 15650 15650 I auditd  : type=1400 audit(0.0:5207246): avc: denied { search } for comm="mmt_hSIRWorker" name="13" dev="proc" ino=38473 scontext=u:r:untrusted_app:s0:c512,c768 tcontext=u:r:kernel:s0 tclass=dir permissive=0
03-26 16:46:05.247 15650 15650 I auditd  : type=1400 audit(0.0:5207247): avc: denied { search } for comm="mmt_hSIRWorker" name="14" dev="proc" ino=38474 scontext=u:r:untrusted_app:s0:c512,c768 tcontext=u:r:kernel:s0 tclass=dir permissive=0
03-26 16:46:05.247 15650 15650 I auditd  : type=1400 audit(0.0:5207248): avc: denied { search } for comm="mmt_hSIRWorker" name="15" dev="proc" ino=38475 scontext=u:r:untrusted_app:s0:c512,c768 tcontext=u:r:kernel:s0 tclass=dir permissive=0
03-26 16:46:05.247 15650 15650 I auditd  : type=1400 audit(0.0:5207249): avc: denied { search } for comm="mmt_hSIRWorker" name="16" dev="proc" ino=38476 scontext=u:r:untrusted_app:s0:c512,c768 tcontext=u:r:kernel:s0 tclass=dir permissive=0
03-26 16:46:05.247 15650 15650 I auditd  : type=1400 audit(0.0:5207250): avc: denied { search } for comm="mmt_hSIRWorker" name="17" dev="proc" ino=38477 scontext=u:r:untrusted_app:s0:c512,c768 tcontext=u:r:kernel:s0 tclass=dir permissive=0
03-26 16:46:05.247 15650 15650 I auditd  : type=1400 audit(0.0:5207251): avc: denied { search } for comm="mmt_hSIRWorker" name="18" dev="proc" ino=38478 scontext=u:r:untrusted_app:s0:c512,c768 tcontext=u:r:kernel:s0 tclass=dir permissive=0
03-26 16:46:05.247 15650 15650 I auditd  : type=1400 audit(0.0:5207252): avc: denied { search } for comm="mmt_hSIRWorker" name="20" dev="proc" ino=38480 scontext=u:r:untrusted_app:s0:c512,c768 tcontext=u:r:kernel:s0 tclass=dir permissive=0
03-26 16:46:05.247 15650 15650 I auditd  : type=1400 audit(0.0:5207253): avc: denied { search } for comm="mmt_hSIRWorker" name="21" dev="proc" ino=38481 scontext=u:r:untrusted_app:s0:c512,c768 tcontext=u:r:kernel:s0 tclass=dir permissive=0
03-26 16:46:05.247 15650 15650 I auditd  : type=1400 audit(0.0:5207254): avc: denied { search } for comm="mmt_hSIRWorker" name="22" dev="proc" ino=38482 scontext=u:r:untrusted_app:s0:c512,c768 tcontext=u:r:kernel:s0 tclass=dir permissive=0
03-26 16:46:05.247 15650 15650 I auditd  : type=1400 audit(0.0:5207255): avc: denied { search } for comm="mmt_hSIRWorker" name="23" dev="proc" ino=38483 scontext=u:r:untrusted_app:s0:c512,c768 tcontext=u:r:kernel:s0 tclass=dir permissive=0
03-26 16:46:05.367  1409  3188 I chatty  : uid=1000(system) Binder:1409_D expire 7 lines
03-26 16:46:05.377  1409  3188 I am_proc_start: [0,8130,10117,com.tencent.mm:tools,content provider,com.tencent.mm/.lib.riskscanner.RiskScannerReqBufferProvider]
03-26 16:46:05.388  1409  3302 I am_proc_bound: [0,8130,com.tencent.mm:tools]
03-26 16:46:05.889  8130  8130 E ActivityThread: Failed to find provider info for com.tencent.mm.coolassist.debugprovider
03-26 16:46:06.357  8130  8130 I auditd  : type=1400 audit(0.0:5208628): avc: denied { read } for comm="parallels-0" name="u:object_r:qemu_hw_mainkeys_prop:s0" dev="tmpfs" ino=17681 scontext=u:r:untrusted_app:s0:c512,c768 tcontext=u:object_r:qemu_hw_mainkeys_prop:s0 tclass=file permissive=0
03-26 16:46:06.544  1409  2243 I chatty  : uid=1000(system) LazyTaskWriterT expire 2 lines
03-26 16:46:06.557  8130  8130 I auditd  : type=1400 audit(0.0:5208629): avc: denied { read } for comm="Binder:8130_1" name="version" dev="proc" ino=4026532153 scontext=u:r:untrusted_app:s0:c512,c768 tcontext=u:object_r:proc:s0 tclass=file permissive=0
03-26 16:46:06.557  8130  8130 I auditd  : type=1400 audit(0.0:5208630): avc: denied { read } for comm="Binder:8130_1" name="enforce" dev="selinuxfs" ino=4 scontext=u:r:untrusted_app:s0:c512,c768 tcontext=u:object_r:selinuxfs:s0 tclass=file permissive=0
03-26 16:46:06.557  8130  8130 I auditd  : type=1400 audit(0.0:5208631): avc: denied { getattr } for comm="Binder:8130_1" path="/system/bin/adbd" dev="dm-1" ino=649 scontext=u:r:untrusted_app:s0:c512,c768 tcontext=u:object_r:adbd_exec:s0 tclass=file permissive=0
03-26 16:46:06.557  8130  8130 I auditd  : type=1400 audit(0.0:5208632): avc: denied { getattr } for comm="Binder:8130_1" path="/system/bin/atrace" dev="dm-1" ino=658 scontext=u:r:untrusted_app:s0:c512,c768 tcontext=u:object_r:atrace_exec:s0 tclass=file permissive=0
03-26 16:46:06.557  8130  8130 I auditd  : type=1400 audit(0.0:5208633): avc: denied { getattr } for comm="Binder:8130_1" path="/system/bin/audioserver" dev="dm-1" ino=659 scontext=u:r:untrusted_app:s0:c512,c768 tcontext=u:object_r:audioserver_exec:s0 tclass=file permissive=0
03-26 16:46:06.557  8130  8130 I auditd  : type=1400 audit(0.0:5208634): avc: denied { getattr } for comm="Binder:8130_1" path="/system/bin/blkid" dev="dm-1" ino=663 scontext=u:r:untrusted_app:s0:c512,c768 tcontext=u:object_r:blkid_exec:s0 tclass=file permissive=0
03-26 16:46:06.557  8130  8130 I auditd  : type=1400 audit(0.0:5208635): avc: denied { getattr } for comm="Binder:8130_1" path="/system/bin/bootanimation" dev="dm-1" ino=666 scontext=u:r:untrusted_app:s0:c512,c768 tcontext=u:object_r:bootanim_exec:s0 tclass=file permissive=0
03-26 16:46:06.567  8130  8130 I auditd  : type=1400 audit(0.0:5208636): avc: denied { getattr } for comm="Binder:8130_1" path="/system/bin/bootstat" dev="dm-1" ino=667 scontext=u:r:untrusted_app:s0:c512,c768 tcontext=u:object_r:bootstat_exec:s0 tclass=file permissive=0
03-26 16:46:06.567  8130  8130 I auditd  : type=1400 audit(0.0:5208637): avc: denied { getattr } for comm="Binder:8130_1" path="/system/bin/bt_logger" dev="dm-1" ino=669 scontext=u:r:untrusted_app:s0:c512,c768 tcontext=u:object_r:bt_logger_exec:s0 tclass=file permissive=0
03-26 16:46:06.567  8130  8130 I auditd  : type=1400 audit(0.0:5208638): avc: denied { getattr } for comm="Binder:8130_1" path="/system/bin/cameraserver" dev="dm-1" ino=677 scontext=u:r:untrusted_app:s0:c512,c768 tcontext=u:object_r:cameraserver_exec:s0 tclass=file permissive=0
03-26 16:46:06.567  8130  8130 I auditd  : type=1400 audit(0.0:5208639): avc: denied { getattr } for comm="Binder:8130_1" path="/system/bin/clatd" dev="dm-1" ino=686 scontext=u:r:untrusted_app:s0:c512,c768 tcontext=u:object_r:clatd_exec:s0 tclass=file permissive=0
03-26 16:46:06.567  8130  8130 I auditd  : type=1400 audit(0.0:5208640): avc: denied { getattr } for comm="Binder:8130_1" path="/system/bin/coredump" dev="dm-1" ino=692 scontext=u:r:untrusted_app:s0:c512,c768 tcontext=u:object_r:coredump_exec:s0 tclass=file permissive=0
03-26 16:46:06.567  8130  8130 I auditd  : type=1400 audit(0.0:5208641): avc: denied { getattr } for comm="Binder:8130_1" path="/system/bin/dexoptanalyzer" dev="dm-1" ino=709 scontext=u:r:untrusted_app:s0:c512,c768 tcontext=u:object_r:dexoptanalyzer_exec:s0 tclass=file permissive=0
03-26 16:46:06.567  8130  8130 I auditd  : type=1400 audit(0.0:5208642): avc: denied { getattr } for comm="Binder:8130_1" path="/system/bin/dnsmasq" dev="dm-1" ino=714 scontext=u:r:untrusted_app:s0:c512,c768 tcontext=u:object_r:dnsmasq_exec:s0 tclass=file permissive=0
03-26 16:46:06.567  8130  8130 I auditd  : type=1400 audit(0.0:5208643): avc: denied { getattr } for comm="Binder:8130_1" path="/system/bin/dpmd" dev="dm-1" ino=717 scontext=u:r:untrusted_app:s0:c512,c768 tcontext=u:object_r:dpmd_exec:s0 tclass=file permissive=0
03-26 16:46:06.567  8130  8130 I auditd  : type=1400 audit(0.0:5208644): avc: denied { getattr } for comm="Binder:8130_1" path="/system/bin/drmserver" dev="dm-1" ino=718 scontext=u:r:untrusted_app:s0:c512,c768 tcontext=u:object_r:drmserver_exec:s0 tclass=file permissive=0
03-26 16:46:06.567  8130  8130 I auditd  : type=1400 audit(0.0:5208645): avc: denied { getattr } for comm="Binder:8130_1" path="/system/bin/dumpstate" dev="dm-1" ino=720 scontext=u:r:untrusted_app:s0:c512,c768 tcontext=u:object_r:dumpstate_exec:s0 tclass=file permissive=0
03-26 16:46:06.567  8130  8130 I auditd  : type=1400 audit(0.0:5208646): avc: denied { getattr } for comm="Binder:8130_1" path="/system/bin/dun-server" dev="dm-1" ino=722 scontext=u:r:untrusted_app:s0:c512,c768 tcontext=u:object_r:dun-server_exec:s0 tclass=file permissive=0
03-26 16:46:06.567  8130  8130 I auditd  : type=1400 audit(0.0:5208647): avc: denied { getattr } for comm="Binder:8130_1" path="/system/bin/e2fsck" dev="dm-1" ino=723 scontext=u:r:untrusted_app:s0:c512,c768 tcontext=u:object_r:fsck_exec:s0 tclass=file permissive=0
03-26 16:46:06.724  1409  1409 I notification_enqueue: [1000,1409,android,8,NULL,-1,Notification(channel=VIRTUAL_KEYBOARD pri=-2 contentView=null headsUpContentView=null bigContentView=null vibrate=null sound=null defaults=0x0 flags=0x2 color=0xff607d8b category=sys vis=PRIVATE),0]
03-26 16:46:06.729  1409  1409 I notification_enqueue: [1000,1409,android,8,NULL,-1,Notification(channel=VIRTUAL_KEYBOARD pri=-2 contentView=null headsUpContentView=null bigContentView=null vibrate=null sound=null defaults=0x0 flags=0x2 color=0xff607d8b category=sys vis=PRIVATE),1]
03-26 16:46:07.203  8130  8227 W FileUtils: Failed to chmod(/data/user/0/com.tencent.mobileqq/app_tbs): android.system.ErrnoException: chmod failed: EACCES (Permission denied)
03-26 16:46:07.203  8130  8227 W FileUtils: Failed to chmod(/data/user/0/com.tencent.mobileqq/app_tbs_common_share): android.system.ErrnoException: chmod failed: EACCES (Permission denied)
03-26 16:46:07.387  8130  8130 I auditd  : type=1400 audit(0.0:5211541): avc: denied { read } for comm="pool-1-thread-1" name="address" dev="sysfs" ino=75001 scontext=u:r:untrusted_app:s0:c512,c768 tcontext=u:object_r:sysfs:s0 tclass=file permissive=0
03-26 16:46:07.417  8130  8130 I auditd  : type=1400 audit(0.0:5211542): avc: denied { read } for comm="encent.mm:tools" name="u:object_r:net_dns_prop:s0" dev="tmpfs" ino=17723 scontext=u:r:untrusted_app:s0:c512,c768 tcontext=u:object_r:net_dns_prop:s0 tclass=file permissive=0
03-26 16:46:07.427  8130  8130 I auditd  : type=1400 audit(0.0:5211543): avc: denied { read } for comm="Chrome_IOThread" name="u:object_r:net_dns_prop:s0" dev="tmpfs" ino=17723 scontext=u:r:untrusted_app:s0:c512,c768 tcontext=u:object_r:net_dns_prop:s0 tclass=file permissive=0
03-26 16:46:07.437  8130  8130 I auditd  : type=1400 audit(0.0:5211544): avc: denied { read } for comm="Chrome_IOThread" name="u:object_r:net_dns_prop:s0" dev="tmpfs" ino=17723 scontext=u:r:untrusted_app:s0:c512,c768 tcontext=u:object_r:net_dns_prop:s0 tclass=file permissive=0
03-26 16:46:07.467  8130  8130 I auditd  : type=1400 audit(0.0:5211545): avc: denied { read } for comm="TP-IoBound-1" name="u:object_r:net_dns_prop:s0" dev="tmpfs" ino=17723 scontext=u:r:untrusted_app:s0:c512,c768 tcontext=u:object_r:net_dns_prop:s0 tclass=file permissive=0
03-26 16:46:07.477  8130  8130 I chatty  : uid=10117 com.tencent.mm:tools identical 1 line
03-26 16:46:07.477  8130  8130 I auditd  : type=1400 audit(0.0:5211547): avc: denied { read } for comm="TP-IoBound-1" name="u:object_r:net_dns_prop:s0" dev="tmpfs" ino=17723 scontext=u:r:untrusted_app:s0:c512,c768 tcontext=u:object_r:net_dns_prop:s0 tclass=file permissive=0
03-26 16:46:07.824   568   568 I auditd  : avc:  denied  { find } for interface=android.hardware.memtrack::IMemtrack pid=8130 scontext=u:r:untrusted_app:s0:c512,c768 tcontext=u:object_r:hal_memtrack_hwservice:s0 tclass=hwservice_manager permissive=0
03-26 16:46:08.195  1409  3305 I chatty  : uid=1000(system) Binder:1409_F expire 10 lines
03-26 16:46:08.267  8313  8313 I auditd  : type=1400 audit(0.0:5211548): avc: denied { create } for comm="main" name="cgroup.procs" scontext=u:r:zygote:s0 tcontext=u:object_r:cgroup:s0 tclass=file permissive=0
03-26 16:46:08.283  1409  3305 I am_proc_start: [0,8313,10117,com.tencent.mm:toolsmp,broadcast,com.tencent.mm/.booter.MMReceivers$ToolsMpProcessReceiver]
03-26 16:46:08.298  1409  3305 I am_proc_bound: [0,8313,com.tencent.mm:toolsmp]
03-26 16:46:09.086  8313  8313 E ActivityThread: Failed to find provider info for com.tencent.mm.coolassist.debugprovider
03-26 16:46:09.461  1409  2561 I sysui_count: [key_back_down,1]
03-26 16:46:09.461  1409  2561 I sysui_multi_action: [757,803,799,key_back_down,802,1]
03-26 16:46:09.477  1409  1409 I sysui_multi_action: [757,128,758,5,759,8,793,2755,794,0,795,2751,796,8,806,android,857,VIRTUAL_KEYBOARD,858,2,947,0]
03-26 16:46:09.477  1409  1409 I notification_canceled: [-1|android|8|null|1000,8,2755,2751,0,NULL]
03-26 16:46:09.877  8313  8313 I auditd  : type=1400 audit(0.0:5211549): avc: denied { read } for comm="parallels-0" name="u:object_r:qemu_hw_mainkeys_prop:s0" dev="tmpfs" ino=17681 scontext=u:r:untrusted_app:s0:c512,c768 tcontext=u:object_r:qemu_hw_mainkeys_prop:s0 tclass=file permissive=0
03-26 16:46:10.294   975   975 I wificond: Enters wifigbk_ageOutHistory
03-26 16:46:10.295   975   975 I wificond: Enters wifigbk_ageOutHistory
03-26 16:46:10.577  3763  3763 W ContextImpl: Calling a method in the system process without a qualified user: android.app.ContextImpl.startService:1480 android.content.ContextWrapper.startService:650 android.content.ContextWrapper.startService:650 com.meizu.dataservice.ExperienceReceiver.a:64 com.meizu.dataservice.ExperienceReceiver.onReceive:46 
03-26 16:46:10.684  1409  3305 I sysui_count: [key_back_down,1]
03-26 16:46:10.684  1409  3305 I sysui_multi_action: [757,803,799,key_back_down,802,1]
03-26 16:46:11.863 15650 15650 E SchedPolicy: set_timerslack_ns write failed: Operation not permitted
03-26 16:46:12.248 15650 15650 E SchedPolicy: set_timerslack_ns write failed: Operation not permitted
03-26 16:46:14.925  1409  1499 I am_pss  : [15650,10117,com.tencent.mm,388536320,237645824,139969536]
03-26 16:46:14.948  1409  1499 I am_pss  : [15743,10117,com.tencent.mm:push,28295168,14008320,12879872]
03-26 16:46:18.181  1409  1783 I chatty  : uid=1000(system) InputReader expire 11 lines
03-26 16:46:18.222  1409  7834 I sysui_count: [key_back_down,1]
03-26 16:46:18.223  1409  7834 I sysui_multi_action: [757,803,799,key_back_down,802,1]
03-26 16:46:19.538  1409  1783 I sysui_histogram: [power_consecutive_short_tap_count,1]
03-26 16:46:19.538  1409  1783 I sysui_multi_action: [757,804,799,power_consecutive_short_tap_count,801,1,802,1]
03-26 16:46:19.538  1409  1783 I sysui_histogram: [power_double_tap_interval,290581]
03-26 16:46:19.538  1409  1783 I sysui_multi_action: [757,804,799,power_double_tap_interval,801,290581,802,1]
03-26 16:46:19.639  1409  1783 I power_sleep_requested: 0
03-26 16:46:19.819  1409  1523 I am_pause_activity: [0,175585316,com.tencent.mm/.ui.LauncherUI]
03-26 16:46:19.857  1409  1409 I auditd  : type=1400 audit(0.0:5211550): avc: denied { open } for comm="TaskSnapshotPer" path="/data/data/com.meizu.customizecenter/font/flymeFont.ttf" dev="sda19" ino=811713 scontext=u:r:system_server:s0 tcontext=u:object_r:app_data_file:s0:c512,c768 tclass=file permissive=0
03-26 16:46:19.895 15650 15650 I am_on_paused_called: [0,com.tencent.mm.ui.LauncherUI,handlePauseActivity]
03-26 16:46:19.897  1409  1500 I am_stop_activity: [0,175585316,com.tencent.mm/.ui.LauncherUI]
03-26 16:46:19.899  1409  1500 I sysui_count: [window_time_0,16]
03-26 16:46:19.899  1409  1500 I sysui_multi_action: [757,803,799,window_time_0,802,16]
03-26 16:46:19.901  1409  1409 I sysui_multi_action: [757,198,758,2,759,2]
03-26 16:46:19.901  1409  1409 I power_screen_state: [0,2,0,0,0]
03-26 16:46:19.901  1409  1409 I screen_toggled: 0
03-26 16:46:19.901  1409  1409 I sysui_histogram: [screen_timeout,120]
03-26 16:46:19.902  1409  1409 I sysui_multi_action: [757,804,799,screen_timeout,801,120,802,1]
03-26 16:46:19.902  1409  1409 I power_screen_broadcast_send: 1
03-26 16:46:19.913 15650 15650 I am_on_stop_called: [0,com.tencent.mm.ui.LauncherUI,sleeping]
03-26 16:46:20.147  1409  2561 I am_uid_active: 10014
03-26 16:46:20.166  1409  1409 I sysui_histogram: [fingerprint_token,0]
03-26 16:46:20.167  1409  1409 I sysui_multi_action: [757,804,799,fingerprint_token,801,0,802,1]
03-26 16:46:20.168  2271  2271 I sysui_status_bar_state: [1,1,0,0,1,0]
03-26 16:46:20.389 17016  8438 W ContextImpl: Calling a method in the system process without a qualified user: android.app.ContextImpl.startService:1480 android.content.ContextWrapper.startService:650 filtratorsdk.adj.a:25 filtratorsdk.adq$1$2.run:84 <bottom of call stack> 
03-26 16:46:20.439  1409  3302 I netstats_mobile_sample: [237959180,254222,36405579,208411,235402942,199008,36136149,202578,235354040,198915,36128248,202508,-1]
03-26 16:46:20.439  1409  3302 I netstats_wifi_sample: [16132194509,13056900,1842281801,7101148,15946773080,8565005,1743717204,7070740,15934343786,8528237,1743031184,7069366,-1]
03-26 16:46:20.445  1409  1409 I power_screen_broadcast_done: [0,542,1]
03-26 16:46:20.531  1409  3305 I netstats_mobile_sample: [237959180,254222,36405579,208411,235402942,199008,36136149,202578,235354040,198915,36128248,202508,-1]
03-26 16:46:20.533  1409  3305 I netstats_wifi_sample: [16132194509,13056900,1842282340,7101151,15946773080,8565005,1743717701,7070743,15934343786,8528237,1743031681,7069369,-1]
03-26 16:46:20.720 15650 15650 E SchedPolicy: set_timerslack_ns write failed: Operation not permitted
03-26 16:46:31.127  1409  1499 I am_pss  : [3351,10021,com.meizu.flyme.launcher,139978752,101191680,34787328]
03-26 16:46:31.164  1409  1499 I am_pss  : [3104,10043,com.flyme.systemuitools,125345792,100253696,21646336]
03-26 16:46:53.132  1409  1499 I am_pss  : [7796,10163,com.example.yaoyifei.yaoyfapplication,55732224,51011584,77824]
03-26 16:46:53.159  1409  1499 I am_pss  : [3425,10052,com.meizu.mstore,26488832,22425600,80896]
03-26 16:46:53.188  1409  1499 I am_pss  : [8313,10117,com.tencent.mm:toolsmp,48861184,27107328,79872]
03-26 16:46:53.227  1409  1499 I am_pss  : [8130,10117,com.tencent.mm:tools,111055872,82391040,72704]
03-26 16:46:53.249  1409  1499 I am_pss  : [1608,10105,com.meizu.flyme.weather,19089408,15433728,92160]
03-26 16:46:53.273  1409  1499 I am_pss  : [3505,10038,com.meizu.net.search,58976256,57192448,111616]
03-26 16:46:53.274  1409  1499 I sync    : [com.ss.android.account.AccountProvider36,0,4,25212089]
03-26 16:46:53.277  1409  1499 I chatty  : uid=1000(system) android.bg expire 2 lines
03-26 16:47:02.997  1409  1409 I auditd  : type=1400 audit(0.0:5211551): avc: denied { write } for comm="PPSServer" name="logd" dev="tmpfs" ino=23764 scontext=u:r:system_server:s0 tcontext=u:object_r:logd_socket:s0 tclass=sock_file permissive=0
03-26 16:47:03.008  1409  1516 I [5000]  : [10163,7796,19]
03-26 16:47:03.023  1409  1500 I am_uid_idle: 10163
03-26 16:47:19.762  1409  1499 I am_pss  : [7275,10035,com.meizu.picker:messenger.ocr,80638976,78835712,115712]
03-26 16:47:20.280  1409  1500 I am_uid_idle: 10014
03-26 16:47:29.253  1409  1409 I power_screen_state: [1,0,0,0]
03-26 16:47:29.253  1409  1409 I screen_toggled: 1
03-26 16:47:29.253  1409  1409 I power_screen_broadcast_send: 1
03-26 16:47:29.307  2256  2256 I auditd  : type=1400 audit(0.0:5211552): avc: denied { read } for comm="FaceThread_Came" name="u:object_r:camera_prop:s0" dev="tmpfs" ino=17697 scontext=u:r:system_app:s0 tcontext=u:object_r:camera_prop:s0 tclass=file permissive=0
03-26 16:47:29.334  2256  2335 I sysui_histogram: [facemetadata_token,0]
03-26 16:47:29.334  2256  2335 I sysui_multi_action: [757,804,799,facemetadata_token,801,0,802,1]
03-26 16:47:29.386  1409  1409 I power_screen_broadcast_done: [1,133,1]
03-26 16:47:29.470  1409  1523 I sysui_multi_action: [757,198,758,1,759,0,793,245]
03-26 16:47:29.470  1409  1523 I power_screen_state: [1,0,0,0,245]
03-26 16:47:29.659  2256  8486 W ClientMonitor: handlePreviewFrame() called for authenticate!
03-26 16:47:29.957  2256  8486 I chatty  : uid=1000(system) com.meizu.facerecognition identical 3 lines
03-26 16:47:30.025  2256  8486 W ClientMonitor: handlePreviewFrame() called for authenticate!
03-26 16:47:30.090  2256  2335 W ClientMonitor: Forcing lockout, mode(1)
03-26 16:47:30.393  1409  3305 I chatty  : uid=1000(system) Binder:1409_F expire 1 line
03-26 16:47:30.528  2256  8486 W ClientMonitor: handlePreviewFrame() called for authenticate!
03-26 16:47:30.560 17016  8508 W ContextImpl: Calling a method in the system process without a qualified user: android.app.ContextImpl.startService:1480 android.content.ContextWrapper.startService:650 filtratorsdk.ail.a:118 filtratorsdk.ail.a:62 filtratorsdk.ail$1.run:69 
03-26 16:47:30.625  2256  8486 W ClientMonitor: handlePreviewFrame() called for authenticate!
03-26 16:47:30.728   968   968 I auditd  : avc:  denied  { add_auth } for pid=2256 uid=1000 scontext=u:r:system_app:s0 tcontext=u:r:keystore:s0 tclass=keystore_key permissive=0
03-26 16:47:30.737  1409  1409 I auditd  : type=1400 audit(0.0:5211553): avc: denied { open } for comm="android.anim" path="/data/data/com.meizu.customizecenter/font/flymeFont.ttf" dev="sda19" ino=811713 scontext=u:r:system_server:s0 tcontext=u:object_r:app_data_file:s0:c512,c768 tclass=file permissive=0
03-26 16:47:30.737  1409  1409 I chatty  : uid=1000 system_server identical 1 line
03-26 16:47:30.737  1409  1409 I auditd  : type=1400 audit(0.0:5211555): avc: denied { open } for comm="android.anim" path="/data/data/com.meizu.customizecenter/font/flymeFont.ttf" dev="sda19" ino=811713 scontext=u:r:system_server:s0 tcontext=u:object_r:app_data_file:s0:c512,c768 tclass=file permissive=0
03-26 16:47:30.737  2271  2271 I screen_toggled: 2
03-26 16:47:30.826  2271  2271 I sysui_status_bar_state: [0,0,0,0,1,0]
03-26 16:47:30.865  1409  2537 I chatty  : uid=1000(system) Binder:1409_9 expire 2 lines
03-26 16:47:30.875  1409  1501 I am_set_resumed_activity: [0,com.tencent.mm/.ui.LauncherUI,resumeTopActivityInnerLocked]
03-26 16:47:30.877  1409  1501 I am_resume_activity: [0,175585316,2965,com.tencent.mm/.ui.LauncherUI]
03-26 16:47:30.895 17016  8522 W ContextImpl: Calling a method in the system process without a qualified user: android.app.ContextImpl.startService:1480 android.content.ContextWrapper.startService:650 android.content.ContextWrapper.startService:650 filtratorsdk.adj.a:25 com.meizu.networkmanager.boradcast.TrafficGlobalReceiver$2.run:277 
03-26 16:47:30.919 15650 15650 I am_on_resume_called: [0,com.tencent.mm.ui.LauncherUI,RESUME_ACTIVITY]
03-26 16:47:30.929 15650 15650 E SchedPolicy: set_timerslack_ns write failed: Operation not permitted
03-26 16:47:30.937  1409  2537 I netstats_mobile_sample: [237959180,254222,36405579,208411,235402942,199008,36136149,202578,235354040,198915,36128248,202508,-1]
03-26 16:47:30.938  1409  2537 I netstats_wifi_sample: [16132217718,13057106,1842311752,7101258,15946793815,8565136,1743745629,7070846,15934354241,8528338,1743059609,7069472,-1]
03-26 16:47:31.006  1409  2537 I netstats_mobile_sample: [237959180,254222,36405579,208411,235402942,199008,36136149,202578,235354040,198915,36128248,202508,-1]
03-26 16:47:31.007  1409  2537 I netstats_wifi_sample: [16132217718,13057106,1842311752,7101258,15946793815,8565136,1743745629,7070846,15934354241,8528338,1743059609,7069472,-1]
03-26 16:47:31.955  3763  3763 W ContextImpl: Calling a method in the system process without a qualified user: android.app.ContextImpl.startService:1480 android.content.ContextWrapper.startService:650 android.content.ContextWrapper.startService:650 com.meizu.dataservice.ExperienceReceiver.a:64 com.meizu.dataservice.ExperienceReceiver.onReceive:46 
03-26 16:47:33.175   975   975 I wificond: Enters wifigbk_ageOutHistory
03-26 16:47:33.178   975   975 I wificond: Enters wifigbk_ageOutHistory
03-26 16:47:33.194  3763  3763 W ContextImpl: Calling a method in the system process without a qualified user: android.app.ContextImpl.startService:1480 android.content.ContextWrapper.startService:650 android.content.ContextWrapper.startService:650 com.meizu.dataservice.ExperienceReceiver.a:64 com.meizu.dataservice.ExperienceReceiver.onReceive:46 
03-26 16:47:34.894  1409  7834 I wm_task_moved: [2974,1,3]
03-26 16:47:34.917  1409  1409 I auditd  : type=1400 audit(0.0:5211556): avc: denied { open } for comm="android.anim" path="/data/data/com.meizu.customizecenter/font/flymeFont.ttf" dev="sda19" ino=811713 scontext=u:r:system_server:s0 tcontext=u:object_r:app_data_file:s0:c512,c768 tclass=file permissive=0
03-26 16:47:34.917  1409  1409 I chatty  : uid=1000 system_server identical 1 line
03-26 16:47:34.917  1409  1409 I auditd  : type=1400 audit(0.0:5211558): avc: denied { open } for comm="android.anim" path="/data/data/com.meizu.customizecenter/font/flymeFont.ttf" dev="sda19" ino=811713 scontext=u:r:system_server:s0 tcontext=u:object_r:app_data_file:s0:c512,c768 tclass=file permissive=0
03-26 16:47:34.917  1409  7834 I am_pause_activity: [0,175585316,com.tencent.mm/.ui.LauncherUI]
03-26 16:47:34.919  1409  7834 I am_task_to_front: [0,2974]
03-26 16:47:34.967  1409  1409 I auditd  : type=1400 audit(0.0:5211559): avc: denied { open } for comm="TaskSnapshotPer" path="/data/data/com.meizu.customizecenter/font/flymeFont.ttf" dev="sda19" ino=811713 scontext=u:r:system_server:s0 tcontext=u:object_r:app_data_file:s0:c512,c768 tclass=file permissive=0
03-26 16:47:34.969 15650 15650 I am_on_paused_called: [0,com.tencent.mm.ui.LauncherUI,handlePauseActivity]
03-26 16:47:34.974  1409  3379 I am_set_resumed_activity: [0,com.example.yaoyifei.yaoyfapplication/.View.Activity.HomeActivity,resumeTopActivityInnerLocked]
03-26 16:47:34.987  1409  1409 I auditd  : type=1400 audit(0.0:5211560): avc: denied { write } for comm="PPSServer" name="logd" dev="tmpfs" ino=23764 scontext=u:r:system_server:s0 tcontext=u:object_r:logd_socket:s0 tclass=sock_file permissive=0
03-26 16:47:34.987  1409  3379 I am_uid_active: 10163
03-26 16:47:34.990  1409  3379 I am_resume_activity: [0,188936635,2974,com.example.yaoyifei.yaoyfapplication/.View.Activity.HomeActivity]
03-26 16:47:34.999  1409  1516 I [5000]  : [10163,7796,18]
03-26 16:47:35.001  1409  1500 I sysui_count: [window_time_0,75]
03-26 16:47:35.001  1409  1500 I sysui_multi_action: [757,803,799,window_time_0,802,75]
03-26 16:47:35.064  7796  7796 I am_on_resume_called: [0,com.example.yaoyifei.yaoyfapplication.View.Activity.HomeActivity,RESUME_ACTIVITY]
03-26 16:47:35.336  1409  1500 I am_stop_activity: [0,175585316,com.tencent.mm/.ui.LauncherUI]
03-26 16:47:35.361 15650 15650 I am_on_stop_called: [0,com.tencent.mm.ui.LauncherUI,handleStopActivity]
03-26 16:47:35.821 15650 15650 E SchedPolicy: set_timerslack_ns write failed: Operation not permitted
03-26 16:47:36.419  1409  1783 I chatty  : uid=1000(system) InputReader expire 26 lines
03-26 16:47:37.384  1409  1769 I chatty  : uid=1000(system) android.anim expire 2 lines
03-26 16:47:39.369  1409  3302 I chatty  : uid=1000(system) Binder:1409_E expire 1 line
03-26 16:47:43.887  9631  9631 I auditd  : type=1400 audit(0.0:5211561): avc: denied { search } for comm="izu.flyme.input" name="721" dev="proc" ino=21540515 scontext=u:r:priv_app:s0:c512,c768 tcontext=u:r:surfaceflinger:s0 tclass=dir permissive=0
03-26 16:47:43.894  1409  1409 I notification_enqueue: [1000,1409,android,8,NULL,-1,Notification(channel=VIRTUAL_KEYBOARD pri=-2 contentView=null headsUpContentView=null bigContentView=null vibrate=null sound=null defaults=0x0 flags=0x2 color=0xff607d8b category=sys vis=PRIVATE),0]
03-26 16:47:43.917  1409  1409 I notification_enqueue: [1000,1409,android,8,NULL,-1,Notification(channel=VIRTUAL_KEYBOARD pri=-2 contentView=null headsUpContentView=null bigContentView=null vibrate=null sound=null defaults=0x0 flags=0x2 color=0xff607d8b category=sys vis=PRIVATE),1]
03-26 16:47:44.525  1409  3379 I chatty  : uid=1000(system) Binder:1409_12 expire 1 line
03-26 16:47:45.161  1409  2561 I chatty  : uid=1000(system) Binder:1409_A expire 14 lines
03-26 16:47:45.217  1409  1783 I chatty  : uid=1000(system) InputReader expire 37 lines
03-26 16:47:45.297  1409  2537 I chatty  : uid=1000(system) Binder:1409_9 expire 11 lines
03-26 16:47:46.537  1409  2537 I sysui_count: [key_back_down,1]
03-26 16:47:46.537  1409  2537 I sysui_multi_action: [757,803,799,key_back_down,802,1]
03-26 16:47:46.547  1409  1409 I sysui_multi_action: [757,128,758,5,759,8,793,2656,794,0,795,2653,796,8,806,android,857,VIRTUAL_KEYBOARD,858,2,947,0]
03-26 16:47:46.548  1409  1409 I notification_canceled: [-1|android|8|null|1000,8,2656,2653,0,NULL]
03-26 16:47:46.608  1409  1499 I am_pss  : [7796,10163,com.example.yaoyifei.yaoyfapplication,82555904,73265152,6520832]
03-26 16:47:50.581  1409  1769 I chatty  : uid=1000(system) android.anim expire 4 lines
03-26 16:47:52.208  1409  2342 I chatty  : uid=1000(system) Binder:1409_5 expire 14 lines
03-26 16:47:52.513  1409  1409 I chatty  : uid=1000 system_server expire 8 lines
03-26 16:47:58.938  1409  1499 I am_pss  : [15650,10117,com.tencent.mm,342070272,193998848,135863296]
03-26 16:47:58.958  1409  1499 I am_pss  : [15743,10117,com.tencent.mm:push,28953600,14610432,12835840]
03-26 16:48:31.098  1409  2537 I netstats_mobile_sample: [237959180,254222,36405579,208411,235402942,199008,36136149,202578,235354040,198915,36128248,202508,-1]
03-26 16:48:31.101  1409  2537 I netstats_wifi_sample: [16132234621,13057255,1842315519,7101285,15946808004,8565199,1743748962,7070871,15934357692,8528372,1743062942,7069497,-1]
03-26 16:48:31.201  1409  2561 I netstats_mobile_sample: [237959180,254222,36405579,208411,235402942,199008,36136149,202578,235354040,198915,36128248,202508,-1]
03-26 16:48:31.203  1409  2561 I netstats_wifi_sample: [16132234621,13057255,1842315519,7101285,15946808004,8565199,1743748962,7070871,15934357692,8528372,1743062942,7069497,-1]
03-26 16:49:00.047  1409  1499 I am_pss  : [1608,10105,com.meizu.flyme.weather,18883584,15089664,92160]
03-26 16:49:00.076  1409  1499 I am_pss  : [3505,10038,com.meizu.net.search,20075520,18296832,111616]
03-26 16:49:00.102  1409  1499 I am_pss  : [3425,10052,com.meizu.mstore,26539008,22482944,80896]
03-26 16:49:31.364  1409  2561 I netstats_mobile_sample: [237959180,254222,36405579,208411,235402942,199008,36136149,202578,235354040,198915,36128248,202508,-1]
03-26 16:49:31.367  1409  2561 I netstats_wifi_sample: [16132250377,13057387,1842315765,7101290,15946821136,8565248,1743749082,7070874,15934360698,8528393,1743063062,7069500,-1]
03-26 16:49:31.459  1409  2342 I netstats_mobile_sample: [237959180,254222,36405579,208411,235402942,199008,36136149,202578,235354040,198915,36128248,202508,-1]
03-26 16:49:31.461  1409  2342 I netstats_wifi_sample: [16132250377,13057387,1842315765,7101290,15946821136,8565248,1743749082,7070874,15934360698,8528393,1743063062,7069500,-1]
03-26 16:49:35.917 15650 15650 I auditd  : type=1400 audit(0.0:5211562): avc: denied { search } for comm="PowerTest" name="1" dev="proc" ino=21540169 scontext=u:r:untrusted_app:s0:c512,c768 tcontext=u:r:init:s0 tclass=dir permissive=0
03-26 16:49:35.917 15650 15650 I auditd  : type=1400 audit(0.0:5211563): avc: denied { search } for comm="PowerTest" name="2" dev="proc" ino=21540170 scontext=u:r:untrusted_app:s0:c512,c768 tcontext=u:r:kernel:s0 tclass=dir permissive=0
03-26 16:49:35.917 15650 15650 I auditd  : type=1400 audit(0.0:5211564): avc: denied { search } for comm="PowerTest" name="3" dev="proc" ino=21540171 scontext=u:r:untrusted_app:s0:c512,c768 tcontext=u:r:kernel:s0 tclass=dir permissive=0
03-26 16:49:35.917 15650 15650 I auditd  : type=1400 audit(0.0:5211565): avc: denied { search } for comm="PowerTest" name="6" dev="proc" ino=21540172 scontext=u:r:untrusted_app:s0:c512,c768 tcontext=u:r:kernel:s0 tclass=dir permissive=0
03-26 16:49:35.917 15650 15650 I auditd  : type=1400 audit(0.0:5211566): avc: denied { search } for comm="PowerTest" name="7" dev="proc" ino=21540173 scontext=u:r:untrusted_app:s0:c512,c768 tcontext=u:r:kernel:s0 tclass=dir permissive=0
03-26 16:49:35.917 15650 15650 I auditd  : type=1400 audit(0.0:5211567): avc: denied { search } for comm="PowerTest" name="8" dev="proc" ino=21540174 scontext=u:r:untrusted_app:s0:c512,c768 tcontext=u:r:kernel:s0 tclass=dir permissive=0
03-26 16:49:35.917 15650 15650 I auditd  : type=1400 audit(0.0:5211568): avc: denied { search } for comm="PowerTest" name="9" dev="proc" ino=38469 scontext=u:r:untrusted_app:s0:c512,c768 tcontext=u:r:kernel:s0 tclass=dir permissive=0
03-26 16:49:35.917 15650 15650 I auditd  : type=1400 audit(0.0:5211569): avc: denied { search } for comm="PowerTest" name="10" dev="proc" ino=38470 scontext=u:r:untrusted_app:s0:c512,c768 tcontext=u:r:kernel:s0 tclass=dir permissive=0
03-26 16:49:35.917 15650 15650 I auditd  : type=1400 audit(0.0:5211570): avc: denied { search } for comm="PowerTest" name="11" dev="proc" ino=38471 scontext=u:r:untrusted_app:s0:c512,c768 tcontext=u:r:kernel:s0 tclass=dir permissive=0
03-26 16:49:35.917 15650 15650 I auditd  : type=1400 audit(0.0:5211571): avc: denied { search } for comm="PowerTest" name="12" dev="proc" ino=38472 scontext=u:r:untrusted_app:s0:c512,c768 tcontext=u:r:kernel:s0 tclass=dir permissive=0
03-26 16:49:35.917 15650 15650 I auditd  : type=1400 audit(0.0:5211572): avc: denied { search } for comm="PowerTest" name="13" dev="proc" ino=38473 scontext=u:r:untrusted_app:s0:c512,c768 tcontext=u:r:kernel:s0 tclass=dir permissive=0
03-26 16:49:35.917 15650 15650 I auditd  : type=1400 audit(0.0:5211573): avc: denied { search } for comm="PowerTest" name="14" dev="proc" ino=38474 scontext=u:r:untrusted_app:s0:c512,c768 tcontext=u:r:kernel:s0 tclass=dir permissive=0
03-26 16:49:35.917 15650 15650 I auditd  : type=1400 audit(0.0:5211574): avc: denied { search } for comm="PowerTest" name="15" dev="proc" ino=38475 scontext=u:r:untrusted_app:s0:c512,c768 tcontext=u:r:kernel:s0 tclass=dir permissive=0
03-26 16:49:35.917 15650 15650 I auditd  : type=1400 audit(0.0:5211575): avc: denied { search } for comm="PowerTest" name="16" dev="proc" ino=38476 scontext=u:r:untrusted_app:s0:c512,c768 tcontext=u:r:kernel:s0 tclass=dir permissive=0
03-26 16:49:35.917 15650 15650 I auditd  : type=1400 audit(0.0:5211576): avc: denied { search } for comm="PowerTest" name="17" dev="proc" ino=38477 scontext=u:r:untrusted_app:s0:c512,c768 tcontext=u:r:kernel:s0 tclass=dir permissive=0
03-26 16:49:35.917 15650 15650 I auditd  : type=1400 audit(0.0:5211577): avc: denied { search } for comm="PowerTest" name="18" dev="proc" ino=38478 scontext=u:r:untrusted_app:s0:c512,c768 tcontext=u:r:kernel:s0 tclass=dir permissive=0
03-26 16:49:35.917 15650 15650 I auditd  : type=1400 audit(0.0:5211578): avc: denied { search } for comm="PowerTest" name="20" dev="proc" ino=38480 scontext=u:r:untrusted_app:s0:c512,c768 tcontext=u:r:kernel:s0 tclass=dir permissive=0
03-26 16:49:35.917 15650 15650 I auditd  : type=1400 audit(0.0:5211579): avc: denied { search } for comm="PowerTest" name="21" dev="proc" ino=38481 scontext=u:r:untrusted_app:s0:c512,c768 tcontext=u:r:kernel:s0 tclass=dir permissive=0
03-26 16:49:35.917 15650 15650 I auditd  : type=1400 audit(0.0:5211580): avc: denied { search } for comm="PowerTest" name="22" dev="proc" ino=38482 scontext=u:r:untrusted_app:s0:c512,c768 tcontext=u:r:kernel:s0 tclass=dir permissive=0
03-26 16:49:35.917 15650 15650 I auditd  : type=1400 audit(0.0:5211581): avc: denied { search } for comm="PowerTest" name="23" dev="proc" ino=38483 scontext=u:r:untrusted_app:s0:c512,c768 tcontext=u:r:kernel:s0 tclass=dir permissive=0
03-26 16:49:35.917 15650 15650 I auditd  : type=1400 audit(0.0:5211582): avc: denied { search } for comm="PowerTest" name="24" dev="proc" ino=38484 scontext=u:r:untrusted_app:s0:c512,c768 tcontext=u:r:kernel:s0 tclass=dir permissive=0
03-26 16:49:35.917 15650 15650 I auditd  : type=1400 audit(0.0:5211583): avc: denied { search } for comm="PowerTest" name="25" dev="proc" ino=38485 scontext=u:r:untrusted_app:s0:c512,c768 tcontext=u:r:kernel:s0 tclass=dir permissive=0
03-26 16:49:35.917 15650 15650 I auditd  : type=1400 audit(0.0:5211584): avc: denied { search } for comm="PowerTest" name="26" dev="proc" ino=38486 scontext=u:r:untrusted_app:s0:c512,c768 tcontext=u:r:kernel:s0 tclass=dir permissive=0
03-26 16:49:35.917 15650 15650 I auditd  : type=1400 audit(0.0:5211585): avc: denied { search } for comm="PowerTest" name="29" dev="proc" ino=38489 scontext=u:r:untrusted_app:s0:c512,c768 tcontext=u:r:kernel:s0 tclass=dir permissive=0
03-26 16:49:35.917 15650 15650 I auditd  : type=1400 audit(0.0:5211586): avc: denied { search } for comm="PowerTest" name="30" dev="proc" ino=38490 scontext=u:r:untrusted_app:s0:c512,c768 tcontext=u:r:kernel:s0 tclass=dir permissive=0
03-26 16:49:35.917 15650 15650 I auditd  : type=1400 audit(0.0:5211587): avc: denied { search } for comm="PowerTest" name="31" dev="proc" ino=38491 scontext=u:r:untrusted_app:s0:c512,c768 tcontext=u:r:kernel:s0 tclass=dir permissive=0
03-26 16:49:35.917 15650 15650 I auditd  : type=1400 audit(0.0:5211588): avc: denied { search } for comm="PowerTest" name="32" dev="proc" ino=38492 scontext=u:r:untrusted_app:s0:c512,c768 tcontext=u:r:kernel:s0 tclass=dir permissive=0
03-26 16:49:35.917 15650 15650 I auditd  : type=1400 audit(0.0:5211589): avc: denied { search } for comm="PowerTest" name="33" dev="proc" ino=38493 scontext=u:r:untrusted_app:s0:c512,c768 tcontext=u:r:kernel:s0 tclass=dir permissive=0
03-26 16:49:35.917 15650 15650 I auditd  : type=1400 audit(0.0:5211590): avc: denied { search } for comm="PowerTest" name="34" dev="proc" ino=38494 scontext=u:r:untrusted_app:s0:c512,c768 tcontext=u:r:kernel:s0 tclass=dir permissive=0
03-26 16:49:35.917 15650 15650 I auditd  : type=1400 audit(0.0:5211591): avc: denied { search } for comm="PowerTest" name="37" dev="proc" ino=38497 scontext=u:r:untrusted_app:s0:c512,c768 tcontext=u:r:kernel:s0 tclass=dir permissive=0
03-26 16:49:35.917 15650 15650 I auditd  : type=1400 audit(0.0:5211592): avc: denied { search } for comm="PowerTest" name="38" dev="proc" ino=38498 scontext=u:r:untrusted_app:s0:c512,c768 tcontext=u:r:kernel:s0 tclass=dir permissive=0
03-26 16:49:35.917 15650 15650 I auditd  : type=1400 audit(0.0:5211593): avc: denied { search } for comm="PowerTest" name="39" dev="proc" ino=38499 scontext=u:r:untrusted_app:s0:c512,c768 tcontext=u:r:kernel:s0 tclass=dir permissive=0
03-26 16:49:35.917 15650 15650 I auditd  : type=1400 audit(0.0:5211594): avc: denied { search } for comm="PowerTest" name="40" dev="proc" ino=38500 scontext=u:r:untrusted_app:s0:c512,c768 tcontext=u:r:kernel:s0 tclass=dir permissive=0
03-26 16:49:35.917 15650 15650 I auditd  : type=1400 audit(0.0:5211595): avc: denied { search } for comm="PowerTest" name="41" dev="proc" ino=38501 scontext=u:r:untrusted_app:s0:c512,c768 tcontext=u:r:kernel:s0 tclass=dir permissive=0
03-26 16:49:35.917 15650 15650 I auditd  : type=1400 audit(0.0:5211596): avc: denied { search } for comm="PowerTest" name="42" dev="proc" ino=38502 scontext=u:r:untrusted_app:s0:c512,c768 tcontext=u:r:kernel:s0 tclass=dir permissive=0
03-26 16:49:35.917 15650 15650 I auditd  : type=1400 audit(0.0:5211597): avc: denied { search } for comm="PowerTest" name="44" dev="proc" ino=38504 scontext=u:r:untrusted_app:s0:c512,c768 tcontext=u:r:kernel:s0 tclass=dir permissive=0
03-26 16:49:35.917 15650 15650 I auditd  : type=1400 audit(0.0:5211598): avc: denied { search } for comm="PowerTest" name="45" dev="proc" ino=38505 scontext=u:r:untrusted_app:s0:c512,c768 tcontext=u:r:kernel:s0 tclass=dir permissive=0
03-26 16:49:35.917 15650 15650 I auditd  : type=1400 audit(0.0:5211599): avc: denied { search } for comm="PowerTest" name="46" dev="proc" ino=38506 scontext=u:r:untrusted_app:s0:c512,c768 tcontext=u:r:kernel:s0 tclass=dir permissive=0
03-26 16:49:35.917 15650 15650 I auditd  : type=1400 audit(0.0:5211600): avc: denied { search } for comm="PowerTest" name="47" dev="proc" ino=38507 scontext=u:r:untrusted_app:s0:c512,c768 tcontext=u:r:kernel:s0 tclass=dir permissive=0
03-26 16:49:51.364  1409  1783 I sysui_histogram: [power_consecutive_short_tap_count,1]
03-26 16:49:51.364  1409  1783 I sysui_multi_action: [757,804,799,power_consecutive_short_tap_count,801,1,802,1]
03-26 16:49:51.364  1409  1783 I sysui_histogram: [power_double_tap_interval,211824]
03-26 16:49:51.364  1409  1783 I sysui_multi_action: [757,804,799,power_double_tap_interval,801,211824,802,1]
03-26 16:49:51.461  1409  1783 I power_sleep_requested: 0
03-26 16:49:51.624  1409  1523 I chatty  : uid=1000(system) PowerManagerSer expire 6 lines
03-26 16:49:51.624  1409  2242 I chatty  : uid=1000(system) PhotonicModulat expire 5 lines
03-26 16:49:51.655  1409  1523 I am_pause_activity: [0,188936635,com.example.yaoyifei.yaoyfapplication/.View.Activity.HomeActivity]
03-26 16:49:51.664  7796  7796 I am_on_paused_called: [0,com.example.yaoyifei.yaoyfapplication.View.Activity.HomeActivity,handlePauseActivity]
03-26 16:49:51.670  1409  1520 I chatty  : uid=1000(system) android.display expire 3 lines
03-26 16:49:51.680  1409  1500 I am_stop_activity: [0,188936635,com.example.yaoyifei.yaoyfapplication/.View.Activity.HomeActivity]
03-26 16:49:51.682  1409  1500 I sysui_count: [window_time_0,137]
03-26 16:49:51.683  1409  1500 I sysui_multi_action: [757,803,799,window_time_0,802,137]
03-26 16:49:51.695  7796  7796 I am_on_stop_called: [0,com.example.yaoyifei.yaoyfapplication.View.Activity.HomeActivity,sleeping]
03-26 16:49:51.707  1409  1409 I auditd  : type=1400 audit(0.0:5212276): avc: denied { open } for comm="TaskSnapshotPer" path="/data/data/com.meizu.customizecenter/font/flymeFont.ttf" dev="sda19" ino=811713 scontext=u:r:system_server:s0 tcontext=u:object_r:app_data_file:s0:c512,c768 tclass=file permissive=0
03-26 16:49:51.714  1409  2240 I chatty  : uid=1000(system) TaskSnapshotPer expire 1 line
03-26 16:49:51.734  1409  1409 I sysui_multi_action: [757,198,758,2,759,2]
03-26 16:49:51.734  1409  1409 I power_screen_state: [0,2,0,0,0]
03-26 16:49:51.734  1409  1409 I screen_toggled: 0
03-26 16:49:51.734  1409  1409 I sysui_histogram: [screen_timeout,120]
03-26 16:49:51.734  1409  1409 I sysui_multi_action: [757,804,799,screen_timeout,801,120,802,1]
03-26 16:49:51.738  1409  1409 I power_screen_broadcast_send: 1
03-26 16:49:51.875  1409  2537 I am_uid_active: 10014
03-26 16:49:51.897  1409  1409 I sysui_histogram: [fingerprint_token,0]
03-26 16:49:51.897  1409  1409 I sysui_multi_action: [757,804,799,fingerprint_token,801,0,802,1]
03-26 16:49:51.899  2271  2271 I sysui_status_bar_state: [1,1,0,0,1,0]
03-26 16:49:52.321  1409  1499 I am_meminfo: [1841807360,251043840,278372352,509321216,412474368]
03-26 16:49:52.351  1409  1499 I am_pss  : [9631,10031,com.meizu.flyme.input,73866240,62644224,7218176]
03-26 16:49:52.386  1409  1499 I am_pss  : [4061,1000,com.meizu.assistant,155920384,130904064,23550976]
03-26 16:49:52.404  1409  1499 I am_pss  : [2737,1001,com.qualcomm.qcrilmsgtunnel,4104192,2588672,1369088]
03-26 16:49:52.425  1409  1499 I am_pss  : [25168,10067,com.meizu.mzsyncservice,9089024,4136960,4319232]
03-26 16:49:52.447  1409  1499 I am_pss  : [3763,1000,com.meizu.dataservice,22758400,13946880,7267328]
03-26 16:49:52.473  1409  1499 I am_pss  : [21144,10117,com.tencent.mm:appbrand1,36743168,11251712,24919040]
03-26 16:49:52.499  1409  1499 I am_pss  : [3151,1000,com.meizu.pps,30876672,20226048,8153088]
03-26 16:49:52.529  1409  1499 I am_pss  : [20994,10117,com.tencent.mm:appbrand0,60193792,5804032,53571584]
03-26 16:49:52.547  1409  1499 I am_pss  : [5414,1338,com.meizu.privacy,4310016,929792,3168256]
03-26 16:49:52.575  1409  1499 I am_pss  : [1486,10027,com.android.mms,34413568,30101504,88064]
03-26 16:49:52.596  1409  1499 I am_pss  : [30802,1000,com.android.settings,29117440,17387520,11031552]
03-26 16:49:52.614  1409  1499 I am_pss  : [9345,1000,com.qti.service.colorservice,2998272,1179648,1666048]
03-26 16:49:52.636  1409  1499 I am_pss  : [5519,10096,com.meizu.net.pedometer,7298048,4571136,1899520]
03-26 16:49:52.655  1409  1499 I am_pss  : [6648,10062,com.meizu.filemanager,6656000,5296128,122880]
03-26 16:49:52.676  1409  1499 I am_pss  : [23580,10015,android.process.media,8285184,6176768,1045504]
03-26 16:49:52.696  1409  1499 I am_pss  : [9226,1000,com.meizu.flyme.sdkstage,6013952,2932736,2555904]
03-26 16:49:52.721  1409  1499 I am_pss  : [32418,10118,com.tencent.mobileqq:MSF,25541632,15556608,9047040]
03-26 16:49:52.743  1409  1499 I am_pss  : [7237,10005,android.process.acore,17159168,14704640,83968]
03-26 16:49:52.765  1409  1499 I am_pss  : [2718,10117,com.tencent.mm:sandbox,22692864,1003520,21409792]
03-26 16:49:52.785  1409  1499 I am_pss  : [6796,10063,com.meizu.account,6579200,5148672,138240]
03-26 16:49:52.806  1409  1499 I am_pss  : [3467,10064,com.meizu.cloud,15544320,10113024,4290560]
03-26 16:49:52.826  1409  1499 I am_pss  : [912,10064,com.meizu.cloud:mz_tracker,8251392,6250496,104448]
03-26 16:49:52.848  1409  1499 I am_pss  : [3347,10029,com.meizu.media.music,20600832,15843328,98304]
03-26 16:49:52.876  1409  1499 I am_pss  : [6009,10023,com.meizu.media.gallery,66400256,63569920,92160]
03-26 16:49:52.907  1409  1499 I am_pss  : [2764,10043,com.android.systemui:recents,273717248,153927680,116062208]
03-26 16:49:52.927  1409  1499 I am_pss  : [7325,10068,com.meizu.share,4729856,2396160,2170880]
03-26 16:49:52.945  1409  1499 I am_pss  : [2836,10066,com.meizu.flyme.service.find,5617664,3166208,2202624]
03-26 16:49:52.973  1409  1499 I am_pss  : [19040,10048,com.android.alarmclock,48956416,24842240,22877184]
03-26 16:49:52.995  1409  1499 I am_pss  : [25191,10025,com.meizu.location,9575424,5390336,3619840]
03-26 16:49:53.017  1409  1499 I am_pss  : [24309,1000,com.meizu.flyme.sdkstage:remote,28581888,21897216,6239232]
03-26 16:49:53.035  1409  1499 I am_pss  : [5614,1000,org.simalliance.openmobileapi.service:remote,3394560,299008,3006464]
03-26 16:49:53.051  1409  1499 I am_pss  : [5576,1000,com.qualcomm.qti.smcinvokepkgmgr,2704384,303104,2347008]
03-26 16:49:53.067  1409  1499 I am_pss  : [4800,1001,com.meizu.telephonyengineermode,2796544,352256,2387968]
03-26 16:49:53.086  1409  1499 I am_pss  : [4637,10064,com.meizu.cloud:mzservice_v1,8753152,5632000,2375680]
03-26 16:49:53.103  1409  1499 I am_pss  : [3732,10073,com.android.smspush,3177472,344064,2786304]
03-26 16:49:53.122  1409  1499 I am_pss  : [3257,1000,com.meizu.experiencedatasync,8235008,4337664,3200000]
03-26 16:49:53.139  1409  1499 I am_pss  : [3244,1000,com.qualcomm.qti.services.secureui:sui_service,5588992,655360,4849664]
03-26 16:49:53.156  1409  1499 I am_pss  : [3224,1000,com.qualcomm.qti.sva,8992768,327680,8594432]
03-26 16:49:53.183  1409  1499 I am_pss  : [3213,1000,com.meizu.alphame,42630144,27910144,11668480]
03-26 16:49:53.208  1409  1499 I am_pss  : [3202,10005,com.android.incallui,56821760,35426304,18263040]
03-26 16:49:53.229  1409  1499 I am_pss  : [2544,1001,com.flyme.telecom.usagedata.service,10680320,6320128,3358720]
03-26 16:49:53.260  1409  1499 I am_pss  : [2523,1001,com.android.phone,43483136,30588928,10863616]
03-26 16:49:53.277  1409  1499 I am_pss  : [2504,1000,org.ifaa.android.service,5300224,307200,4944896]
03-26 16:49:53.294  1409  1499 I am_pss  : [2494,1001,com.qualcomm.qti.telephonyservice,6192128,1282048,4767744]
03-26 16:49:53.313  1409  1499 I am_pss  : [2480,1000,.dataservices,7740416,3895296,3623936]
03-26 16:49:53.344  1409  1499 I am_pss  : [2256,1000,com.meizu.facerecognition,112510976,86745088,24914944]
03-26 16:49:53.399  1409  1499 I am_pss  : [1409,1000,system,224109568,158965760,23494656]
03-26 16:49:53.524 17016  8668 W ContextImpl: Calling a method in the system process without a qualified user: android.app.ContextImpl.startService:1480 android.content.ContextWrapper.startService:650 filtratorsdk.adj.a:25 filtratorsdk.adq$1$2.run:84 <bottom of call stack> 
03-26 16:49:53.541  1409  2537 I netstats_mobile_sample: [237959180,254222,36405579,208411,235402942,199008,36136149,202578,235354040,198915,36128248,202508,-1]
03-26 16:49:53.542  1409  2537 I netstats_wifi_sample: [16132251961,13057425,1842315765,7101290,15946821686,8565253,1743749082,7070874,15934361082,8528396,1743063062,7069500,-1]
03-26 16:49:53.585  1409  1409 I power_screen_broadcast_done: [0,1848,1]
03-26 16:49:53.639  1409  3302 I netstats_mobile_sample: [237959180,254222,36405579,208411,235402942,199008,36136149,202578,235354040,198915,36128248,202508,-1]
03-26 16:49:53.640  1409  3302 I netstats_wifi_sample: [16132251961,13057425,1842316304,7101293,15946821686,8565253,1743749579,7070877,15934361082,8528396,1743063559,7069503,-1]
03-26 16:50:51.587  1409  1499 I am_pss  : [9631,10031,com.meizu.flyme.input,73866240,62644224,7218176]
03-26 16:50:51.621  1409  1499 I am_pss  : [4061,1000,com.meizu.assistant,68724736,43708416,23550976]
03-26 16:50:51.639  1409  1499 I am_pss  : [2737,1001,com.qualcomm.qcrilmsgtunnel,4104192,2588672,1369088]
03-26 16:50:51.663  1409  1499 I am_pss  : [7275,10035,com.meizu.picker:messenger.ocr,84388864,82628608,115712]
03-26 16:50:51.685  1409  1499 I am_pss  : [30802,1000,com.android.settings,29125632,17481728,10941440]
03-26 16:50:51.709  1409  1499 I am_pss  : [3425,10052,com.meizu.mstore,26663936,22605824,80896]
03-26 16:50:51.733  1409  1499 I am_pss  : [3763,1000,com.meizu.dataservice,22758400,13946880,7267328]
03-26 16:50:51.751  1409  1499 I am_pss  : [9345,1000,com.qti.service.colorservice,2998272,1179648,1666048]
03-26 16:50:51.772  1409  1499 I am_pss  : [25168,10067,com.meizu.mzsyncservice,9089024,4136960,4319232]
03-26 16:50:51.799  1409  1499 I am_pss  : [21144,10117,com.tencent.mm:appbrand1,36755456,11264000,24919040]
03-26 16:50:51.827  1409  1499 I am_pss  : [3151,1000,com.meizu.pps,31106048,20455424,8153088]
