--------- beginning of system
03-26 11:46:07.370   973  1084 E NetlinkEvent: NetlinkEvent::FindParam(): Parameter 'STATE' not found
03-26 11:46:07.370   973  1084 E NetlinkEvent: NetlinkEvent::FindParam(): Parameter 'TIME_NS' not found
03-26 11:46:07.370   973  1084 E NetlinkEvent: NetlinkEvent::FindParam(): Parameter 'UID' not found
03-26 11:46:07.551  1409  4095 I chatty  : uid=1000(system) Binder:1409_15 expire 7 lines
03-26 11:46:07.624  1409  3348 I chatty  : uid=1000(system) Binder:1409_11 expire 8 lines
03-26 11:46:14.188 15650 15650 E SchedPolicy: set_timerslack_ns write failed: Operation not permitted
03-26 11:46:14.574 15650 15650 E SchedPolicy: set_timerslack_ns write failed: Operation not permitted
03-26 11:46:14.812  1409  1783 I chatty  : uid=1000(system) InputReader expire 36 lines
03-26 11:46:15.649  1409 14847 I chatty  : uid=1000(system) Binder:1409_20 expire 1 line
03-26 11:46:17.275  1409  7836 I chatty  : uid=1000(system) Binder:1409_1B expire 2 lines
03-26 11:46:18.238  1409  1783 I chatty  : uid=1000(system) InputReader expire 70 lines
03-26 11:46:18.242  1409 14847 I chatty  : uid=1000(system) Binder:1409_20 expire 1 line
03-26 11:46:18.374  1409  4095 I chatty  : uid=1000(system) Binder:1409_15 expire 10 lines
03-26 11:46:18.969  1409  1500 I chatty  : uid=1000(system) ActivityManager expire 1 line
03-26 11:46:19.844  1409  3348 I chatty  : uid=1000(system) Binder:1409_11 expire 13 lines
03-26 11:46:20.613  1409  3188 I chatty  : uid=1000(system) Binder:1409_D expire 10 lines
03-26 11:46:23.969   975   975 I wificond: Enters wifigbk_ageOutHistory
03-26 11:46:23.970   975   975 I wificond: Enters wifigbk_ageOutHistory
03-26 11:46:23.980  3763  3763 W ContextImpl: Calling a method in the system process without a qualified user: android.app.ContextImpl.startService:1480 android.content.ContextWrapper.startService:650 android.content.ContextWrapper.startService:650 com.meizu.dataservice.ExperienceReceiver.a:64 com.meizu.dataservice.ExperienceReceiver.onReceive:46 
03-26 11:46:25.716  1409  1409 I chatty  : uid=1000 system_server expire 1 line
03-26 11:46:28.038 15650 15650 E SchedPolicy: set_timerslack_ns write failed: Operation not permitted
03-26 11:46:28.413 15650 15650 E SchedPolicy: set_timerslack_ns write failed: Operation not permitted
03-26 11:46:28.831  1409  1783 I chatty  : uid=1000(system) InputReader expire 12 lines
03-26 11:46:36.188  1409  2243 I chatty  : uid=1000(system) LazyTaskWriterT expire 1 line
03-26 11:46:38.950  1409  2240 I chatty  : uid=1000(system) TaskSnapshotPer expire 1 line
03-26 11:46:38.984  3351  3351 W ViewRootImpl[Launcher]: Cancelling event due to no window focus: KeyEvent { action=ACTION_UP, keyCode=KEYCODE_BACK, scanCode=0, metaState=0, flags=0x28, repeatCount=0, eventTime=317406938, downTime=317406938, deviceId=-1, source=0x101 }
03-26 11:46:38.985  3351  3351 I chatty  : uid=10021(com.meizu.flyme.launcher) identical 7 lines
03-26 11:46:38.985  3351  3351 W ViewRootImpl[Launcher]: Cancelling event due to no window focus: KeyEvent { action=ACTION_UP, keyCode=KEYCODE_BACK, scanCode=0, metaState=0, flags=0x28, repeatCount=0, eventTime=317406938, downTime=317406938, deviceId=-1, source=0x101 }
03-26 11:46:39.674  1409  1783 I chatty  : uid=1000(system) InputReader expire 16 lines
03-26 11:46:39.804 15650 15650 E SchedPolicy: set_timerslack_ns write failed: Operation not permitted
03-26 11:46:41.521  1409  1523 I chatty  : uid=1000(system) PowerManagerSer expire 11 lines
03-26 11:46:41.522  1409  2242 I chatty  : uid=1000(system) PhotonicModulat expire 10 lines
03-26 11:46:41.548  1409  1520 I chatty  : uid=1000(system) android.display expire 8 lines
03-26 11:46:41.618  1409  2243 I chatty  : uid=1000(system) LazyTaskWriterT expire 3 lines
03-26 11:46:41.680   975   975 W wificond: Skip match ssid for pno scan: 阜阳火车站5G, 欢乐迪KTV, CMB, Netcore_E1E6A5, AoMenDouLao, MGCK, ThunderSoft, TP-LINK_B8F3EE, HUAWEI Mate 9 Pro, 308, KSJ, HUAZHU-hanting, KSJ5, 6508, 408, chxy, @i-Shangwang, DG, Yitel, 喜哒屋202, H3C, flyNetwork
03-26 11:46:41.680   975   975 I wificond: Pno scan started
03-26 11:46:41.769  1409  1409 I chatty  : uid=1000 system_server expire 8 lines
03-26 11:46:41.803  1409  1501 I chatty  : uid=1000(system) android.ui expire 3 lines
03-26 11:46:41.803  1409  2225 I chatty  : uid=1000(system) HBMController expire 5 lines
03-26 11:46:41.945 17016 19941 W ContextImpl: Calling a method in the system process without a qualified user: android.app.ContextImpl.startService:1480 android.content.ContextWrapper.startService:650 filtratorsdk.adj.a:25 filtratorsdk.adq$1$2.run:84 <bottom of call stack> 
03-26 11:46:42.040  1409  7836 I chatty  : uid=1000(system) Binder:1409_1B expire 5 lines
03-26 11:46:42.235  2256 19928 W ClientMonitor: handlePreviewFrame() called for authenticate!
03-26 11:46:43.033  2256 19928 I chatty  : uid=1000(system) com.meizu.facerecognition identical 21 lines
03-26 11:46:43.107  2256 19928 W ClientMonitor: handlePreviewFrame() called for authenticate!
03-26 11:46:43.142   975   975 I wificond: Pno scan stopped
03-26 11:46:43.173  2256 19928 W ClientMonitor: handlePreviewFrame() called for authenticate!
03-26 11:46:43.313  2256 19928 W ClientMonitor: handlePreviewFrame() called for authenticate!
03-26 11:46:43.348 17016 19985 W ContextImpl: Calling a method in the system process without a qualified user: android.app.ContextImpl.startService:1480 android.content.ContextWrapper.startService:650 filtratorsdk.ail.a:118 filtratorsdk.ail.a:62 filtratorsdk.ail$1.run:69 
03-26 11:46:43.383  2256 19928 W ClientMonitor: handlePreviewFrame() called for authenticate!
03-26 11:46:43.453  2256 19928 W ClientMonitor: handlePreviewFrame() called for authenticate!
03-26 11:46:43.517  1409  8241 I chatty  : uid=1000(system) Binder:1409_1F expire 11 lines
03-26 11:46:43.838 17016 20001 W ContextImpl: Calling a method in the system process without a qualified user: android.app.ContextImpl.startService:1480 android.content.ContextWrapper.startService:650 filtratorsdk.adj.a:25 filtratorsdk.adq$1$2.run:84 <bottom of call stack> 
03-26 11:46:43.914  1409  1475 I chatty  : uid=1000(system) Binder:1409_1 expire 13 lines
03-26 11:46:43.981  3104  3104 I DDI     : writeDisplayFile /sys/class/meizu/lcm/display/doze_mode mode 0
03-26 11:46:44.330   975   975 I wificond: Enters wifigbk_ageOutHistory
03-26 11:46:44.331   975   975 I wificond: Enters wifigbk_ageOutHistory
03-26 11:46:44.337  3763  3763 W ContextImpl: Calling a method in the system process without a qualified user: android.app.ContextImpl.startService:1480 android.content.ContextWrapper.startService:650 android.content.ContextWrapper.startService:650 com.meizu.dataservice.ExperienceReceiver.a:64 com.meizu.dataservice.ExperienceReceiver.onReceive:46 
03-26 11:46:49.704   975   975 W wificond: Skip match ssid for pno scan: 阜阳火车站5G, 欢乐迪KTV, CMB, Netcore_E1E6A5, AoMenDouLao, MGCK, ThunderSoft, TP-LINK_B8F3EE, HUAWEI Mate 9 Pro, 308, KSJ, HUAZHU-hanting, KSJ5, 6508, 408, chxy, @i-Shangwang, DG, Yitel, 喜哒屋202, H3C, flyNetwork
03-26 11:46:49.705   975   975 I wificond: Pno scan started
03-26 11:46:58.250  1409  2561 I chatty  : uid=1000(system) Binder:1409_A expire 2 lines
03-26 11:46:58.343   973  1084 E NetlinkEvent: NetlinkEvent::FindParam(): Parameter 'INTERFACE' not found
03-26 11:46:58.343   973  1084 E NetlinkEvent: NetlinkEvent::FindParam(): Parameter 'STATE' not found
03-26 11:46:58.343   973  1084 E NetlinkEvent: NetlinkEvent::FindParam(): Parameter 'TIME_NS' not found
03-26 11:46:58.343   973  1084 E NetlinkEvent: NetlinkEvent::FindParam(): Parameter 'UID' not found
03-26 11:47:08.661   973  1084 E NetlinkEvent: NetlinkEvent::FindParam(): Parameter 'INTERFACE' not found
03-26 11:47:08.662   973  1084 E NetlinkEvent: NetlinkEvent::FindParam(): Parameter 'STATE' not found
03-26 11:47:08.662   973  1084 E NetlinkEvent: NetlinkEvent::FindParam(): Parameter 'TIME_NS' not found
03-26 11:47:08.662   973  1084 E NetlinkEvent: NetlinkEvent::FindParam(): Parameter 'UID' not found
03-26 11:47:19.323   975   975 I wificond: Pno scan stopped
03-26 11:47:20.552   975   975 I wificond: Enters wifigbk_ageOutHistory
03-26 11:47:20.553   975   975 I wificond: Enters wifigbk_ageOutHistory
03-26 11:47:20.581  3763  3763 W ContextImpl: Calling a method in the system process without a qualified user: android.app.ContextImpl.startService:1480 android.content.ContextWrapper.startService:650 android.content.ContextWrapper.startService:650 com.meizu.dataservice.ExperienceReceiver.a:64 com.meizu.dataservice.ExperienceReceiver.onReceive:46 
03-26 11:47:25.963   975   975 W wificond: Skip match ssid for pno scan: 阜阳火车站5G, 欢乐迪KTV, CMB, Netcore_E1E6A5, AoMenDouLao, MGCK, ThunderSoft, TP-LINK_B8F3EE, HUAWEI Mate 9 Pro, 308, KSJ, HUAZHU-hanting, KSJ5, 6508, 408, chxy, @i-Shangwang, DG, Yitel, 喜哒屋202, H3C, flyNetwork
03-26 11:47:25.964   975   975 I wificond: Pno scan started
03-26 11:47:38.226   975   975 I wificond: Pno scan stopped
03-26 11:47:38.662  2256 20094 W ClientMonitor: handlePreviewFrame() called for authenticate!
03-26 11:47:39.358  2256 20094 I chatty  : uid=1000(system) com.meizu.facerecognition identical 83 lines
03-26 11:47:39.494  2256 20094 W ClientMonitor: handlePreviewFrame() called for authenticate!
03-26 11:47:39.504   975   975 I wificond: Enters wifigbk_ageOutHistory
03-26 11:47:39.505   975   975 I wificond: Enters wifigbk_ageOutHistory
03-26 11:47:39.524 17016 20125 W ContextImpl: Calling a method in the system process without a qualified user: android.app.ContextImpl.startService:1480 android.content.ContextWrapper.startService:650 filtratorsdk.ail.a:118 filtratorsdk.ail.a:62 filtratorsdk.ail$1.run:69 
03-26 11:47:39.543  3763  3763 W ContextImpl: Calling a method in the system process without a qualified user: android.app.ContextImpl.startService:1480 android.content.ContextWrapper.startService:650 android.content.ContextWrapper.startService:650 com.meizu.dataservice.ExperienceReceiver.a:64 com.meizu.dataservice.ExperienceReceiver.onReceive:46 
03-26 11:47:39.566  2256 20094 W ClientMonitor: handlePreviewFrame() called for authenticate!
03-26 11:47:47.128  2256 20094 W ClientMonitor: handlePreviewFrame() called for authenticate!
03-26 11:47:47.151   973  1084 E NetlinkEvent: NetlinkEvent::FindParam(): Parameter 'INTERFACE' not found
03-26 11:47:47.151   973  1084 E NetlinkEvent: NetlinkEvent::FindParam(): Parameter 'STATE' not found
03-26 11:47:47.151   973  1084 E NetlinkEvent: NetlinkEvent::FindParam(): Parameter 'TIME_NS' not found
03-26 11:47:47.151   973  1084 E NetlinkEvent: NetlinkEvent::FindParam(): Parameter 'UID' not found
03-26 11:47:47.201  2256 20094 W ClientMonitor: handlePreviewFrame() called for authenticate!
03-26 11:47:48.182  2256 20094 W ClientMonitor: handlePreviewFrame() called for authenticate!
03-26 11:47:48.250  1409  1523 I chatty  : uid=1000(system) PowerManagerSer expire 7 lines
03-26 11:47:48.422  1409  2242 I chatty  : uid=1000(system) PhotonicModulat expire 5 lines
03-26 11:47:48.579   975   975 W wificond: Skip match ssid for pno scan: 阜阳火车站5G, 欢乐迪KTV, CMB, Netcore_E1E6A5, AoMenDouLao, MGCK, ThunderSoft, TP-LINK_B8F3EE, HUAWEI Mate 9 Pro, 308, KSJ, HUAZHU-hanting, KSJ5, 6508, 408, chxy, @i-Shangwang, DG, Yitel, 喜哒屋202, H3C, flyNetwork
03-26 11:47:48.580   975   975 I wificond: Pno scan started
03-26 11:47:48.682 17016 20162 W ContextImpl: Calling a method in the system process without a qualified user: android.app.ContextImpl.startService:1480 android.content.ContextWrapper.startService:650 filtratorsdk.adj.a:25 filtratorsdk.adq$1$2.run:84 <bottom of call stack> 
03-26 11:50:10.103   973  1084 E NetlinkEvent: NetlinkEvent::FindParam(): Parameter 'INTERFACE' not found
03-26 11:50:10.103   973  1084 E NetlinkEvent: NetlinkEvent::FindParam(): Parameter 'STATE' not found
03-26 11:50:10.103   973  1084 E NetlinkEvent: NetlinkEvent::FindParam(): Parameter 'TIME_NS' not found
03-26 11:50:10.103   973  1084 E NetlinkEvent: NetlinkEvent::FindParam(): Parameter 'UID' not found
03-26 11:50:10.222   973  1084 E NetlinkEvent: NetlinkEvent::FindParam(): Parameter 'INTERFACE' not found
03-26 11:50:10.222   973  1084 E NetlinkEvent: NetlinkEvent::FindParam(): Parameter 'STATE' not found
03-26 11:50:10.222   973  1084 E NetlinkEvent: NetlinkEvent::FindParam(): Parameter 'TIME_NS' not found
03-26 11:50:10.222   973  1084 E NetlinkEvent: NetlinkEvent::FindParam(): Parameter 'UID' not found
03-26 11:50:26.291   973  1084 E NetlinkEvent: NetlinkEvent::FindParam(): Parameter 'INTERFACE' not found
03-26 11:50:26.291   973  1084 E NetlinkEvent: NetlinkEvent::FindParam(): Parameter 'STATE' not found
03-26 11:50:26.292   973  1084 E NetlinkEvent: NetlinkEvent::FindParam(): Parameter 'TIME_NS' not found
03-26 11:50:26.292   973  1084 E NetlinkEvent: NetlinkEvent::FindParam(): Parameter 'UID' not found
03-26 11:50:58.970 17016 20229 W ContextImpl: Calling a method in the system process without a qualified user: android.app.ContextImpl.startService:1480 android.content.ContextWrapper.startService:650 filtratorsdk.ail.a:118 filtratorsdk.ail.a:62 filtratorsdk.ail$1.run:69 
03-26 11:51:28.408   973  1084 E NetlinkEvent: NetlinkEvent::FindParam(): Parameter 'INTERFACE' not found
03-26 11:51:28.408   973  1084 E NetlinkEvent: NetlinkEvent::FindParam(): Parameter 'STATE' not found
03-26 11:51:28.408   973  1084 E NetlinkEvent: NetlinkEvent::FindParam(): Parameter 'TIME_NS' not found
03-26 11:51:28.408   973  1084 E NetlinkEvent: NetlinkEvent::FindParam(): Parameter 'UID' not found
03-26 11:51:42.068  3104  3104 I DDI     : writeDisplayFile /sys/class/meizu/lcm/display/doze_s2 mode 1
03-26 11:51:46.590   975   975 I wificond: Pno scan stopped
03-26 11:51:46.945  2256 20251 W ClientMonitor: handlePreviewFrame() called for authenticate!
03-26 11:51:47.147 17016 20299 W ContextImpl: Calling a method in the system process without a qualified user: android.app.ContextImpl.startService:1480 android.content.ContextWrapper.startService:650 android.content.ContextWrapper.startService:650 filtratorsdk.adj.a:25 com.meizu.networkmanager.boradcast.TrafficGlobalReceiver$2.run:277 
03-26 11:51:47.807   975   975 I wificond: Enters wifigbk_ageOutHistory
03-26 11:51:47.807   975   975 I wificond: Enters wifigbk_ageOutHistory
03-26 11:51:47.816  3763  3763 W ContextImpl: Calling a method in the system process without a qualified user: android.app.ContextImpl.startService:1480 android.content.ContextWrapper.startService:650 android.content.ContextWrapper.startService:650 com.meizu.dataservice.ExperienceReceiver.a:64 com.meizu.dataservice.ExperienceReceiver.onReceive:46 
03-26 11:51:47.857 17016 20310 W ContextImpl: Calling a method in the system process without a qualified user: android.app.ContextImpl.startService:1480 android.content.ContextWrapper.startService:650 filtratorsdk.ail.a:118 filtratorsdk.ail.a:62 filtratorsdk.ail$1.run:69 
03-26 11:51:53.231  1409  2299 I chatty  : uid=1000(system) Binder:1409_4 expire 5 lines
03-26 11:52:06.609  1409  1783 I chatty  : uid=1000(system) InputReader expire 16 lines
03-26 11:52:07.889   975   975 I wificond: Enters wifigbk_ageOutHistory
03-26 11:52:07.890   975   975 I wificond: Enters wifigbk_ageOutHistory
03-26 11:52:07.912  3763  3763 W ContextImpl: Calling a method in the system process without a qualified user: android.app.ContextImpl.startService:1480 android.content.ContextWrapper.startService:650 android.content.ContextWrapper.startService:650 com.meizu.dataservice.ExperienceReceiver.a:64 com.meizu.dataservice.ExperienceReceiver.onReceive:46 
03-26 11:52:08.522 20362 20401 E DexLoadReporter: Could not create the profile directory: /data/app/com.eg.android.AlipayGphone-0ymG1l4wSBxhzt-ykQGCeg==/lib/arm/oat/libsgmain.so.cur.prof
03-26 11:52:08.650  1409  1518 I chatty  : uid=1000(system) android.fg expire 27 lines
03-26 11:52:08.659   973  1084 E NetlinkEvent: NetlinkEvent::FindParam(): Parameter 'INTERFACE' not found
03-26 11:52:08.659   973  1084 E NetlinkEvent: NetlinkEvent::FindParam(): Parameter 'STATE' not found
03-26 11:52:08.659   973  1084 E NetlinkEvent: NetlinkEvent::FindParam(): Parameter 'TIME_NS' not found
03-26 11:52:08.659   973  1084 E NetlinkEvent: NetlinkEvent::FindParam(): Parameter 'UID' not found
03-26 11:52:09.388 20362 20632 E ActivityThread: Failed to find provider info for com.alipay.setting
03-26 11:52:09.923  1409  3188 I chatty  : uid=1000(system) Binder:1409_D expire 3 lines
03-26 11:52:10.340 20724 20893 E DexLoadReporter: Could not create the profile directory: /data/app/com.eg.android.AlipayGphone-0ymG1l4wSBxhzt-ykQGCeg==/lib/arm/oat/libsgmain.so.cur.prof
03-26 11:52:11.862 20724 21134 E ActivityThread: Failed to find provider info for com.alipay.setting
03-26 11:52:11.876 20724 21134 E ActivityThread: Failed to find provider info for com.alipay.setting
03-26 11:52:12.694   975   975 I wificond: Enters wifigbk_ageOutHistory
03-26 11:52:12.694   975   975 I wificond: Enters wifigbk_ageOutHistory
03-26 11:52:12.716  3763  3763 W ContextImpl: Calling a method in the system process without a qualified user: android.app.ContextImpl.startService:1480 android.content.ContextWrapper.startService:650 android.content.ContextWrapper.startService:650 com.meizu.dataservice.ExperienceReceiver.a:64 com.meizu.dataservice.ExperienceReceiver.onReceive:46 
03-26 11:52:13.604  1409  7554 I chatty  : uid=1000(system) Binder:1409_16 expire 3 lines
03-26 11:52:16.960  1409 21486 I chatty  : uid=1000 system_server expire 1 line
03-26 11:52:19.135  1409  1499 I chatty  : uid=1000(system) android.bg expire 2 lines
03-26 11:52:24.546  1409  2240 I chatty  : uid=1000(system) TaskSnapshotPer expire 2 lines
03-26 11:52:25.434  1409  1769 I chatty  : uid=1000(system) android.anim expire 3 lines
03-26 11:52:25.557 15650 15650 E SchedPolicy: set_timerslack_ns write failed: Operation not permitted
03-26 11:52:26.668  1409  1783 I chatty  : uid=1000(system) InputReader expire 18 lines
03-26 11:52:26.754 15650 15650 E SchedPolicy: set_timerslack_ns write failed: Operation not permitted
03-26 11:52:27.127 15650 15650 E SchedPolicy: set_timerslack_ns write failed: Operation not permitted
03-26 11:52:27.845   975   975 I wificond: Enters wifigbk_ageOutHistory
03-26 11:52:27.855   975   975 I wificond: Enters wifigbk_ageOutHistory
03-26 11:52:27.878  3763  3763 W ContextImpl: Calling a method in the system process without a qualified user: android.app.ContextImpl.startService:1480 android.content.ContextWrapper.startService:650 android.content.ContextWrapper.startService:650 com.meizu.dataservice.ExperienceReceiver.a:64 com.meizu.dataservice.ExperienceReceiver.onReceive:46 
03-26 11:52:27.908  1409  4095 I chatty  : uid=1000(system) Binder:1409_15 expire 1 line
03-26 11:52:28.823 15650 15650 E SchedPolicy: set_timerslack_ns write failed: Operation not permitted
03-26 11:52:29.382   975   975 W wificond: Skip match ssid for pno scan: 阜阳火车站5G, 欢乐迪KTV, CMB, Netcore_E1E6A5, AoMenDouLao, MGCK, ThunderSoft, TP-LINK_B8F3EE, HUAWEI Mate 9 Pro, 308, KSJ, HUAZHU-hanting, KSJ5, 6508, 408, chxy, @i-Shangwang, DG, Yitel, 喜哒屋202, H3C, flyNetwork
03-26 11:52:29.382   975   975 I wificond: Pno scan started
03-26 11:52:29.949  2256 21727 W ClientMonitor: handlePreviewFrame() called for authenticate!
03-26 11:52:30.529  2256 21727 I chatty  : uid=1000(system) com.meizu.facerecognition identical 217 lines
03-26 11:52:30.564  2256 21727 W ClientMonitor: handlePreviewFrame() called for authenticate!
03-26 11:52:30.598  2256 21727 W ClientMonitor: handlePreviewFrame() called for authenticate!
03-26 11:52:30.995  2256 21727 W ClientMonitor: handlePreviewFrame() called for authenticate!
03-26 11:52:31.029 17016 21759 W ContextImpl: Calling a method in the system process without a qualified user: android.app.ContextImpl.startService:1480 android.content.ContextWrapper.startService:650 filtratorsdk.adj.a:25 filtratorsdk.adq$1$2.run:84 <bottom of call stack> 
03-26 11:52:31.029  2256 21727 W ClientMonitor: handlePreviewFrame() called for authenticate!
03-26 11:52:31.096  2256 21727 W ClientMonitor: handlePreviewFrame() called for authenticate!
03-26 11:52:31.117  1409  1475 I chatty  : uid=1000(system) Binder:1409_1 expire 1 line
03-26 11:52:31.130  2256 21727 W ClientMonitor: handlePreviewFrame() called for authenticate!
03-26 11:52:32.295  2256 21727 W ClientMonitor: handlePreviewFrame() called for authenticate!
03-26 11:52:32.316   975   975 I wificond: Pno scan stopped
03-26 11:52:32.345  2256 21727 W ClientMonitor: handlePreviewFrame() called for authenticate!
03-26 11:52:32.486  2256 21727 W ClientMonitor: handlePreviewFrame() called for authenticate!
03-26 11:52:32.525 17016 21804 W ContextImpl: Calling a method in the system process without a qualified user: android.app.ContextImpl.startService:1480 android.content.ContextWrapper.startService:650 filtratorsdk.ail.a:118 filtratorsdk.ail.a:62 filtratorsdk.ail$1.run:69 
03-26 11:52:32.528  2256 21727 W ClientMonitor: handlePreviewFrame() called for authenticate!
03-26 11:52:33.573  2256 21727 W ClientMonitor: handlePreviewFrame() called for authenticate!
03-26 11:52:33.578   975   975 I wificond: Enters wifigbk_ageOutHistory
03-26 11:52:33.579   975   975 I wificond: Enters wifigbk_ageOutHistory
03-26 11:52:33.587  3763  3763 W ContextImpl: Calling a method in the system process without a qualified user: android.app.ContextImpl.startService:1480 android.content.ContextWrapper.startService:650 android.content.ContextWrapper.startService:650 com.meizu.dataservice.ExperienceReceiver.a:64 com.meizu.dataservice.ExperienceReceiver.onReceive:46 
03-26 11:52:33.613  2256 21727 W ClientMonitor: handlePreviewFrame() called for authenticate!
03-26 11:52:34.462  2256 21727 W ClientMonitor: handlePreviewFrame() called for authenticate!
03-26 11:52:34.497  2256 21727 W ClientMonitor: handlePreviewFrame() called for authenticate!
03-26 11:52:36.660  2256 21727 W ClientMonitor: handlePreviewFrame() called for authenticate!
03-26 11:52:36.694  2256 21727 W ClientMonitor: handlePreviewFrame() called for authenticate!
03-26 11:52:36.727  2256 21727 W ClientMonitor: handlePreviewFrame() called for authenticate!
03-26 11:52:36.760  2256 21727 W ClientMonitor: handlePreviewFrame() called for authenticate!
03-26 11:52:37.204  2256 21727 W ClientMonitor: handlePreviewFrame() called for authenticate!
03-26 11:52:37.252  2256 21727 W ClientMonitor: handlePreviewFrame() called for authenticate!
03-26 11:52:38.771  2256 21727 W ClientMonitor: handlePreviewFrame() called for authenticate!
03-26 11:52:38.776  1409  8241 I chatty  : uid=1000(system) Binder:1409_1F expire 7 lines
03-26 11:52:38.806  2256 21727 W ClientMonitor: handlePreviewFrame() called for authenticate!
03-26 11:52:41.537  2256 21727 I chatty  : uid=1000(system) com.meizu.facerecognition identical 83 lines
03-26 11:52:41.575  2256 21727 W ClientMonitor: handlePreviewFrame() called for authenticate!
03-26 11:52:41.669  2256  2335 W ClientMonitor: Forcing lockout, mode(1)
03-26 11:52:42.106  2256 21727 W ClientMonitor: handlePreviewFrame() called for authenticate!
03-26 11:52:43.236  2256 21727 W ClientMonitor: handlePreviewFrame() called for authenticate!
03-26 11:52:43.284  2256  2335 W ClientMonitor: Forcing lockout, mode(1)
03-26 11:52:43.589  1409  3348 I chatty  : uid=1000(system) Binder:1409_11 expire 2 lines
03-26 11:52:43.708  2256 21727 W ClientMonitor: handlePreviewFrame() called for authenticate!
03-26 11:52:43.761  1409  1783 I chatty  : uid=1000(system) InputReader expire 24 lines
03-26 11:52:43.771  2256 21727 W ClientMonitor: handlePreviewFrame() called for authenticate!
03-26 11:52:43.903  2256 21727 W ClientMonitor: handlePreviewFrame() called for authenticate!
03-26 11:52:44.093  1409  1523 I chatty  : uid=1000(system) PowerManagerSer expire 6 lines
03-26 11:52:44.094  1409  2242 I chatty  : uid=1000(system) PhotonicModulat expire 10 lines
03-26 11:52:44.106  1409  1520 I chatty  : uid=1000(system) android.display expire 5 lines
03-26 11:52:44.187   975   975 W wificond: Skip match ssid for pno scan: 阜阳火车站5G, 欢乐迪KTV, CMB, Netcore_E1E6A5, AoMenDouLao, MGCK, ThunderSoft, TP-LINK_B8F3EE, HUAWEI Mate 9 Pro, 308, KSJ, HUAZHU-hanting, KSJ5, 6508, 408, chxy, @i-Shangwang, DG, Yitel, 喜哒屋202, H3C, flyNetwork
03-26 11:52:44.188   975   975 I wificond: Pno scan started
03-26 11:52:44.239 17016 21942 W ContextImpl: Calling a method in the system process without a qualified user: android.app.ContextImpl.startService:1480 android.content.ContextWrapper.startService:650 filtratorsdk.adj.a:25 filtratorsdk.adq$1$2.run:84 <bottom of call stack> 
03-26 11:52:44.394  3104  3104 I DDI     : writeDisplayFile /sys/class/meizu/lcm/display/doze_mode mode 1
03-26 11:52:46.103  1409  1509 I chatty  : uid=1000(system) batterystats-wo expire 2 lines
03-26 11:52:56.088  1409  1409 I chatty  : uid=1000 system_server expire 3 lines
03-26 11:52:56.125  1409  1501 I chatty  : uid=1000(system) android.ui expire 1 line
03-26 11:52:56.126  1409  2225 I chatty  : uid=1000(system) HBMController expire 2 lines
03-26 11:52:56.159   975   975 I wificond: Pno scan stopped
03-26 11:52:56.543  2256 21975 W ClientMonitor: handlePreviewFrame() called for authenticate!
03-26 11:52:56.808  2256 21975 I chatty  : uid=1000(system) com.meizu.facerecognition identical 5 lines
03-26 11:52:56.912  2256 21975 W ClientMonitor: handlePreviewFrame() called for authenticate!
03-26 11:52:57.106 17016 22034 W ContextImpl: Calling a method in the system process without a qualified user: android.app.ContextImpl.startService:1480 android.content.ContextWrapper.startService:650 android.content.ContextWrapper.startService:650 filtratorsdk.adj.a:25 com.meizu.networkmanager.boradcast.TrafficGlobalReceiver$2.run:277 
03-26 11:52:57.331  1409  2561 I chatty  : uid=1000(system) Binder:1409_A expire 4 lines
03-26 11:52:57.397   975   975 I wificond: Enters wifigbk_ageOutHistory
03-26 11:52:57.398   975   975 I wificond: Enters wifigbk_ageOutHistory
03-26 11:52:57.408  3763  3763 W ContextImpl: Calling a method in the system process without a qualified user: android.app.ContextImpl.startService:1480 android.content.ContextWrapper.startService:650 android.content.ContextWrapper.startService:650 com.meizu.dataservice.ExperienceReceiver.a:64 com.meizu.dataservice.ExperienceReceiver.onReceive:46 
03-26 11:52:57.468 17016 22044 W ContextImpl: Calling a method in the system process without a qualified user: android.app.ContextImpl.startService:1480 android.content.ContextWrapper.startService:650 filtratorsdk.ail.a:118 filtratorsdk.ail.a:62 filtratorsdk.ail$1.run:69 
03-26 11:53:02.617  1409  4095 I chatty  : uid=1000(system) Binder:1409_15 expire 5 lines
03-26 11:53:02.634  1409  1769 I chatty  : uid=1000(system) android.anim expire 8 lines
03-26 11:53:02.724 15650 15650 E SchedPolicy: set_timerslack_ns write failed: Operation not permitted
03-26 11:53:03.522  1409  1783 I chatty  : uid=1000(system) InputReader expire 10 lines
03-26 11:53:03.584  1409  2537 I chatty  : uid=1000(system) Binder:1409_9 expire 4 lines
03-26 11:53:05.619  1409  7554 I chatty  : uid=1000(system) Binder:1409_16 expire 6 lines
03-26 11:53:05.707  1409  2240 I chatty  : uid=1000(system) TaskSnapshotPer expire 4 lines
03-26 11:53:05.742  1409  2243 I chatty  : uid=1000(system) LazyTaskWriterT expire 2 lines
03-26 11:53:05.755  3351  3351 W ViewRootImpl[Launcher]: Cancelling event due to no window focus: KeyEvent { action=ACTION_UP, keyCode=KEYCODE_BACK, scanCode=0, metaState=0, flags=0x28, repeatCount=0, eventTime=317548317, downTime=317548317, deviceId=-1, source=0x101 }
03-26 11:53:05.755  3351  3351 I chatty  : uid=10021(com.meizu.flyme.launcher) identical 7 lines
03-26 11:53:05.755  3351  3351 W ViewRootImpl[Launcher]: Cancelling event due to no window focus: KeyEvent { action=ACTION_UP, keyCode=KEYCODE_BACK, scanCode=0, metaState=0, flags=0x28, repeatCount=0, eventTime=317548317, downTime=317548317, deviceId=-1, source=0x101 }
03-26 11:53:06.576 15650 15650 E SchedPolicy: set_timerslack_ns write failed: Operation not permitted
03-26 11:53:07.594  1409  2654 I chatty  : uid=1000(system) phoneRecord expire 4 lines
03-26 11:53:07.623  1409  1500 I chatty  : uid=1000(system) ActivityManager expire 12 lines
03-26 11:53:07.722  1409  2194 I chatty  : uid=1000(system) ConnectivitySer expire 2 lines
03-26 11:53:07.876  1409  2497 I chatty  : uid=1000(system) Binder:1409_7 expire 3 lines
03-26 11:53:07.914  1409  2534 I chatty  : uid=1000(system) Binder:1409_8 expire 8 lines
03-26 11:53:14.490 20724 20941 E DexLoadReporter: Could not create the profile directory: /data/app/com.eg.android.AlipayGphone-0ymG1l4wSBxhzt-ykQGCeg==/lib/arm/oat/libsgsecuritybody.so.cur.prof
03-26 11:53:14.532 20724 20941 E DexLoadReporter: Could not create the profile directory: /data/app/com.eg.android.AlipayGphone-0ymG1l4wSBxhzt-ykQGCeg==/lib/arm/oat/libsgmisc.so.cur.prof
03-26 11:53:28.233   975   975 I wificond: Enters wifigbk_ageOutHistory
03-26 11:53:28.234   975   975 I wificond: Enters wifigbk_ageOutHistory
03-26 11:53:28.261  3763  3763 W ContextImpl: Calling a method in the system process without a qualified user: android.app.ContextImpl.startService:1480 android.content.ContextWrapper.startService:650 android.content.ContextWrapper.startService:650 com.meizu.dataservice.ExperienceReceiver.a:64 com.meizu.dataservice.ExperienceReceiver.onReceive:46 
03-26 11:53:45.163  1409  1783 I chatty  : uid=1000(system) InputReader expire 4 lines
03-26 11:53:45.481  1409  2299 I chatty  : uid=1000(system) Binder:1409_4 expire 2 lines
03-26 11:53:46.959  1409  1499 I chatty  : uid=1000(system) android.bg expire 1 line
03-26 11:53:47.136  1409  8240 I chatty  : uid=1000(system) Binder:1409_1E expire 3 lines
03-26 11:53:47.278  1409  1783 I chatty  : uid=1000(system) InputReader expire 23 lines
03-26 11:53:48.168   975   975 I wificond: Enters wifigbk_ageOutHistory
03-26 11:53:48.168   975   975 I wificond: Enters wifigbk_ageOutHistory
03-26 11:53:48.191  3763  3763 W ContextImpl: Calling a method in the system process without a qualified user: android.app.ContextImpl.startService:1480 android.content.ContextWrapper.startService:650 android.content.ContextWrapper.startService:650 com.meizu.dataservice.ExperienceReceiver.a:64 com.meizu.dataservice.ExperienceReceiver.onReceive:46 
03-26 11:53:48.581  1409  2243 I chatty  : uid=1000(system) LazyTaskWriterT expire 2 lines
03-26 11:53:49.511  1409  3379 I chatty  : uid=1000(system) Binder:1409_12 expire 4 lines
03-26 11:53:49.568  1409  1520 I chatty  : uid=1000(system) android.display expire 8 lines
03-26 11:53:54.659  1409  1523 I chatty  : uid=1000(system) PowerManagerSer expire 10 lines
03-26 11:53:54.659  1409  2242 I chatty  : uid=1000(system) PhotonicModulat expire 10 lines
03-26 11:53:54.815   975   975 W wificond: Skip match ssid for pno scan: 阜阳火车站5G, 欢乐迪KTV, CMB, Netcore_E1E6A5, AoMenDouLao, MGCK, ThunderSoft, TP-LINK_B8F3EE, HUAWEI Mate 9 Pro, 308, KSJ, HUAZHU-hanting, KSJ5, 6508, 408, chxy, @i-Shangwang, DG, Yitel, 喜哒屋202, H3C, flyNetwork
03-26 11:53:54.815   975   975 I wificond: Pno scan started
03-26 11:53:54.949  1409  1409 I chatty  : uid=1000 system_server expire 10 lines
03-26 11:53:55.105 17016 22682 W ContextImpl: Calling a method in the system process without a qualified user: android.app.ContextImpl.startService:1480 android.content.ContextWrapper.startService:650 filtratorsdk.adj.a:25 filtratorsdk.adq$1$2.run:84 <bottom of call stack> 
03-26 11:53:55.238  1409  2561 I chatty  : uid=1000(system) Binder:1409_A expire 4 lines
03-26 11:53:58.012  1409  1501 I chatty  : uid=1000(system) android.ui expire 2 lines
03-26 11:53:58.012  1409  2225 I chatty  : uid=1000(system) HBMController expire 4 lines
03-26 11:53:58.465  2256 22740 W ClientMonitor: handlePreviewFrame() called for authenticate!
03-26 11:53:58.561  2256 22740 I chatty  : uid=1000(system) com.meizu.facerecognition identical 2 lines
03-26 11:53:58.628  2256 22740 W ClientMonitor: handlePreviewFrame() called for authenticate!
03-26 11:53:58.747  1409  3383 I chatty  : uid=1000(system) Binder:1409_13 expire 1 line
03-26 11:53:58.780 17016 22788 W ContextImpl: Calling a method in the system process without a qualified user: android.app.ContextImpl.startService:1480 android.content.ContextWrapper.startService:650 android.content.ContextWrapper.startService:650 filtratorsdk.adj.a:25 com.meizu.networkmanager.boradcast.TrafficGlobalReceiver$2.run:277 
03-26 11:53:59.135   975   975 I wificond: Pno scan stopped
03-26 11:53:59.345 17016 22797 W ContextImpl: Calling a method in the system process without a qualified user: android.app.ContextImpl.startService:1480 android.content.ContextWrapper.startService:650 filtratorsdk.ail.a:118 filtratorsdk.ail.a:62 filtratorsdk.ail$1.run:69 
03-26 11:53:59.868  1409  1783 I chatty  : uid=1000(system) InputReader expire 27 lines
03-26 11:54:00.377   975   975 I wificond: Enters wifigbk_ageOutHistory
03-26 11:54:00.378   975   975 I wificond: Enters wifigbk_ageOutHistory
03-26 11:54:00.390  3763  3763 W ContextImpl: Calling a method in the system process without a qualified user: android.app.ContextImpl.startService:1480 android.content.ContextWrapper.startService:650 android.content.ContextWrapper.startService:650 com.meizu.dataservice.ExperienceReceiver.a:64 com.meizu.dataservice.ExperienceReceiver.onReceive:46 
03-26 11:54:00.428  3104  3104 E ActivityThread: Failed to find provider info for com.flyme.systemuitools.gameassiant.model.GameSDKContentProvider
03-26 11:54:00.430  3104  3104 I chatty  : uid=10043(com.flyme.systemuiex) com.flyme.systemuitools identical 3 lines
03-26 11:54:00.432  3104  3104 E ActivityThread: Failed to find provider info for com.flyme.systemuitools.gameassiant.model.GameSDKContentProvider
03-26 11:54:02.070  3104  3104 E ActivityThread: Failed to find provider info for com.flyme.systemuitools.gameassiant.model.GameSDKContentProvider
03-26 11:54:02.077  3104  3104 E ActivityThread: Failed to find provider info for com.flyme.systemuitools.gameassiant.model.GameSDKContentProvider
03-26 11:54:04.531 17016 22909 W ContextImpl: Calling a method in the system process without a qualified user: android.app.ContextImpl.startService:1480 android.content.ContextWrapper.startService:650 filtratorsdk.adj.a:25 filtratorsdk.adq$1$2.run:84 <bottom of call stack> 
03-26 11:54:04.660  1409  2562 I chatty  : uid=1000(system) Binder:1409_B expire 5 lines
03-26 11:54:09.288   975   975 W wificond: Skip match ssid for pno scan: 阜阳火车站5G, 欢乐迪KTV, CMB, Netcore_E1E6A5, AoMenDouLao, MGCK, ThunderSoft, TP-LINK_B8F3EE, HUAWEI Mate 9 Pro, 308, KSJ, HUAZHU-hanting, KSJ5, 6508, 408, chxy, @i-Shangwang, DG, Yitel, 喜哒屋202, H3C, flyNetwork
03-26 11:54:09.289   975   975 I wificond: Pno scan started
03-26 11:54:33.336  3104  3104 E ActivityThread: Failed to find provider info for com.flyme.systemuitools.gameassiant.model.GameSDKContentProvider
03-26 11:54:33.339  3104  3104 E ActivityThread: Failed to find provider info for com.flyme.systemuitools.gameassiant.model.GameSDKContentProvider
03-26 11:54:52.569   973  1084 E NetlinkEvent: NetlinkEvent::FindParam(): Parameter 'INTERFACE' not found
03-26 11:54:52.569   973  1084 E NetlinkEvent: NetlinkEvent::FindParam(): Parameter 'STATE' not found
03-26 11:54:52.569   973  1084 E NetlinkEvent: NetlinkEvent::FindParam(): Parameter 'TIME_NS' not found
03-26 11:54:52.569   973  1084 E NetlinkEvent: NetlinkEvent::FindParam(): Parameter 'UID' not found
03-26 11:54:56.802  1409  8241 I chatty  : uid=1000(system) Binder:1409_1F expire 14 lines
03-26 11:55:29.947   973  1084 E NetlinkEvent: NetlinkEvent::FindParam(): Parameter 'INTERFACE' not found
03-26 11:55:29.947   973  1084 E NetlinkEvent: NetlinkEvent::FindParam(): Parameter 'STATE' not found
03-26 11:55:29.947   973  1084 E NetlinkEvent: NetlinkEvent::FindParam(): Parameter 'TIME_NS' not found
03-26 11:55:29.947   973  1084 E NetlinkEvent: NetlinkEvent::FindParam(): Parameter 'UID' not found
03-26 11:56:20.080   973  1084 E NetlinkEvent: NetlinkEvent::FindParam(): Parameter 'INTERFACE' not found
03-26 11:56:20.080   973  1084 E NetlinkEvent: NetlinkEvent::FindParam(): Parameter 'STATE' not found
03-26 11:56:20.080   973  1084 E NetlinkEvent: NetlinkEvent::FindParam(): Parameter 'TIME_NS' not found
03-26 11:56:20.080   973  1084 E NetlinkEvent: NetlinkEvent::FindParam(): Parameter 'UID' not found
03-26 11:56:33.333  3104  3104 I DDI     : writeDisplayFile /sys/class/meizu/lcm/display/doze_s2 mode 1
03-26 11:56:34.011   975   975 I wificond: Pno scan stopped
03-26 11:56:34.082  1409  1523 I chatty  : uid=1000(system) PowerManagerSer expire 2 lines
03-26 11:56:34.380  2256 23031 W ClientMonitor: handlePreviewFrame() called for authenticate!
03-26 11:56:34.610 17016 23086 W ContextImpl: Calling a method in the system process without a qualified user: android.app.ContextImpl.startService:1480 android.content.ContextWrapper.startService:650 android.content.ContextWrapper.startService:650 filtratorsdk.adj.a:25 com.meizu.networkmanager.boradcast.TrafficGlobalReceiver$2.run:277 
03-26 11:56:35.233   975   975 I wificond: Enters wifigbk_ageOutHistory
03-26 11:56:35.234   975   975 I wificond: Enters wifigbk_ageOutHistory
03-26 11:56:35.242  3763  3763 W ContextImpl: Calling a method in the system process without a qualified user: android.app.ContextImpl.startService:1480 android.content.ContextWrapper.startService:650 android.content.ContextWrapper.startService:650 com.meizu.dataservice.ExperienceReceiver.a:64 com.meizu.dataservice.ExperienceReceiver.onReceive:46 
03-26 11:56:35.344 17016 23097 W ContextImpl: Calling a method in the system process without a qualified user: android.app.ContextImpl.startService:1480 android.content.ContextWrapper.startService:650 filtratorsdk.ail.a:118 filtratorsdk.ail.a:62 filtratorsdk.ail$1.run:69 
03-26 11:56:35.375  1409  1783 I chatty  : uid=1000(system) InputReader expire 12 lines
03-26 11:56:36.190  1409  2497 I chatty  : uid=1000(system) Binder:1409_7 expire 4 lines
03-26 11:56:36.278  3104  3104 E ActivityThread: Failed to find provider info for com.flyme.systemuitools.gameassiant.model.GameSDKContentProvider
03-26 11:56:36.278 15650 15650 E SchedPolicy: set_timerslack_ns write failed: Operation not permitted
03-26 11:56:36.283  3104  3104 E ActivityThread: Failed to find provider info for com.flyme.systemuitools.gameassiant.model.GameSDKContentProvider
03-26 11:56:36.285  3104  3104 E ActivityThread: Failed to find provider info for com.flyme.systemuitools.gameassiant.model.GameSDKContentProvider
03-26 11:56:36.480 15650 15650 E SchedPolicy: set_timerslack_ns write failed: Operation not permitted
03-26 11:56:36.553 15650 15650 E SchedPolicy: set_timerslack_ns write failed: Operation not permitted
03-26 11:56:37.430   973  1084 E NetlinkEvent: NetlinkEvent::FindParam(): Parameter 'INTERFACE' not found
03-26 11:56:37.430   973  1084 E NetlinkEvent: NetlinkEvent::FindParam(): Parameter 'STATE' not found
03-26 11:56:37.430   973  1084 E NetlinkEvent: NetlinkEvent::FindParam(): Parameter 'TIME_NS' not found
03-26 11:56:37.430   973  1084 E NetlinkEvent: NetlinkEvent::FindParam(): Parameter 'UID' not found
03-26 11:56:46.479  1409  7828 I chatty  : uid=1000(system) Binder:1409_17 expire 2 lines
03-26 11:56:46.566  1409  2240 I chatty  : uid=1000(system) TaskSnapshotPer expire 1 line
03-26 11:56:46.613  3351  3351 W ViewRootImpl[Launcher]: Cancelling event due to no window focus: KeyEvent { action=ACTION_UP, keyCode=KEYCODE_BACK, scanCode=0, metaState=0, flags=0x28, repeatCount=0, eventTime=317669654, downTime=317669654, deviceId=-1, source=0x101 }
03-26 11:56:46.613  3351  3351 I chatty  : uid=10021(com.meizu.flyme.launcher) identical 8 lines
03-26 11:56:46.613  3351  3351 W ViewRootImpl[Launcher]: Cancelling event due to no window focus: KeyEvent { action=ACTION_UP, keyCode=KEYCODE_BACK, scanCode=0, metaState=0, flags=0x28, repeatCount=0, eventTime=317669654, downTime=317669654, deviceId=-1, source=0x101 }
03-26 11:56:47.399  1409  1500 I chatty  : uid=1000(system) ActivityManager expire 6 lines
03-26 11:56:47.424  1409  2654 I chatty  : uid=1000(system) phoneRecord expire 1 line
03-26 11:56:47.425  1409  1783 I chatty  : uid=1000(system) InputReader expire 14 lines
03-26 11:56:47.442 15650 15650 E SchedPolicy: set_timerslack_ns write failed: Operation not permitted
03-26 11:56:47.741  3351  3351 W ViewRootImpl[Launcher]: Dropping event due to no window focus: MotionEvent { action=ACTION_MOVE, actionButton=0, id[0]=0, x[0]=284.50888, y[0]=1300.398, toolType[0]=TOOL_TYPE_FINGER, buttonState=0, metaState=0, flags=0x2, edgeFlags=0x0, pointerCount=1, historySize=7, eventTime=317670905, downTime=317670598, deviceId=8, source=0x1002 }
03-26 11:56:47.745  1409  8241 I chatty  : uid=1000(system) Binder:1409_1F expire 1 line
03-26 11:56:47.753  3351  3351 W ViewRootImpl[Launcher]: Dropping event due to no window focus: MotionEvent { action=ACTION_MOVE, actionButton=0, id[0]=0, x[0]=281.92188, y[0]=1300.398, toolType[0]=TOOL_TYPE_FINGER, buttonState=0, metaState=0, flags=0x2, edgeFlags=0x0, pointerCount=1, historySize=1, eventTime=317670922, downTime=317670598, deviceId=8, source=0x1002 }
03-26 11:56:47.770  3351  3351 W ViewRootImpl[Launcher]: Dropping event due to no window focus: MotionEvent { action=ACTION_MOVE, actionButton=0, id[0]=0, x[0]=279.62637, y[0]=1300.398, toolType[0]=TOOL_TYPE_FINGER, buttonState=0, metaState=0, flags=0x2, edgeFlags=0x0, pointerCount=1, historySize=2, eventTime=317670938, downTime=317670598, deviceId=8, source=0x1002 }
03-26 11:56:47.787  3351  3351 W ViewRootImpl[Launcher]: Dropping event due to no window focus: MotionEvent { action=ACTION_MOVE, actionButton=0, id[0]=0, x[0]=276.32156, y[0]=1300.398, toolType[0]=TOOL_TYPE_FINGER, buttonState=0, metaState=0, flags=0x2, edgeFlags=0x0, pointerCount=1, historySize=2, eventTime=317670955, downTime=317670598, deviceId=8, source=0x1002 }
03-26 11:56:47.803  3351  3351 W ViewRootImpl[Launcher]: Dropping event due to no window focus: MotionEvent { action=ACTION_MOVE, actionButton=0, id[0]=0, x[0]=272.1685, y[0]=1300.398, toolType[0]=TOOL_TYPE_FINGER, buttonState=0, metaState=0, flags=0x2, edgeFlags=0x0, pointerCount=1, historySize=1, eventTime=317670972, downTime=317670598, deviceId=8, source=0x1002 }
03-26 11:56:47.820  3351  3351 W ViewRootImpl[Launcher]: Dropping event due to no window focus: MotionEvent { action=ACTION_MOVE, actionButton=0, id[0]=0, x[0]=267.1993, y[0]=1300.398, toolType[0]=TOOL_TYPE_FINGER, buttonState=0, metaState=0, flags=0x2, edgeFlags=0x0, pointerCount=1, historySize=2, eventTime=317670989, downTime=317670598, deviceId=8, source=0x1002 }
03-26 11:56:47.837  3351  3351 W ViewRootImpl[Launcher]: Dropping event due to no window focus: MotionEvent { action=ACTION_MOVE, actionButton=0, id[0]=0, x[0]=262.21762, y[0]=1300.398, toolType[0]=TOOL_TYPE_FINGER, buttonState=0, metaState=0, flags=0x2, edgeFlags=0x0, pointerCount=1, historySize=2, eventTime=317671005, downTime=317670598, deviceId=8, source=0x1002 }
03-26 11:56:47.853  3351  3351 W ViewRootImpl[Launcher]: Dropping event due to no window focus: MotionEvent { action=ACTION_MOVE, actionButton=0, id[0]=0, x[0]=258.08475, y[0]=1300.398, toolType[0]=TOOL_TYPE_FINGER, buttonState=0, metaState=0, flags=0x2, edgeFlags=0x0, pointerCount=1, historySize=1, eventTime=317671022, downTime=317670598, deviceId=8, source=0x1002 }
03-26 11:56:47.870  3351  3351 W ViewRootImpl[Launcher]: Dropping event due to no window focus: MotionEvent { action=ACTION_MOVE, actionButton=0, id[0]=0, x[0]=254.7806, y[0]=1298.907, toolType[0]=TOOL_TYPE_FINGER, buttonState=0, metaState=0, flags=0x2, edgeFlags=0x0, pointerCount=1, historySize=2, eventTime=317671039, downTime=317670598, deviceId=8, source=0x1002 }
03-26 11:56:47.887  3351  3351 W ViewRootImpl[Launcher]: Dropping event due to no window focus: MotionEvent { action=ACTION_MOVE, actionButton=0, id[0]=0, x[0]=251.4729, y[0]=1299.3984, toolType[0]=TOOL_TYPE_FINGER, buttonState=0, metaState=0, flags=0x2, edgeFlags=0x0, pointerCount=1, historySize=2, eventTime=317671056, downTime=317670598, deviceId=8, source=0x1002 }
03-26 11:56:47.904  3351  3351 W ViewRootImpl[Launcher]: Dropping event due to no window focus: MotionEvent { action=ACTION_MOVE, actionButton=0, id[0]=0, x[0]=249.96771, y[0]=1299.3984, toolType[0]=TOOL_TYPE_FINGER, buttonState=0, metaState=0, flags=0x2, edgeFlags=0x0, pointerCount=1, historySize=1, eventTime=317671072, downTime=317670598, deviceId=8, source=0x1002 }
03-26 11:56:47.921  3351  3351 W ViewRootImpl[Launcher]: Dropping event due to no window focus: MotionEvent { action=ACTION_MOVE, actionButton=0, id[0]=0, x[0]=248.32251, y[0]=1299.3984, toolType[0]=TOOL_TYPE_FINGER, buttonState=0, metaState=0, flags=0x2, edgeFlags=0x0, pointerCount=1, historySize=2, eventTime=317671089, downTime=317670598, deviceId=8, source=0x1002 }
03-26 11:56:47.938  3351  3351 W ViewRootImpl[Launcher]: Dropping event due to no window focus: MotionEvent { action=ACTION_MOVE, actionButton=0, id[0]=0, x[0]=246.6906, y[0]=1299.3984, toolType[0]=TOOL_TYPE_FINGER, buttonState=0, metaState=0, flags=0x2, edgeFlags=0x0, pointerCount=1, historySize=2, eventTime=317671106, downTime=317670598, deviceId=8, source=0x1002 }
03-26 11:56:47.954  3351  3351 W ViewRootImpl[Launcher]: Dropping event due to no window focus: MotionEvent { action=ACTION_MOVE, actionButton=0, id[0]=0, x[0]=245.02332, y[0]=1299.3984, toolType[0]=TOOL_TYPE_FINGER, buttonState=0, metaState=0, flags=0x2, edgeFlags=0x0, pointerCount=1, historySize=1, eventTime=317671123, downTime=317670598, deviceId=8, source=0x1002 }
03-26 11:56:47.971  3351  3351 W ViewRootImpl[Launcher]: Dropping event due to no window focus: MotionEvent { action=ACTION_MOVE, actionButton=0, id[0]=0, x[0]=243.40208, y[0]=1299.3984, toolType[0]=TOOL_TYPE_FINGER, buttonState=0, metaState=0, flags=0x2, edgeFlags=0x0, pointerCount=1, historySize=2, eventTime=317671139, downTime=317670598, deviceId=8, source=0x1002 }
03-26 11:56:47.988  3351  3351 W ViewRootImpl[Launcher]: Dropping event due to no window focus: MotionEvent { action=ACTION_MOVE, actionButton=0, id[0]=0, x[0]=241.75148, y[0]=1299.3984, toolType[0]=TOOL_TYPE_FINGER, buttonState=0, metaState=0, flags=0x2, edgeFlags=0x0, pointerCount=1, historySize=2, eventTime=317671156, downTime=317670598, deviceId=8, source=0x1002 }
03-26 11:56:48.004  3351  3351 W ViewRootImpl[Launcher]: Dropping event due to no window focus: MotionEvent { action=ACTION_MOVE, actionButton=0, id[0]=0, x[0]=238.34393, y[0]=1299.3984, toolType[0]=TOOL_TYPE_FINGER, buttonState=0, metaState=0, flags=0x2, edgeFlags=0x0, pointerCount=1, historySize=1, eventTime=317671173, downTime=317670598, deviceId=8, source=0x1002 }
03-26 11:56:48.022  3351  3351 W ViewRootImpl[Launcher]: Dropping event due to no window focus: MotionEvent { action=ACTION_MOVE, actionButton=0, id[0]=0, x[0]=235.04715, y[0]=1299.3984, toolType[0]=TOOL_TYPE_FINGER, buttonState=0, metaState=0, flags=0x2, edgeFlags=0x0, pointerCount=1, historySize=2, eventTime=317671190, downTime=317670598, deviceId=8, source=0x1002 }
03-26 11:56:48.039  3351  3351 W ViewRootImpl[Launcher]: Dropping event due to no window focus: MotionEvent { action=ACTION_MOVE, actionButton=0, id[0]=0, x[0]=231.73338, y[0]=1299.3984, toolType[0]=TOOL_TYPE_FINGER, buttonState=0, metaState=0, flags=0x2, edgeFlags=0x0, pointerCount=1, historySize=2, eventTime=317671206, downTime=317670598, deviceId=8, source=0x1002 }
03-26 11:56:48.055  3351  3351 W ViewRootImpl[Launcher]: Dropping event due to no window focus: MotionEvent { action=ACTION_MOVE, actionButton=0, id[0]=0, x[0]=228.42407, y[0]=1299.3984, toolType[0]=TOOL_TYPE_FINGER, buttonState=0, metaState=0, flags=0x2, edgeFlags=0x0, pointerCount=1, historySize=1, eventTime=317671223, downTime=317670598, deviceId=8, source=0x1002 }
03-26 11:56:48.073  3351  3351 W ViewRootImpl[Launcher]: Dropping event due to no window focus: MotionEvent { action=ACTION_MOVE, actionButton=0, id[0]=0, x[0]=226.45479, y[0]=1299.3984, toolType[0]=TOOL_TYPE_FINGER, buttonState=0, metaState=0, flags=0x2, edgeFlags=0x0, pointerCount=1, historySize=2, eventTime=317671240, downTime=317670598, deviceId=8, source=0x1002 }
03-26 11:56:48.089  3351  3351 W ViewRootImpl[Launcher]: Dropping event due to no window focus: MotionEvent { action=ACTION_MOVE, actionButton=0, id[0]=0, x[0]=222.83331, y[0]=1298.3988, toolType[0]=TOOL_TYPE_FINGER, buttonState=0, metaState=0, flags=0x2, edgeFlags=0x0, pointerCount=1, historySize=1, eventTime=317671257, downTime=317670598, deviceId=8, source=0x1002 }
03-26 11:56:48.105  3351  3351 W ViewRootImpl[Launcher]: Dropping event due to no window focus: MotionEvent { action=ACTION_MOVE, actionButton=0, id[0]=0, x[0]=219.55171, y[0]=1297.3993, toolType[0]=TOOL_TYPE_FINGER, buttonState=0, metaState=0, flags=0x2, edgeFlags=0x0, pointerCount=1, historySize=2, eventTime=317671273, downTime=317670598, deviceId=8, source=0x1002 }
03-26 11:56:48.122  3351  3351 W ViewRootImpl[Launcher]: Dropping event due to no window focus: MotionEvent { action=ACTION_MOVE, actionButton=0, id[0]=0, x[0]=216.20059, y[0]=1297.3993, toolType[0]=TOOL_TYPE_FINGER, buttonState=0, metaState=0, flags=0x2, edgeFlags=0x0, pointerCount=1, historySize=2, eventTime=317671290, downTime=317670598, deviceId=8, source=0x1002 }
03-26 11:56:48.140  3351  3351 W ViewRootImpl[Launcher]: Dropping event due to no window focus: MotionEvent { action=ACTION_MOVE, actionButton=0, id[0]=0, x[0]=212.90361, y[0]=1296.3998, toolType[0]=TOOL_TYPE_FINGER, buttonState=0, metaState=0, flags=0x2, edgeFlags=0x0, pointerCount=1, historySize=1, eventTime=317671307, downTime=317670598, deviceId=8, source=0x1002 }
