03-26 14:13:39.859  3104  3104 E ActivityThread: Failed to find provider info for com.flyme.systemuitools.gameassiant.model.GameSDKContentProvider
03-26 14:13:39.860  2256 24659 W ClientMonitor: handlePreviewFrame() called for authenticate!
03-26 14:13:39.868  3104  3104 E ActivityThread: Failed to find provider info for com.flyme.systemuitools.gameassiant.model.GameSDKContentProvider
03-26 14:13:39.883  3104  3104 E ActivityThread: Failed to find provider info for com.flyme.systemuitools.gameassiant.model.GameSDKContentProvider
03-26 14:13:39.884  2256 24659 W ClientMonitor: handlePreviewFrame() called for authenticate!
03-26 14:13:39.885  3104  3104 E ActivityThread: Failed to find provider info for com.flyme.systemuitools.gameassiant.model.GameSDKContentProvider
03-26 14:13:39.916  2256 24659 W ClientMonitor: handlePreviewFrame() called for authenticate!
03-26 14:13:39.984  2256 24659 W ClientMonitor: handlePreviewFrame() called for authenticate!
03-26 14:13:40.016  2256 24659 W ClientMonitor: handlePreviewFrame() called for authenticate!
03-26 14:13:40.081 15650 15650 E SchedPolicy: set_timerslack_ns write failed: Operation not permitted
03-26 14:13:40.253  1409  2342 I chatty  : uid=1000(system) Binder:1409_5 expire 13 lines
03-26 14:13:40.498 15650 15650 E SchedPolicy: set_timerslack_ns write failed: Operation not permitted
03-26 14:13:40.601  1409  2537 I chatty  : uid=1000(system) Binder:1409_9 expire 8 lines
03-26 14:13:41.380 17016 24756 W ContextImpl: Calling a method in the system process without a qualified user: android.app.ContextImpl.startService:1480 android.content.ContextWrapper.startService:650 android.content.ContextWrapper.startService:650 filtratorsdk.adj.a:25 com.meizu.networkmanager.boradcast.TrafficGlobalReceiver$2.run:277 
03-26 14:13:42.840  1409  2243 I chatty  : uid=1000(system) LazyTaskWriterT expire 2 lines
03-26 14:13:44.428 24767 24767 E ActivityThread: Failed to find provider info for com.tencent.mm.coolassist.debugprovider
03-26 14:13:44.460 15650 15650 E SchedPolicy: set_timerslack_ns write failed: Operation not permitted
03-26 14:13:44.830 15650 15650 E SchedPolicy: set_timerslack_ns write failed: Operation not permitted
03-26 14:13:46.293 24767 24864 W FileUtils: Failed to chmod(/data/user/0/com.tencent.mobileqq/app_tbs): android.system.ErrnoException: chmod failed: EACCES (Permission denied)
03-26 14:13:46.294 24767 24864 W FileUtils: Failed to chmod(/data/user/0/com.tencent.mobileqq/app_tbs_common_share): android.system.ErrnoException: chmod failed: EACCES (Permission denied)
03-26 14:13:46.365  1409  3311 I chatty  : uid=1000(system) Binder:1409_10 expire 7 lines
03-26 14:13:47.157 24889 24889 E ActivityThread: Failed to find provider info for com.tencent.mm.coolassist.debugprovider
03-26 14:13:48.167  1409  1783 I chatty  : uid=1000(system) InputReader expire 17 lines
03-26 14:13:52.555  3351  3351 W ViewRootImpl[Launcher]: Cancelling event due to no window focus: KeyEvent { action=ACTION_UP, keyCode=KEYCODE_BACK, scanCode=0, metaState=0, flags=0x28, repeatCount=0, eventTime=325486309, downTime=325486309, deviceId=-1, source=0x101 }
03-26 14:13:52.555  3351  3351 W ViewRootImpl[Launcher]: Cancelling event due to no window focus: KeyEvent { action=ACTION_UP, keyCode=KEYCODE_BACK, scanCode=0, metaState=0, flags=0x28, repeatCount=0, eventTime=325486309, downTime=325486309, deviceId=-1, source=0x101 }
03-26 14:13:53.336 15650 15650 E SchedPolicy: set_timerslack_ns write failed: Operation not permitted
03-26 14:13:54.001  1409  1523 I chatty  : uid=1000(system) PowerManagerSer expire 6 lines
03-26 14:13:54.001  1409  2242 I chatty  : uid=1000(system) PhotonicModulat expire 5 lines
03-26 14:13:54.010  1409  1520 I chatty  : uid=1000(system) android.display expire 3 lines
03-26 14:13:54.363  1409  1409 I chatty  : uid=1000 system_server expire 6 lines
03-26 14:13:54.548 17016 25064 W ContextImpl: Calling a method in the system process without a qualified user: android.app.ContextImpl.startService:1480 android.content.ContextWrapper.startService:650 filtratorsdk.adj.a:25 filtratorsdk.adq$1$2.run:84 <bottom of call stack> 
03-26 14:13:59.005  1409  1500 I chatty  : uid=1000(system) ActivityManager expire 14 lines
03-26 14:13:59.856  1409  2537 I chatty  : uid=1000(system) Binder:1409_9 expire 2 lines
03-26 14:14:29.866  1409  8241 I chatty  : uid=1000(system) Binder:1409_1F expire 6 lines
03-26 14:14:30.061  1409  1499 I chatty  : uid=1000(system) android.bg expire 5 lines
03-26 14:14:53.546  1409  3302 I chatty  : uid=1000(system) Binder:1409_E expire 11 lines
03-26 14:16:37.800  1409  1509 I chatty  : uid=1000(system) batterystats-wo expire 2 lines
03-26 14:16:55.932 17016 25146 W ContextImpl: Calling a method in the system process without a qualified user: android.app.ContextImpl.startService:1480 android.content.ContextWrapper.startService:650 filtratorsdk.ail.a:118 filtratorsdk.ail.a:62 filtratorsdk.ail$1.run:69 
03-26 14:16:59.926  1409  3187 I chatty  : uid=1000(system) Binder:1409_C expire 3 lines
03-26 14:17:10.241  1409  1783 I chatty  : uid=1000(system) InputReader expire 35 lines
03-26 14:17:10.257  1409  2225 I chatty  : uid=1000(system) HBMController expire 2 lines
03-26 14:17:10.257  1409  1501 I chatty  : uid=1000(system) android.ui expire 1 line
03-26 14:17:10.669  2256 25158 W ClientMonitor: handlePreviewFrame() called for authenticate!
03-26 14:17:10.833  1409  3348 I chatty  : uid=1000(system) Binder:1409_11 expire 9 lines
03-26 14:17:10.866 17016 25240 W ContextImpl: Calling a method in the system process without a qualified user: android.app.ContextImpl.startService:1480 android.content.ContextWrapper.startService:650 android.content.ContextWrapper.startService:650 filtratorsdk.adj.a:25 com.meizu.networkmanager.boradcast.TrafficGlobalReceiver$2.run:277 
03-26 14:17:11.578 17016 25253 W ContextImpl: Calling a method in the system process without a qualified user: android.app.ContextImpl.startService:1480 android.content.ContextWrapper.startService:650 filtratorsdk.ail.a:118 filtratorsdk.ail.a:62 filtratorsdk.ail$1.run:69 
03-26 14:17:13.089  1409  7834 I chatty  : uid=1000(system) Binder:1409_19 expire 1 line
03-26 14:17:13.136  1409  3379 I chatty  : uid=1000(system) Binder:1409_12 expire 13 lines
03-26 14:17:13.136  1409  1769 I chatty  : uid=1000(system) android.anim expire 12 lines
03-26 14:17:13.420  5560 25269 E ActivityThread: Failed to find provider info for com.qti.smq.qualcommFeedback.provider
03-26 14:17:13.965   975   975 I wificond: Enters wifigbk_ageOutHistory
03-26 14:17:13.965   975   975 I wificond: Enters wifigbk_ageOutHistory
03-26 14:17:13.973  3763  3763 W ContextImpl: Calling a method in the system process without a qualified user: android.app.ContextImpl.startService:1480 android.content.ContextWrapper.startService:650 android.content.ContextWrapper.startService:650 com.meizu.dataservice.ExperienceReceiver.a:64 com.meizu.dataservice.ExperienceReceiver.onReceive:46 
03-26 14:17:14.372  1409  1518 I chatty  : uid=1000(system) android.fg expire 11 lines
03-26 14:17:14.451  1409  2534 I chatty  : uid=1000(system) Binder:1409_8 expire 3 lines
03-26 14:17:17.282  1409  2243 I chatty  : uid=1000(system) LazyTaskWriterT expire 4 lines
03-26 14:17:17.484  1409  3302 I chatty  : uid=1000(system) Binder:1409_E expire 7 lines
03-26 14:17:17.591  1409  2240 I chatty  : uid=1000(system) TaskSnapshotPer expire 1 line
03-26 14:17:17.638  5560 25404 W ContextImpl: Calling a method in the system process without a qualified user: android.app.ContextImpl.bindService:1560 android.content.ContextWrapper.bindService:684 com.meizu.statsapp.v3.lib.plugin.emitter.remote.V3RemoteServiceRequester.bindRemoteService:241 com.meizu.statsapp.v3.lib.plugin.emitter.remote.V3RemoteServiceRequester.emitterUpdateConfig:150 com.meizu.statsapp.v3.lib.plugin.emitter.remote.V3OfflineEmitter$1.run:84 
03-26 14:17:54.072  1409  1532 I chatty  : uid=1000(system) PackageManager expire 22 lines
03-26 14:17:54.390 25493 25493 W ContextImpl: Calling a method in the system process without a qualified user: android.app.ContextImpl.startService:1480 android.content.ContextWrapper.startService:650 android.content.ContextWrapper.startService:650 com.qualcomm.qti.seemp.service.SeempBroadcastReceiver.onReceive:56 android.app.ActivityThread.handleReceiver:3383 
03-26 14:17:54.629  1409  1783 I chatty  : uid=1000(system) InputReader expire 34 lines
03-26 14:17:55.653  1409  2299 I chatty  : uid=1000(system) Binder:1409_4 expire 10 lines
03-26 14:17:56.115  1409  1477 I chatty  : uid=1000(system) Binder:1409_2 expire 1 line
03-26 14:17:56.414  1409  2561 I chatty  : uid=1000(system) Binder:1409_A expire 4 lines
03-26 14:18:04.237  1409  3383 I chatty  : uid=1000(system) Binder:1409_13 expire 20 lines
03-26 14:18:05.886  1409  1783 I chatty  : uid=1000(system) InputReader expire 152 lines
03-26 14:18:05.889  1409  3348 I chatty  : uid=1000(system) Binder:1409_11 expire 12 lines
03-26 14:18:05.959  1409  2561 I chatty  : uid=1000(system) Binder:1409_A expire 10 lines
03-26 14:18:08.494  1409  7834 I chatty  : uid=1000(system) Binder:1409_19 expire 20 lines
03-26 14:18:11.021  1409  1500 I chatty  : uid=1000(system) ActivityManager expire 1 line
03-26 14:18:16.485  1409  2243 I chatty  : uid=1000(system) LazyTaskWriterT expire 1 line
03-26 14:18:45.551  1409  2299 I chatty  : uid=1000(system) Binder:1409_4 expire 4 lines
03-26 14:18:47.160  3104  3104 E ActivityThread: Failed to find provider info for com.flyme.systemuitools.gameassiant.model.GameSDKContentProvider
03-26 14:18:47.162  3104  3104 I chatty  : uid=10043(com.flyme.systemuiex) com.flyme.systemuitools identical 1 line
03-26 14:18:47.163  3104  3104 E ActivityThread: Failed to find provider info for com.flyme.systemuitools.gameassiant.model.GameSDKContentProvider
03-26 14:18:47.536  1409  1783 I chatty  : uid=1000(system) InputReader expire 8 lines
03-26 14:18:47.544  1409  3348 I chatty  : uid=1000(system) Binder:1409_11 expire 14 lines
03-26 14:18:51.510  1409  7834 I chatty  : uid=1000(system) Binder:1409_19 expire 6 lines
03-26 14:18:51.950  1409  1783 I chatty  : uid=1000(system) InputReader expire 142 lines
03-26 14:18:56.695  1409  1769 I chatty  : uid=1000(system) android.anim expire 6 lines
03-26 14:18:56.928  3104  3104 E ActivityThread: Failed to find provider info for com.flyme.systemuitools.gameassiant.model.GameSDKContentProvider
03-26 14:18:56.929  3104  3104 I chatty  : uid=10043(com.flyme.systemuiex) com.flyme.systemuitools identical 1 line
03-26 14:18:56.930  3104  3104 E ActivityThread: Failed to find provider info for com.flyme.systemuitools.gameassiant.model.GameSDKContentProvider
03-26 14:18:58.656  1409  1409 I chatty  : uid=1000 system_server expire 4 lines
03-26 14:18:58.657  1409  2561 I chatty  : uid=1000(system) Binder:1409_A expire 2 lines
03-26 14:18:59.963  1409  2299 I chatty  : uid=1000(system) Binder:1409_4 expire 6 lines
03-26 14:19:10.492  1409  1509 I chatty  : uid=1000(system) batterystats-wo expire 2 lines
03-26 14:19:24.573  1409  2243 I chatty  : uid=1000(system) LazyTaskWriterT expire 2 lines
03-26 14:19:43.326  1409  3383 I chatty  : uid=1000(system) Binder:1409_13 expire 9 lines
03-26 14:19:43.384  1409  2240 I chatty  : uid=1000(system) TaskSnapshotPer expire 3 lines
03-26 14:19:43.411  1409  1477 I chatty  : uid=1000(system) Binder:1409_2 expire 5 lines
03-26 14:19:43.419  1409  2299 I chatty  : uid=1000(system) Binder:1409_4 expire 4 lines
03-26 14:19:43.439  1409 26273 I chatty  : uid=1000 system_server expire 1 line
03-26 14:19:43.449  1409  1520 I chatty  : uid=1000(system) android.display expire 6 lines
03-26 14:19:46.493  1409  2243 I chatty  : uid=1000(system) LazyTaskWriterT expire 4 lines
03-26 14:19:52.359  1409  1509 I chatty  : uid=1000(system) batterystats-wo expire 4 lines
03-26 14:19:59.977  1409  1475 I chatty  : uid=1000(system) Binder:1409_1 expire 13 lines
03-26 14:20:08.949  1409  1409 I chatty  : uid=1000 system_server expire 9 lines
03-26 14:20:28.952  1409  1783 I chatty  : uid=1000(system) InputReader expire 24 lines
03-26 14:20:33.299  1409  1769 I chatty  : uid=1000(system) android.anim expire 12 lines
03-26 14:20:33.316  1409  7554 I chatty  : uid=1000(system) Binder:1409_16 expire 5 lines
03-26 14:21:01.167  1409  3348 I chatty  : uid=1000(system) Binder:1409_11 expire 5 lines
03-26 14:21:01.219  1409 26384 I chatty  : uid=1000 system_server expire 1 line
03-26 14:21:07.589  1409  3379 I chatty  : uid=1000(system) Binder:1409_12 expire 5 lines
03-26 14:21:07.589  1409  2342 I chatty  : uid=1000(system) Binder:1409_5 expire 11 lines
03-26 14:21:07.622  1409 26441 I chatty  : uid=1000 system_server expire 1 line
03-26 14:23:51.284  1409  1523 I chatty  : uid=1000(system) PowerManagerSer expire 7 lines
03-26 14:23:51.463  1409  2242 I chatty  : uid=1000(system) PhotonicModulat expire 5 lines
03-26 14:23:51.704 17016 26534 W ContextImpl: Calling a method in the system process without a qualified user: android.app.ContextImpl.startService:1480 android.content.ContextWrapper.startService:650 filtratorsdk.adj.a:25 filtratorsdk.adq$1$2.run:84 <bottom of call stack> 
03-26 14:23:51.747  1409  8241 I chatty  : uid=1000(system) Binder:1409_1F expire 1 line
03-26 14:23:52.488  1409  2206 I chatty  : uid=1000(system) Binder:1409_3 expire 6 lines
03-26 14:23:56.466  1409  1500 I chatty  : uid=1000(system) ActivityManager expire 5 lines
03-26 14:25:10.094  1409  1532 I chatty  : uid=1000(system) PackageManager expire 18 lines
03-26 14:25:10.372 26638 26638 W ContextImpl: Calling a method in the system process without a qualified user: android.app.ContextImpl.startService:1480 android.content.ContextWrapper.startService:650 android.content.ContextWrapper.startService:650 com.qualcomm.qti.seemp.service.SeempBroadcastReceiver.onReceive:56 android.app.ActivityThread.handleReceiver:3383 
03-26 14:25:12.169  1409  1499 I chatty  : uid=1000(system) android.bg expire 2 lines
03-26 14:25:30.105  1409 14847 I chatty  : uid=1000(system) Binder:1409_20 expire 2 lines
03-26 14:25:34.255  1409  1501 I chatty  : uid=1000(system) android.ui expire 1 line
03-26 14:25:34.268  1409  2225 I chatty  : uid=1000(system) HBMController expire 2 lines
03-26 14:25:34.648  2256 26743 W ClientMonitor: handlePreviewFrame() called for authenticate!
03-26 14:25:34.714  2256 26743 W ClientMonitor: handlePreviewFrame() called for authenticate!
03-26 14:25:34.899  1409  3305 I chatty  : uid=1000(system) Binder:1409_F expire 5 lines
03-26 14:25:34.937 17016 26784 W ContextImpl: Calling a method in the system process without a qualified user: android.app.ContextImpl.startService:1480 android.content.ContextWrapper.startService:650 android.content.ContextWrapper.startService:650 filtratorsdk.adj.a:25 com.meizu.networkmanager.boradcast.TrafficGlobalReceiver$2.run:277 
03-26 14:25:35.622 17016 26810 W ContextImpl: Calling a method in the system process without a qualified user: android.app.ContextImpl.startService:1480 android.content.ContextWrapper.startService:650 filtratorsdk.ail.a:118 filtratorsdk.ail.a:62 filtratorsdk.ail$1.run:69 
03-26 14:25:35.717  1409  1500 I chatty  : uid=1000(system) ActivityManager expire 8 lines
03-26 14:25:35.737 26812 26812 W ContextImpl: Calling a method in the system process without a qualified user: android.app.ContextImpl.startService:1480 android.content.ContextWrapper.startService:650 android.content.ContextWrapper.startService:650 com.qualcomm.qti.seemp.service.SeempBroadcastReceiver.onReceive:56 android.app.ActivityThread.handleReceiver:3383 
03-26 14:25:35.752  1409  3379 I chatty  : uid=1000(system) Binder:1409_12 expire 15 lines
03-26 14:25:35.836  1409  1532 I chatty  : uid=1000(system) PackageManager expire 10 lines
03-26 14:25:36.130  1409  1783 I chatty  : uid=1000(system) InputReader expire 16 lines
03-26 14:25:36.940  1409  2342 I chatty  : uid=1000(system) Binder:1409_5 expire 10 lines
03-26 14:25:37.135  1409  1769 I chatty  : uid=1000(system) android.anim expire 9 lines
03-26 14:25:37.466  1409 14847 I chatty  : uid=1000(system) Binder:1409_20 expire 10 lines
03-26 14:25:38.244   975   975 I wificond: Enters wifigbk_ageOutHistory
03-26 14:25:38.245   975   975 I wificond: Enters wifigbk_ageOutHistory
03-26 14:25:38.256  3763  3763 W ContextImpl: Calling a method in the system process without a qualified user: android.app.ContextImpl.startService:1480 android.content.ContextWrapper.startService:650 android.content.ContextWrapper.startService:650 com.meizu.dataservice.ExperienceReceiver.a:64 com.meizu.dataservice.ExperienceReceiver.onReceive:46 
03-26 14:25:38.971  1409  1499 I chatty  : uid=1000(system) android.bg expire 2 lines
03-26 14:25:41.240  1409  2243 I chatty  : uid=1000(system) LazyTaskWriterT expire 3 lines
03-26 14:25:48.807  1409  8241 I chatty  : uid=1000(system) Binder:1409_1F expire 2 lines
03-26 14:25:48.897  1409  2240 I chatty  : uid=1000(system) TaskSnapshotPer expire 4 lines
03-26 14:25:48.914  3104  3104 E ActivityThread: Failed to find provider info for com.flyme.systemuitools.gameassiant.model.GameSDKContentProvider
03-26 14:25:48.917  3104  3104 I chatty  : uid=10043(com.flyme.systemuiex) com.flyme.systemuitools identical 2 lines
03-26 14:25:48.919  3104  3104 E ActivityThread: Failed to find provider info for com.flyme.systemuitools.gameassiant.model.GameSDKContentProvider
03-26 14:25:48.932 15650 15650 E SchedPolicy: set_timerslack_ns write failed: Operation not permitted
03-26 14:25:49.236 15650 15650 I chatty  : uid=10117(com.tencent.mm) identical 1 line
03-26 14:25:49.309 15650 15650 E SchedPolicy: set_timerslack_ns write failed: Operation not permitted
03-26 14:25:50.503  1409  1783 I chatty  : uid=1000(system) InputReader expire 62 lines
03-26 14:25:53.236 27026 27026 E ActivityThread: Failed to find provider info for com.tencent.mm.coolassist.debugprovider
03-26 14:25:53.456  1409  3383 I chatty  : uid=1000(system) Binder:1409_13 expire 10 lines
03-26 14:25:55.110 27026 27123 W FileUtils: Failed to chmod(/data/user/0/com.tencent.mobileqq/app_tbs): android.system.ErrnoException: chmod failed: EACCES (Permission denied)
03-26 14:25:55.112 27026 27123 W FileUtils: Failed to chmod(/data/user/0/com.tencent.mobileqq/app_tbs_common_share): android.system.ErrnoException: chmod failed: EACCES (Permission denied)
03-26 14:25:56.008 27153 27153 E ActivityThread: Failed to find provider info for com.tencent.mm.coolassist.debugprovider
03-26 14:26:00.109  1409  3379 I chatty  : uid=1000(system) Binder:1409_12 expire 8 lines
03-26 14:26:06.012 15650 15650 E SchedPolicy: set_timerslack_ns write failed: Operation not permitted
03-26 14:26:06.344  1409  1783 I chatty  : uid=1000(system) InputReader expire 11 lines
03-26 14:26:07.670  3104  3104 E ActivityThread: Failed to find provider info for com.flyme.systemuitools.gameassiant.model.GameSDKContentProvider
03-26 14:26:07.673  3104  3104 E ActivityThread: Failed to find provider info for com.flyme.systemuitools.gameassiant.model.GameSDKContentProvider
03-26 14:27:33.160  1409  1509 I chatty  : uid=1000(system) batterystats-wo expire 4 lines
03-26 14:28:06.349  1409  1523 I chatty  : uid=1000(system) PowerManagerSer expire 11 lines
03-26 14:28:06.525  1409  2242 I chatty  : uid=1000(system) PhotonicModulat expire 8 lines
03-26 14:28:06.573  1409  1520 I chatty  : uid=1000(system) android.display expire 5 lines
03-26 14:28:06.772 17016 27416 W ContextImpl: Calling a method in the system process without a qualified user: android.app.ContextImpl.startService:1480 android.content.ContextWrapper.startService:650 filtratorsdk.adj.a:25 filtratorsdk.adq$1$2.run:84 <bottom of call stack> 
03-26 14:28:07.288  1409  1501 I chatty  : uid=1000(system) android.ui expire 1 line
03-26 14:28:08.582 17016 27443 W ContextImpl: Calling a method in the system process without a qualified user: android.app.ContextImpl.startService:1480 android.content.ContextWrapper.startService:650 filtratorsdk.ail.a:118 filtratorsdk.ail.a:62 filtratorsdk.ail$1.run:69 
03-26 14:28:11.081   975   975 I wificond: Enters wifigbk_ageOutHistory
03-26 14:28:11.103   975   975 I wificond: Enters wifigbk_ageOutHistory
03-26 14:28:11.138  3763  3763 W ContextImpl: Calling a method in the system process without a qualified user: android.app.ContextImpl.startService:1480 android.content.ContextWrapper.startService:650 android.content.ContextWrapper.startService:650 com.meizu.dataservice.ExperienceReceiver.a:64 com.meizu.dataservice.ExperienceReceiver.onReceive:46 
03-26 14:28:30.174  1409  2342 I chatty  : uid=1000(system) Binder:1409_5 expire 8 lines
03-26 14:30:16.258 17016 27684 W ContextImpl: Calling a method in the system process without a qualified user: android.app.ContextImpl.startService:1480 android.content.ContextWrapper.startService:650 filtratorsdk.adj.a:25 filtratorsdk.adq$1$2.run:84 <bottom of call stack> 
03-26 14:30:21.082  1409  1409 I chatty  : uid=1000 system_server expire 1 line
03-26 14:31:00.261  1409  7554 I chatty  : uid=1000(system) Binder:1409_16 expire 3 lines
03-26 14:31:33.016  1409  1783 I chatty  : uid=1000(system) InputReader expire 35 lines
03-26 14:31:33.025  1409  3383 I chatty  : uid=1000(system) Binder:1409_13 expire 1 line
03-26 14:31:33.027  1409  1523 I chatty  : uid=1000(system) PowerManagerSer expire 3 lines
03-26 14:31:33.028  1409  1501 I chatty  : uid=1000(system) android.ui expire 1 line
03-26 14:31:33.028  1409  2225 I chatty  : uid=1000(system) HBMController expire 2 lines
03-26 14:31:33.029  1409  2242 I chatty  : uid=1000(system) PhotonicModulat expire 2 lines
03-26 14:31:33.036  1409  1520 I chatty  : uid=1000(system) android.display expire 1 line
03-26 14:31:33.428  2256 27724 W ClientMonitor: handlePreviewFrame() called for authenticate!
03-26 14:31:33.757  2256 27724 I chatty  : uid=1000(system) com.meizu.facerecognition identical 30 lines
03-26 14:31:33.791  2256 27724 W ClientMonitor: handlePreviewFrame() called for authenticate!
03-26 14:31:33.824  2256 27724 W ClientMonitor: handlePreviewFrame() called for authenticate!
03-26 14:31:34.325  2256 27724 W ClientMonitor: handlePreviewFrame() called for authenticate!
03-26 14:31:34.345 17016 27747 W ContextImpl: Calling a method in the system process without a qualified user: android.app.ContextImpl.startService:1480 android.content.ContextWrapper.startService:650 filtratorsdk.ail.a:118 filtratorsdk.ail.a:62 filtratorsdk.ail$1.run:69 
03-26 14:31:34.364  2256 27724 W ClientMonitor: handlePreviewFrame() called for authenticate!
03-26 14:31:34.728  2256 27724 W ClientMonitor: handlePreviewFrame() called for authenticate!
03-26 14:31:34.831  1409  1769 I chatty  : uid=1000(system) android.anim expire 12 lines
03-26 14:31:34.844  1409  1409 I chatty  : uid=1000 system_server expire 5 lines
03-26 14:31:34.911 17016 27764 W ContextImpl: Calling a method in the system process without a qualified user: android.app.ContextImpl.startService:1480 android.content.ContextWrapper.startService:650 android.content.ContextWrapper.startService:650 filtratorsdk.adj.a:25 com.meizu.networkmanager.boradcast.TrafficGlobalReceiver$2.run:277 
03-26 14:31:35.127  1409  3311 I chatty  : uid=1000(system) Binder:1409_10 expire 1 line
03-26 14:31:35.163  1409  3302 I chatty  : uid=1000(system) Binder:1409_E expire 11 lines
03-26 14:31:36.617  1409  2206 I chatty  : uid=1000(system) Binder:1409_3 expire 3 lines
03-26 14:31:36.672  1409  2240 I chatty  : uid=1000(system) TaskSnapshotPer expire 4 lines
03-26 14:31:36.694  3104  3104 E ActivityThread: Failed to find provider info for com.flyme.systemuitools.gameassiant.model.GameSDKContentProvider
03-26 14:31:36.695  3104  3104 I chatty  : uid=10043(com.flyme.systemuiex) com.flyme.systemuitools identical 1 line
03-26 14:31:36.696  3104  3104 E ActivityThread: Failed to find provider info for com.flyme.systemuitools.gameassiant.model.GameSDKContentProvider
03-26 14:31:36.748 15650 15650 E SchedPolicy: set_timerslack_ns write failed: Operation not permitted
03-26 14:31:36.899   975   975 I wificond: Enters wifigbk_ageOutHistory
03-26 14:31:36.900   975   975 I wificond: Enters wifigbk_ageOutHistory
03-26 14:31:36.914  3763  3763 W ContextImpl: Calling a method in the system process without a qualified user: android.app.ContextImpl.startService:1480 android.content.ContextWrapper.startService:650 android.content.ContextWrapper.startService:650 com.meizu.dataservice.ExperienceReceiver.a:64 com.meizu.dataservice.ExperienceReceiver.onReceive:46 
03-26 14:31:37.100 15650 15650 E SchedPolicy: set_timerslack_ns write failed: Operation not permitted
03-26 14:31:37.173 15650 15650 E SchedPolicy: set_timerslack_ns write failed: Operation not permitted
03-26 14:31:38.639  1409  2562 I chatty  : uid=1000(system) Binder:1409_B expire 11 lines
03-26 14:31:40.203 15650 15650 E SchedPolicy: set_timerslack_ns write failed: Operation not permitted
03-26 14:31:40.207  1409  2243 I chatty  : uid=1000(system) LazyTaskWriterT expire 2 lines
03-26 14:32:56.970  1409  1499 I chatty  : uid=1000(system) android.bg expire 2 lines
03-26 14:33:36.061  1409  8241 I chatty  : uid=1000(system) Binder:1409_1F expire 5 lines
03-26 14:33:36.326 15650 15650 E SchedPolicy: set_timerslack_ns write failed: Operation not permitted
03-26 14:33:36.376  1409  1783 I chatty  : uid=1000(system) InputReader expire 112 lines
03-26 14:33:37.480  1409  3302 I chatty  : uid=1000(system) Binder:1409_E expire 7 lines
03-26 14:33:38.358 15650 15650 E SchedPolicy: set_timerslack_ns write failed: Operation not permitted
03-26 14:34:00.340  1409  1475 I chatty  : uid=1000(system) Binder:1409_1 expire 4 lines
03-26 14:34:32.987  1409  1509 I chatty  : uid=1000(system) batterystats-wo expire 2 lines
03-26 14:34:33.055  1409  1769 I chatty  : uid=1000(system) android.anim expire 3 lines
03-26 14:34:35.015  1409  7836 I chatty  : uid=1000(system) Binder:1409_1B expire 3 lines
03-26 14:34:55.563  1409  1769 I chatty  : uid=1000(system) android.anim expire 10 lines
03-26 14:35:00.362  1409  3302 I chatty  : uid=1000(system) Binder:1409_E expire 4 lines
03-26 14:35:07.563  1409  1783 I chatty  : uid=1000(system) InputReader expire 80 lines
03-26 14:35:09.019  1409  1409 I chatty  : uid=1000 system_server expire 2 lines
03-26 14:35:30.376  1409  1475 I chatty  : uid=1000(system) Binder:1409_1 expire 2 lines
03-26 14:36:30.403  1409  2342 I chatty  : uid=1000(system) Binder:1409_5 expire 8 lines
03-26 14:37:06.853  1409  1532 I chatty  : uid=1000(system) PackageManager expire 19 lines
03-26 14:37:07.048  1409  1500 I chatty  : uid=1000(system) ActivityManager expire 6 lines
03-26 14:37:07.143 28150 28150 W ContextImpl: Calling a method in the system process without a qualified user: android.app.ContextImpl.startService:1480 android.content.ContextWrapper.startService:650 android.content.ContextWrapper.startService:650 com.qualcomm.qti.seemp.service.SeempBroadcastReceiver.onReceive:56 android.app.ActivityThread.handleReceiver:3383 
03-26 14:37:07.366  1409  1520 I chatty  : uid=1000(system) android.display expire 1 line
03-26 14:37:07.733  1409  1501 I chatty  : uid=1000(system) android.ui expire 1 line
03-26 14:37:07.921 15650 15650 E SchedPolicy: set_timerslack_ns write failed: Operation not permitted
03-26 14:37:08.690  1409  8238 I chatty  : uid=1000(system) Binder:1409_1C expire 1 line
03-26 14:37:08.751  1409  1499 I chatty  : uid=1000(system) android.bg expire 3 lines
03-26 14:37:08.838  1409  3311 I chatty  : uid=1000(system) Binder:1409_10 expire 1 line
03-26 14:37:08.967  1409  3384 I chatty  : uid=1000(system) Binder:1409_14 expire 3 lines
03-26 14:37:09.009  1409  2240 I chatty  : uid=1000(system) TaskSnapshotPer expire 1 line
03-26 14:37:09.021  1409  2495 I chatty  : uid=1000(system) Binder:1409_6 expire 16 lines
03-26 14:37:09.837 15650 15650 E SchedPolicy: set_timerslack_ns write failed: Operation not permitted
03-26 14:37:11.805  1409  2243 I chatty  : uid=1000(system) LazyTaskWriterT expire 1 line
03-26 14:37:26.676  1409  2299 I chatty  : uid=1000(system) Binder:1409_4 expire 6 lines
03-26 14:37:47.562  1409  1509 I chatty  : uid=1000(system) batterystats-wo expire 6 lines
03-26 14:39:30.543  1409  1783 I chatty  : uid=1000(system) InputReader expire 111 lines
03-26 14:39:31.729  1409  1409 I chatty  : uid=1000 system_server expire 4 lines
03-26 14:39:31.732  1409  2342 I chatty  : uid=1000(system) Binder:1409_5 expire 8 lines
03-26 14:39:32.142  1409  1769 I chatty  : uid=1000(system) android.anim expire 3 lines
03-26 14:39:37.112  1409  2495 I chatty  : uid=1000(system) Binder:1409_6 expire 8 lines
03-26 14:40:00.499  1409  2299 I chatty  : uid=1000(system) Binder:1409_4 expire 3 lines
03-26 14:41:00.525  1409  3311 I chatty  : uid=1000(system) Binder:1409_10 expire 6 lines
03-26 14:41:56.469   992   992 E TLOC    : [TLOCChannel]"Can't receive message due to timeout"
03-26 14:41:56.470   992   992 I TLOC    : [TLOCDaemon ]"timeout passed - start periodic warm-up"
03-26 14:41:56.473   992   992 I TLOC    : [ModemComm  ]"Start a session successfully"
03-26 14:42:00.553  1409  3384 I chatty  : uid=1000(system) Binder:1409_14 expire 3 lines
03-26 14:42:16.474   992   992 E TLOC    : [TLOCChannel]"Can't receive message due to timeout"
03-26 14:42:16.474   992   992 I TLOC    : [TLOCDaemon ]"timeout passed with no location fix - close the session"
03-26 14:42:16.477   992   992 I TLOC    : [ModemComm  ]"Stopped the session successfully"
03-26 14:42:16.477   992  1283 I TLOC    : [Modem      ]"Received event indication of position report with status USER_END"
03-26 14:43:00.583  1409  2561 I chatty  : uid=1000(system) Binder:1409_A expire 3 lines
03-26 14:43:21.588  1409  1523 I chatty  : uid=1000(system) PowerManagerSer expire 7 lines
03-26 14:43:21.747  1409  2242 I chatty  : uid=1000(system) PhotonicModulat expire 5 lines
03-26 14:43:21.780  1409  1520 I chatty  : uid=1000(system) android.display expire 3 lines
03-26 14:43:21.836  1409  2240 I chatty  : uid=1000(system) TaskSnapshotPer expire 1 line
03-26 14:43:24.248 17016 28950 W ContextImpl: Calling a method in the system process without a qualified user: android.app.ContextImpl.startService:1480 android.content.ContextWrapper.startService:650 filtratorsdk.adj.a:25 filtratorsdk.adq$1$2.run:84 <bottom of call stack> 
03-26 14:43:26.747  1409  1500 I chatty  : uid=1000(system) ActivityManager expire 10 lines
03-26 14:43:30.592  1409  7834 I chatty  : uid=1000(system) Binder:1409_19 expire 2 lines
03-26 14:43:58.575 28974 28974 E ActivityThread: Failed to find provider info for com.tencent.mm.coolassist.debugprovider
03-26 14:44:00.606  1409  7830 I chatty  : uid=1000(system) Binder:1409_18 expire 4 lines
03-26 14:44:30.619  1409  4095 I chatty  : uid=1000(system) Binder:1409_15 expire 6 lines
03-26 14:46:23.705 17016 29065 W ContextImpl: Calling a method in the system process without a qualified user: android.app.ContextImpl.startService:1480 android.content.ContextWrapper.startService:650 filtratorsdk.ail.a:118 filtratorsdk.ail.a:62 filtratorsdk.ail$1.run:69 
03-26 14:46:28.057  1409  1501 I chatty  : uid=1000(system) android.ui expire 1 line
03-26 14:46:28.057  1409  2225 I chatty  : uid=1000(system) HBMController expire 1 line
03-26 14:46:28.492  2256 29074 W ClientMonitor: handlePreviewFrame() called for authenticate!
03-26 14:46:29.328  2256 29074 I chatty  : uid=1000(system) com.meizu.facerecognition identical 58 lines
03-26 14:46:29.361  2256 29074 W ClientMonitor: handlePreviewFrame() called for authenticate!
03-26 14:46:29.375 17016 29094 W ContextImpl: Calling a method in the system process without a qualified user: android.app.ContextImpl.startService:1480 android.content.ContextWrapper.startService:650 filtratorsdk.ail.a:118 filtratorsdk.ail.a:62 filtratorsdk.ail$1.run:69 
03-26 14:46:29.398  2256 29074 W ClientMonitor: handlePreviewFrame() called for authenticate!
03-26 14:46:30.658  2256 29074 W ClientMonitor: handlePreviewFrame() called for authenticate!
03-26 14:46:30.691  2256 29074 W ClientMonitor: handlePreviewFrame() called for authenticate!
03-26 14:46:30.725  2256 29074 W ClientMonitor: handlePreviewFrame() called for authenticate!
03-26 14:46:30.754  1409  1532 I chatty  : uid=1000(system) PackageManager expire 19 lines
03-26 14:46:30.794  2256 29074 W ClientMonitor: handlePreviewFrame() called for authenticate!
03-26 14:46:30.892  2256 29074 W ClientMonitor: handlePreviewFrame() called for authenticate!
03-26 14:46:30.931  2256 29074 W ClientMonitor: handlePreviewFrame() called for authenticate!
03-26 14:46:30.981 29121 29121 W ContextImpl: Calling a method in the system process without a qualified user: android.app.ContextImpl.startService:1480 android.content.ContextWrapper.startService:650 android.content.ContextWrapper.startService:650 com.qualcomm.qti.seemp.service.SeempBroadcastReceiver.onReceive:56 android.app.ActivityThread.handleReceiver:3383 
03-26 14:46:30.994  2256 29074 W ClientMonitor: handlePreviewFrame() called for authenticate!
03-26 14:46:31.090  2256 29074 W ClientMonitor: handlePreviewFrame() called for authenticate!
03-26 14:46:31.157  2256 29074 W ClientMonitor: handlePreviewFrame() called for authenticate!
03-26 14:46:31.258  2256 29074 W ClientMonitor: handlePreviewFrame() called for authenticate!
03-26 14:46:31.357  1409  1501 I chatty  : uid=1000(system) android.ui expire 2 lines
03-26 14:46:31.357  2256 29074 W ClientMonitor: handlePreviewFrame() called for authenticate!
03-26 14:46:31.358  1409  2537 I chatty  : uid=1000(system) Binder:1409_9 expire 2 lines
03-26 14:46:31.426  2256 29074 W ClientMonitor: handlePreviewFrame() called for authenticate!
03-26 14:46:31.504  1409  1520 I chatty  : uid=1000(system) android.display expire 2 lines
03-26 14:46:31.561  1409  1769 I chatty  : uid=1000(system) android.anim expire 15 lines
03-26 14:46:31.573  1409  1409 I chatty  : uid=1000 system_server expire 4 lines
03-26 14:46:31.620  1409  2225 I chatty  : uid=1000(system) HBMController expire 1 line
03-26 14:46:31.621  1409  2561 I chatty  : uid=1000(system) Binder:1409_A expire 3 lines
03-26 14:46:31.670 17016 29160 W ContextImpl: Calling a method in the system process without a qualified user: android.app.ContextImpl.startService:1480 android.content.ContextWrapper.startService:650 android.content.ContextWrapper.startService:650 filtratorsdk.adj.a:25 com.meizu.networkmanager.boradcast.TrafficGlobalReceiver$2.run:277 
03-26 14:46:31.709 15650 15650 E SchedPolicy: set_timerslack_ns write failed: Operation not permitted
03-26 14:46:31.801   975   975 I wificond: Enters wifigbk_ageOutHistory
03-26 14:46:31.801   975   975 I wificond: Enters wifigbk_ageOutHistory
03-26 14:46:31.819  3763  3763 W ContextImpl: Calling a method in the system process without a qualified user: android.app.ContextImpl.startService:1480 android.content.ContextWrapper.startService:650 android.content.ContextWrapper.startService:650 com.meizu.dataservice.ExperienceReceiver.a:64 com.meizu.dataservice.ExperienceReceiver.onReceive:46 
03-26 14:46:31.897  1409  3384 I chatty  : uid=1000(system) Binder:1409_14 expire 1 line
03-26 14:46:31.941  1409  7554 I chatty  : uid=1000(system) Binder:1409_16 expire 10 lines
03-26 14:46:32.079  1409  2342 I chatty  : uid=1000(system) Binder:1409_5 expire 6 lines
03-26 14:46:32.635  1409  1499 I chatty  : uid=1000(system) android.bg expire 6 lines
03-26 14:46:32.854  1409  2495 I chatty  : uid=1000(system) Binder:1409_6 expire 1 line
03-26 14:46:32.916  1409  2240 I chatty  : uid=1000(system) TaskSnapshotPer expire 2 lines
03-26 14:46:33.200  1409  7830 I chatty  : uid=1000(system) Binder:1409_18 expire 1 line
03-26 14:46:33.735 15650 15650 E SchedPolicy: set_timerslack_ns write failed: Operation not permitted
03-26 14:46:34.948  1409  1783 I chatty  : uid=1000(system) InputReader expire 36 lines
03-26 14:46:35.283  1409  2243 I chatty  : uid=1000(system) LazyTaskWriterT expire 2 lines
03-26 14:46:35.703   975   975 I wificond: Enters wifigbk_ageOutHistory
03-26 14:46:35.704   975   975 I wificond: Enters wifigbk_ageOutHistory
03-26 14:46:35.720  3763  3763 W ContextImpl: Calling a method in the system process without a qualified user: android.app.ContextImpl.startService:1480 android.content.ContextWrapper.startService:650 android.content.ContextWrapper.startService:650 com.meizu.dataservice.ExperienceReceiver.a:64 com.meizu.dataservice.ExperienceReceiver.onReceive:46 
03-26 14:47:00.677  1409  4095 I chatty  : uid=1000(system) Binder:1409_15 expire 5 lines
03-26 14:47:24.575  1409  1500 I chatty  : uid=1000(system) ActivityManager expire 8 lines
03-26 14:47:27.100  1409  1778 I chatty  : uid=1000(system) AlarmManager expire 2 lines
03-26 14:47:30.690  1409  8238 I chatty  : uid=1000(system) Binder:1409_1C expire 7 lines
03-26 14:47:53.133  3104  3104 E ActivityThread: Failed to find provider info for com.flyme.systemuitools.gameassiant.model.GameSDKContentProvider
03-26 14:47:53.135  3104  3104 I chatty  : uid=10043(com.flyme.systemuiex) com.flyme.systemuitools identical 2 lines
03-26 14:47:53.137  3104  3104 E ActivityThread: Failed to find provider info for com.flyme.systemuitools.gameassiant.model.GameSDKContentProvider
03-26 14:47:55.664  1409  1783 I chatty  : uid=1000(system) InputReader expire 19 lines
03-26 14:47:56.045  3104  3104 E ActivityThread: Failed to find provider info for com.flyme.systemuitools.gameassiant.model.GameSDKContentProvider
03-26 14:47:56.049  3104  3104 E ActivityThread: Failed to find provider info for com.flyme.systemuitools.gameassiant.model.GameSDKContentProvider
03-26 14:48:00.703  1409  7836 I chatty  : uid=1000(system) Binder:1409_1B expire 4 lines
03-26 14:49:10.507  1409  1509 I chatty  : uid=1000(system) batterystats-wo expire 4 lines
03-26 14:51:00.610  1409  3302 I chatty  : uid=1000(system) Binder:1409_E expire 2 lines
03-26 14:51:33.241  1409  1532 I chatty  : uid=1000(system) PackageManager expire 19 lines
03-26 14:51:33.510 29516 29516 W ContextImpl: Calling a method in the system process without a qualified user: android.app.ContextImpl.startService:1480 android.content.ContextWrapper.startService:650 android.content.ContextWrapper.startService:650 com.qualcomm.qti.seemp.service.SeempBroadcastReceiver.onReceive:56 android.app.ActivityThread.handleReceiver:3383 
03-26 14:51:34.141 15650 15650 E SchedPolicy: set_timerslack_ns write failed: Operation not permitted
03-26 14:51:35.137  1409 14847 I chatty  : uid=1000(system) Binder:1409_20 expire 1 line
03-26 14:51:35.206  1409  1477 I chatty  : uid=1000(system) Binder:1409_2 expire 1 line
03-26 14:51:35.258  1409  7554 I chatty  : uid=1000(system) Binder:1409_16 expire 3 lines
03-26 14:51:35.528  1409  7834 I chatty  : uid=1000(system) Binder:1409_19 expire 1 line
03-26 14:51:36.084 15650 15650 E SchedPolicy: set_timerslack_ns write failed: Operation not permitted
03-26 14:51:38.491  1409  1783 I chatty  : uid=1000(system) InputReader expire 28 lines
03-26 14:51:53.165  1409  1769 I chatty  : uid=1000(system) android.anim expire 8 lines
03-26 14:51:55.144  1409  3187 I chatty  : uid=1000(system) Binder:1409_C expire 3 lines
03-26 14:52:30.646  1409  3188 I chatty  : uid=1000(system) Binder:1409_D expire 2 lines
03-26 14:53:00.657  1409  7834 I chatty  : uid=1000(system) Binder:1409_19 expire 2 lines
03-26 14:53:12.230  1409  1532 I chatty  : uid=1000(system) PackageManager expire 19 lines
03-26 14:53:12.414  1409  1500 I chatty  : uid=1000(system) ActivityManager expire 7 lines
03-26 14:53:12.494 29829 29829 W ContextImpl: Calling a method in the system process without a qualified user: android.app.ContextImpl.startService:1480 android.content.ContextWrapper.startService:650 android.content.ContextWrapper.startService:650 com.qualcomm.qti.seemp.service.SeempBroadcastReceiver.onReceive:56 android.app.ActivityThread.handleReceiver:3383 
03-26 14:53:12.724  1409  1477 I chatty  : uid=1000(system) Binder:1409_2 expire 5 lines
03-26 14:53:12.729  1409  1520 I chatty  : uid=1000(system) android.display expire 1 line
03-26 14:53:13.048  1409  1501 I chatty  : uid=1000(system) android.ui expire 1 line
03-26 14:53:13.236 15650 15650 E SchedPolicy: set_timerslack_ns write failed: Operation not permitted
03-26 14:53:13.998  1409  2534 I chatty  : uid=1000(system) Binder:1409_8 expire 5 lines
03-26 14:53:14.018  1409  1499 I chatty  : uid=1000(system) android.bg expire 2 lines
03-26 14:53:14.347  1409  2240 I chatty  : uid=1000(system) TaskSnapshotPer expire 1 line
03-26 14:53:15.163 15650 15650 E SchedPolicy: set_timerslack_ns write failed: Operation not permitted
03-26 14:53:16.539  1409  1783 I chatty  : uid=1000(system) InputReader expire 160 lines
03-26 14:53:17.110  1409  2243 I chatty  : uid=1000(system) LazyTaskWriterT expire 1 line
03-26 14:53:30.670  1409  7830 I chatty  : uid=1000(system) Binder:1409_18 expire 2 lines
03-26 14:54:00.682  1409  2561 I chatty  : uid=1000(system) Binder:1409_A expire 2 lines
03-26 14:55:00.704  1409  2537 I chatty  : uid=1000(system) Binder:1409_9 expire 3 lines
03-26 14:55:30.718  1409  7830 I chatty  : uid=1000(system) Binder:1409_18 expire 18 lines
03-26 14:55:54.294  1409  1783 I chatty  : uid=1000(system) InputReader expire 88 lines
03-26 14:55:55.762  1409  2534 I chatty  : uid=1000(system) Binder:1409_8 expire 2 lines
03-26 14:55:55.864  1409  2561 I chatty  : uid=1000(system) Binder:1409_A expire 11 lines
03-26 14:55:56.615  1409  2240 I chatty  : uid=1000(system) TaskSnapshotPer expire 4 lines
03-26 14:55:57.293  1409  3311 I chatty  : uid=1000(system) Binder:1409_10 expire 4 lines
03-26 14:55:57.359  1409  7836 I chatty  : uid=1000(system) Binder:1409_1B expire 1 line
03-26 14:55:57.401  1409  1475 I chatty  : uid=1000(system) Binder:1409_1 expire 2 lines
03-26 14:55:57.408  1409  1769 I chatty  : uid=1000(system) android.anim expire 15 lines
03-26 14:55:57.408  1409  2243 I chatty  : uid=1000(system) LazyTaskWriterT expire 7 lines
03-26 14:55:57.487  1409  7828 I chatty  : uid=1000(system) Binder:1409_17 expire 1 line
03-26 14:55:57.503  1409  1520 I chatty  : uid=1000(system) android.display expire 6 lines
03-26 14:55:57.514  1409  3302 I chatty  : uid=1000(system) Binder:1409_E expire 21 lines
03-26 14:55:57.558  1409  3188 I chatty  : uid=1000(system) Binder:1409_D expire 1 line
03-26 14:55:57.564  1409 14847 I chatty  : uid=1000(system) Binder:1409_20 expire 2 lines
03-26 14:55:57.587  1409  7835 I chatty  : uid=1000(system) Binder:1409_1A expire 3 lines
03-26 14:55:57.644  1409  8240 I chatty  : uid=1000(system) Binder:1409_1E expire 6 lines
03-26 14:55:57.658  1409  3305 I chatty  : uid=1000(system) Binder:1409_F expire 5 lines
03-26 14:55:57.729  1409  3187 I chatty  : uid=1000(system) Binder:1409_C expire 21 lines
03-26 14:55:57.860  1409  2299 I chatty  : uid=1000(system) Binder:1409_4 expire 3 lines
03-26 14:55:57.985  1409  7554 I chatty  : uid=1000(system) Binder:1409_16 expire 1 line
03-26 14:56:15.158  1409  3348 I chatty  : uid=1000(system) Binder:1409_11 expire 3 lines
03-26 14:56:17.257  1409  4095 I chatty  : uid=1000(system) Binder:1409_15 expire 7 lines
03-26 14:56:24.803  1409  3348 I chatty  : uid=1000(system) Binder:1409_11 expire 4 lines
03-26 14:56:24.846  1409  2240 I chatty  : uid=1000(system) TaskSnapshotPer expire 2 lines
03-26 14:56:25.499  1409  1783 I chatty  : uid=1000(system) InputReader expire 14 lines
03-26 14:56:25.857  1409  1769 I chatty  : uid=1000(system) android.anim expire 11 lines
03-26 14:56:28.914  1409  2243 I chatty  : uid=1000(system) LazyTaskWriterT expire 2 lines
03-26 14:56:32.137  1409  1409 I chatty  : uid=1000 system_server expire 5 lines
03-26 14:57:00.773  1409  2561 I chatty  : uid=1000(system) Binder:1409_A expire 2 lines
03-26 14:57:04.499  1409  1509 I chatty  : uid=1000(system) batterystats-wo expire 4 lines
03-26 14:57:18.610  1409  1499 I chatty  : uid=1000(system) android.bg expire 4 lines
03-26 14:58:00.795  1409  2206 I chatty  : uid=1000(system) Binder:1409_3 expire 3 lines
03-26 14:58:00.896  1409  1532 I chatty  : uid=1000(system) PackageManager expire 19 lines
03-26 14:58:01.078  1409  1500 I chatty  : uid=1000(system) ActivityManager expire 10 lines
03-26 14:58:01.153 30652 30652 W ContextImpl: Calling a method in the system process without a qualified user: android.app.ContextImpl.startService:1480 android.content.ContextWrapper.startService:650 android.content.ContextWrapper.startService:650 com.qualcomm.qti.seemp.service.SeempBroadcastReceiver.onReceive:56 android.app.ActivityThread.handleReceiver:3383 
03-26 14:58:01.689  1409  1520 I chatty  : uid=1000(system) android.display expire 4 lines
03-26 14:58:01.691  1409  1501 I chatty  : uid=1000(system) android.ui expire 2 lines
03-26 14:58:02.795  1409  8241 I chatty  : uid=1000(system) Binder:1409_1F expire 13 lines
03-26 14:58:02.912  1409  3187 I chatty  : uid=1000(system) Binder:1409_C expire 11 lines
03-26 14:58:03.001  1409  2534 I chatty  : uid=1000(system) Binder:1409_8 expire 9 lines
03-26 14:58:03.024  1409  3311 I chatty  : uid=1000(system) Binder:1409_10 expire 3 lines
03-26 14:58:03.200 30802 30802 W ContextImpl: Calling a method in the system process without a qualified user: android.app.ContextImpl.sendBroadcast:970 android.content.ContextWrapper.sendBroadcast:437 com.meizu.settings.FlymeSettingsApplication.onCreate:59 android.app.Instrumentation.callApplicationOnCreate:1121 android.app.ActivityThread.handleBindApplication:6010 
03-26 14:58:03.298  1409  7835 I chatty  : uid=1000(system) Binder:1409_1A expire 1 line
03-26 14:58:04.579  1409  3188 I chatty  : uid=1000(system) Binder:1409_D expire 8 lines
03-26 14:58:09.557  1409  1783 I chatty  : uid=1000(system) InputReader expire 30 lines
03-26 15:02:42.573  1409  1523 I chatty  : uid=1000(system) PowerManagerSer expire 7 lines
03-26 15:02:42.752  1409  2242 I chatty  : uid=1000(system) PhotonicModulat expire 5 lines
03-26 15:02:42.962 17016 31116 W ContextImpl: Calling a method in the system process without a qualified user: android.app.ContextImpl.startService:1480 android.content.ContextWrapper.startService:650 filtratorsdk.adj.a:25 filtratorsdk.adq$1$2.run:84 <bottom of call stack> 
03-26 15:02:47.979 30802 31136 W ContextImpl: Calling a method in the system process without a qualified user: android.app.ContextImpl.bindService:1560 android.content.ContextWrapper.bindService:684 com.qti.snapdragon.sdk.display.ColorManager.connect:383 com.meizu.settings.display.QcomDisplayWrapper$2.run:145 android.os.AsyncTask$SerialExecutor$1.run:245 
03-26 15:03:00.908  1409  3187 I chatty  : uid=1000(system) Binder:1409_C expire 2 lines
03-26 15:03:12.677  1409  1783 I chatty  : uid=1000(system) InputReader expire 4 lines
03-26 15:03:12.694  1409  2226 I chatty  : uid=1000(system) FingerprintServ expire 6 lines
03-26 15:03:13.451  1409  2225 I chatty  : uid=1000(system) HBMController expire 2 lines
03-26 15:03:13.867  2256 31157 W ClientMonitor: handlePreviewFrame() called for authenticate!
03-26 15:03:14.263  2256 31157 I chatty  : uid=1000(system) com.meizu.facerecognition identical 7 lines
03-26 15:03:14.295  2256 31157 W ClientMonitor: handlePreviewFrame() called for authenticate!
03-26 15:03:14.377  1409  1769 I chatty  : uid=1000(system) android.anim expire 3 lines
03-26 15:03:14.664 17016 31224 W ContextImpl: Calling a method in the system process without a qualified user: android.app.ContextImpl.startService:1480 android.content.ContextWrapper.startService:650 android.content.ContextWrapper.startService:650 filtratorsdk.adj.a:25 com.meizu.networkmanager.boradcast.TrafficGlobalReceiver$2.run:277 
03-26 15:03:14.767 17016 31238 W ContextImpl: Calling a method in the system process without a qualified user: android.app.ContextImpl.startService:1480 android.content.ContextWrapper.startService:650 filtratorsdk.ail.a:118 filtratorsdk.ail.a:62 filtratorsdk.ail$1.run:69 
03-26 15:03:14.813  1409  8241 I chatty  : uid=1000(system) Binder:1409_1F expire 1 line
03-26 15:03:15.135  1409  1532 I chatty  : uid=1000(system) PackageManager expire 12 lines
03-26 15:03:15.278  1409  1500 I chatty  : uid=1000(system) ActivityManager expire 10 lines
03-26 15:03:15.303 31246 31246 W ContextImpl: Calling a method in the system process without a qualified user: android.app.ContextImpl.startService:1480 android.content.ContextWrapper.startService:650 android.content.ContextWrapper.startService:650 com.qualcomm.qti.seemp.service.SeempBroadcastReceiver.onReceive:56 android.app.ActivityThread.handleReceiver:3383 
03-26 15:03:15.395  1409  1532 I chatty  : uid=1000(system) PackageManager expire 16 lines
03-26 15:03:15.397  1409  3188 I chatty  : uid=1000(system) Binder:1409_D expire 1 line
03-26 15:03:15.557  1409  1520 I chatty  : uid=1000(system) android.display expire 5 lines
03-26 15:03:15.557  1409  1501 I chatty  : uid=1000(system) android.ui expire 3 lines
03-26 15:03:16.462  1409  3311 I chatty  : uid=1000(system) Binder:1409_10 expire 1 line
03-26 15:03:16.473  1409  1499 I chatty  : uid=1000(system) android.bg expire 4 lines
03-26 15:03:16.620  1409  3187 I chatty  : uid=1000(system) Binder:1409_C expire 12 lines
03-26 15:03:16.706  1409  1769 I chatty  : uid=1000(system) android.anim expire 10 lines
03-26 15:03:16.719  1409  7828 I chatty  : uid=1000(system) Binder:1409_17 expire 6 lines
03-26 15:03:16.971  1409  3302 I chatty  : uid=1000(system) Binder:1409_E expire 6 lines
03-26 15:03:17.524   975   975 I wificond: Enters wifigbk_ageOutHistory
03-26 15:03:17.526   975   975 I wificond: Enters wifigbk_ageOutHistory
03-26 15:03:17.535  3763  3763 W ContextImpl: Calling a method in the system process without a qualified user: android.app.ContextImpl.startService:1480 android.content.ContextWrapper.startService:650 android.content.ContextWrapper.startService:650 com.meizu.dataservice.ExperienceReceiver.a:64 com.meizu.dataservice.ExperienceReceiver.onReceive:46 
03-26 15:03:19.076  1409  1783 I chatty  : uid=1000(system) InputReader expire 14 lines
