03-29 14:39:28.870  1409  1409 I power_screen_state: [0,3,0,0,0]
03-29 14:39:28.870  1409  1409 I screen_toggled: 0
03-29 14:39:28.870  1409  1409 I sysui_histogram: [screen_timeout,120]
03-29 14:39:28.870  1409  1409 I sysui_multi_action: [757,804,799,screen_timeout,801,120,802,1]
03-29 14:39:28.871  1409  1409 I power_screen_broadcast_send: 1
03-29 14:39:29.003 32708 14976 W ContextImpl: Calling a method in the system process without a qualified user: android.app.ContextImpl.startService:1480 android.content.ContextWrapper.startService:650 filtratorsdk.adj.a:25 filtratorsdk.adq$1$2.run:84 <bottom of call stack> 
03-29 14:39:29.031  1409  2495 I netstats_mobile_sample: [362646810,395588,55368858,318672,358623528,309010,55020119,310706,358574613,308909,55009701,310631,-1]
03-29 14:39:29.033  1409  2495 I netstats_wifi_sample: [22597486985,19133349,4259972393,11497971,22347087402,13141347,4108780102,11134320,22320124910,13063136,4107686276,11131973,-1]
03-29 14:39:29.121  1409  1409 I power_screen_broadcast_done: [0,250,1]
03-29 14:39:29.145  1409  4095 I netstats_mobile_sample: [362646810,395588,55368858,318672,358623528,309010,55020119,310706,358574613,308909,55009701,310631,-1]
03-29 14:39:29.148  1409  4095 I netstats_wifi_sample: [22597486985,19133349,4259972393,11497971,22347087402,13141347,4108780102,11134320,22320124910,13063136,4107686276,11131973,-1]
03-29 14:39:33.794  1409  2497 I am_uid_active: 10014
03-29 14:39:33.824  1409  1409 I sysui_histogram: [fingerprint_token,0]
03-29 14:39:33.824  1409  1409 I sysui_multi_action: [757,804,799,fingerprint_token,801,0,802,1]
03-29 14:39:33.828  2271  2271 I sysui_status_bar_state: [1,1,0,0,1,0]
03-29 14:39:33.862  1409  1500 I chatty  : uid=1000(system) ActivityManager expire 8 lines
03-29 14:39:33.864 14994 14994 I auditd  : type=1400 audit(0.0:8685000): avc: denied { create } for comm="main" name="cgroup.procs" scontext=u:r:zygote:s0 tcontext=u:object_r:cgroup:s0 tclass=file permissive=0
03-29 14:39:33.876  1409  1500 I am_proc_start: [0,14994,1000,com.android.settings,broadcast,com.android.settings/com.meizu.settings.display.BlueLightReceiver]
03-29 14:39:33.891  1409  2497 I am_proc_bound: [0,14994,com.android.settings]
03-29 14:39:34.080 14994 14994 W ContextImpl: Calling a method in the system process without a qualified user: android.app.ContextImpl.sendBroadcast:970 android.content.ContextWrapper.sendBroadcast:437 com.meizu.settings.FlymeSettingsApplication.onCreate:59 android.app.Instrumentation.callApplicationOnCreate:1121 android.app.ActivityThread.handleBindApplication:6010 
03-29 14:39:34.134 15012 15012 I auditd  : type=1400 audit(0.0:8685001): avc: denied { getattr } for comm="ps" path="/proc/1" dev="proc" ino=30548012 scontext=u:r:system_app:s0 tcontext=u:r:init:s0 tclass=dir permissive=0
03-29 14:39:34.244 15012 15012 I auditd  : type=1400 audit(0.0:8685002): avc: denied { getattr } for comm="ps" path="/proc/536" dev="proc" ino=30546331 scontext=u:r:system_app:s0 tcontext=u:r:ueventd:s0 tclass=dir permissive=0
03-29 14:39:34.254 15012 15012 I auditd  : type=1400 audit(0.0:8685003): avc: denied { getattr } for comm="ps" path="/proc/566" dev="proc" ino=30546346 scontext=u:r:system_app:s0 tcontext=u:r:logd:s0 tclass=dir permissive=0
03-29 14:39:34.254 15012 15012 I auditd  : type=1400 audit(0.0:8685004): avc: denied { getattr } for comm="ps" path="/proc/567" dev="proc" ino=30546347 scontext=u:r:system_app:s0 tcontext=u:r:servicemanager:s0 tclass=dir permissive=0
03-29 14:39:34.254 15012 15012 I auditd  : type=1400 audit(0.0:8685005): avc: denied { getattr } for comm="ps" path="/proc/568" dev="proc" ino=30537618 scontext=u:r:system_app:s0 tcontext=u:r:hwservicemanager:s0 tclass=dir permissive=0
03-29 14:39:34.254 15012 15012 I auditd  : type=1400 audit(0.0:8685006): avc: denied { getattr } for comm="ps" path="/proc/569" dev="proc" ino=30546348 scontext=u:r:system_app:s0 tcontext=u:r:vndservicemanager:s0 tclass=dir permissive=0
03-29 14:39:34.254 15012 15012 I auditd  : type=1400 audit(0.0:8685007): avc: denied { getattr } for comm="ps" path="/proc/576" dev="proc" ino=30546351 scontext=u:r:system_app:s0 tcontext=u:r:tee:s0 tclass=dir permissive=0
03-29 14:39:34.254 15012 15012 I auditd  : type=1400 audit(0.0:8685008): avc: denied { getattr } for comm="ps" path="/proc/580" dev="proc" ino=30546352 scontext=u:r:system_app:s0 tcontext=u:r:tee:s0 tclass=dir permissive=0
03-29 14:39:34.254 15012 15012 I auditd  : type=1400 audit(0.0:8685009): avc: denied { getattr } for comm="ps" path="/proc/592" dev="proc" ino=30546353 scontext=u:r:system_app:s0 tcontext=u:r:hal_gatekeeper_qti:s0 tclass=dir permissive=0
03-29 14:39:34.254 15012 15012 I auditd  : type=1400 audit(0.0:8685010): avc: denied { getattr } for comm="ps" path="/proc/593" dev="proc" ino=30546354 scontext=u:r:system_app:s0 tcontext=u:r:hal_keymaster_qti:s0 tclass=dir permissive=0
03-29 14:39:34.254 15012 15012 I auditd  : type=1400 audit(0.0:8685011): avc: denied { getattr } for comm="ps" path="/proc/594" dev="proc" ino=30546355 scontext=u:r:system_app:s0 tcontext=u:r:vold:s0 tclass=dir permissive=0
03-29 14:39:34.254 15012 15012 I auditd  : type=1400 audit(0.0:8685012): avc: denied { getattr } for comm="ps" path="/proc/674" dev="proc" ino=30541297 scontext=u:r:system_app:s0 tcontext=u:r:hal_allocator_default:s0 tclass=dir permissive=0
03-29 14:39:34.254 15012 15012 I auditd  : type=1400 audit(0.0:8685013): avc: denied { getattr } for comm="ps" path="/proc/675" dev="proc" ino=30541298 scontext=u:r:system_app:s0 tcontext=u:r:hal_audio_default:s0 tclass=dir permissive=0
03-29 14:39:34.254 15012 15012 I auditd  : type=1400 audit(0.0:8685014): avc: denied { getattr } for comm="ps" path="/proc/677" dev="proc" ino=30541299 scontext=u:r:system_app:s0 tcontext=u:r:hal_bluetooth_qti:s0 tclass=dir permissive=0
03-29 14:39:34.254 15012 15012 I auditd  : type=1400 audit(0.0:8685015): avc: denied { getattr } for comm="ps" path="/proc/679" dev="proc" ino=29552744 scontext=u:r:system_app:s0 tcontext=u:r:hal_camera_default:s0 tclass=dir permissive=0
03-29 14:39:34.254 15012 15012 I auditd  : type=1400 audit(0.0:8685016): avc: denied { getattr } for comm="ps" path="/proc/680" dev="proc" ino=30541300 scontext=u:r:system_app:s0 tcontext=u:r:hal_cas_default:s0 tclass=dir permissive=0
03-29 14:39:34.254 15012 15012 I auditd  : type=1400 audit(0.0:8685017): avc: denied { getattr } for comm="ps" path="/proc/681" dev="proc" ino=30541301 scontext=u:r:system_app:s0 tcontext=u:r:hal_configstore_default:s0 tclass=dir permissive=0
03-29 14:39:34.254 15012 15012 I auditd  : type=1400 audit(0.0:8685018): avc: denied { getattr } for comm="ps" path="/proc/682" dev="proc" ino=30541302 scontext=u:r:system_app:s0 tcontext=u:r:hal_contexthub_default:s0 tclass=dir permissive=0
03-29 14:39:34.254 15012 15012 I auditd  : type=1400 audit(0.0:8685019): avc: denied { getattr } for comm="ps" path="/proc/683" dev="proc" ino=30541303 scontext=u:r:system_app:s0 tcontext=u:r:hal_drm_default:s0 tclass=dir permissive=0
03-29 14:39:34.254 15012 15012 I auditd  : type=1400 audit(0.0:8685020): avc: denied { getattr } for comm="ps" path="/proc/684" dev="proc" ino=30541304 scontext=u:r:system_app:s0 tcontext=u:r:hal_drm_widevine:s0 tclass=dir permissive=0
03-29 14:39:34.254 15012 15012 I auditd  : type=1400 audit(0.0:8685021): avc: denied { getattr } for comm="ps" path="/proc/685" dev="proc" ino=30541305 scontext=u:r:system_app:s0 tcontext=u:r:hal_graphics_allocator_default:s0 tclass=dir permissive=0
03-29 14:39:34.254 15012 15012 I auditd  : type=1400 audit(0.0:8685022): avc: denied { getattr } for comm="ps" path="/proc/686" dev="proc" ino=30541306 scontext=u:r:system_app:s0 tcontext=u:r:hal_graphics_composer_default:s0 tclass=dir permissive=0
03-29 14:39:34.254 15012 15012 I auditd  : type=1400 audit(0.0:8685023): avc: denied { getattr } for comm="ps" path="/proc/687" dev="proc" ino=30541307 scontext=u:r:system_app:s0 tcontext=u:r:hal_health_default:s0 tclass=dir permissive=0
03-29 14:39:34.254 15012 15012 I auditd  : type=1400 audit(0.0:8685024): avc: denied { getattr } for comm="ps" path="/proc/688" dev="proc" ino=30541308 scontext=u:r:system_app:s0 tcontext=u:r:hal_light_default:s0 tclass=dir permissive=0
03-29 14:39:34.305 14994 15011 W ContextImpl: Calling a method in the system process without a qualified user: android.app.ContextImpl.bindService:1560 android.content.ContextWrapper.bindService:684 com.qti.snapdragon.sdk.display.ColorManager.connect:383 com.meizu.settings.display.QcomDisplayWrapper$2.run:145 android.os.AsyncTask$SerialExecutor$1.run:245 
03-29 14:39:45.988  1409  4095 I chatty  : uid=1000(system) Binder:1409_15 expire 2 lines
03-29 14:40:13.560  1409  1499 I am_pss  : [7645,1000,com.qti.service.colorservice,3365888,1855488,1173504]
03-29 14:40:13.594  1409  1499 I am_pss  : [14994,1000,com.android.settings,6550528,4878336,146432]
03-29 14:40:23.290  1409  1500 I am_uid_active: 10133
03-29 14:40:28.718  1409  1499 I am_pss  : [14787,10163,com.example.yaoyifei.yaoyfapplication,64067584,59531264,87040]
03-29 14:40:33.890  1409  1500 I am_uid_idle: 10014
03-29 14:41:17.237  1409  1477 I battery_level: [89,4265,290]
03-29 14:41:33.306  1409  1500 I am_uid_idle: 10133
03-29 14:42:30.686 32708 15046 W ContextImpl: Calling a method in the system process without a qualified user: android.app.ContextImpl.startService:1480 android.content.ContextWrapper.startService:650 filtratorsdk.ail.a:118 filtratorsdk.ail.a:62 filtratorsdk.ail$1.run:69 
03-29 14:42:30.754  1409  1499 I am_pss  : [17104,10118,com.tencent.mobileqq:MSF,29299712,18046976,8985600]
03-29 14:42:46.072  1409  2495 I chatty  : uid=1000(system) Binder:1409_6 expire 15 lines
03-29 14:43:37.836  1409  1501 I chatty  : uid=1000(system) android.ui expire 1 line
03-29 14:43:37.837  1409  2225 I chatty  : uid=1000(system) HBMController expire 4 lines
03-29 14:43:37.855  1409  1409 I power_screen_state: [1,0,0,0]
03-29 14:43:37.855  1409  1409 I screen_toggled: 1
03-29 14:43:37.855  1409  1409 I power_screen_broadcast_send: 1
03-29 14:43:37.904  2256  2256 I auditd  : type=1400 audit(0.0:8685141): avc: denied { read } for comm="FaceThread_Came" name="u:object_r:camera_prop:s0" dev="tmpfs" ino=17697 scontext=u:r:system_app:s0 tcontext=u:object_r:camera_prop:s0 tclass=file permissive=0
03-29 14:43:37.927  2256  2335 I sysui_histogram: [facemetadata_token,0]
03-29 14:43:37.927  2256  2335 I sysui_multi_action: [757,804,799,facemetadata_token,801,0,802,1]
03-29 14:43:38.002  1409  1409 I power_screen_broadcast_done: [1,147,1]
03-29 14:43:38.073  1409  1523 I sysui_multi_action: [757,198,758,1,759,0,793,242]
03-29 14:43:38.073  1409  1523 I power_screen_state: [1,0,0,0,242]
03-29 14:43:38.264  2256 15073 W ClientMonitor: handlePreviewFrame() called for authenticate!
03-29 14:43:38.333   968   968 I auditd  : avc:  denied  { add_auth } for pid=2256 uid=1000 scontext=u:r:system_app:s0 tcontext=u:r:keystore:s0 tclass=keystore_key permissive=0
03-29 14:43:38.334  1409  1409 I auditd  : type=1400 audit(0.0:8685142): avc: denied { open } for comm="android.anim" path="/data/data/com.meizu.customizecenter/font/flymeFont.ttf" dev="sda19" ino=811713 scontext=u:r:system_server:s0 tcontext=u:object_r:app_data_file:s0:c512,c768 tclass=file permissive=0
03-29 14:43:38.334  1409  1409 I chatty  : uid=1000 system_server identical 1 line
03-29 14:43:38.334  1409  1409 I auditd  : type=1400 audit(0.0:8685144): avc: denied { open } for comm="android.anim" path="/data/data/com.meizu.customizecenter/font/flymeFont.ttf" dev="sda19" ino=811713 scontext=u:r:system_server:s0 tcontext=u:object_r:app_data_file:s0:c512,c768 tclass=file permissive=0
03-29 14:43:38.338  2271  2271 I screen_toggled: 2
03-29 14:43:38.343  1409  1769 I chatty  : uid=1000(system) android.anim expire 5 lines
03-29 14:43:38.383  2271  2271 I sysui_status_bar_state: [0,0,0,0,1,0]
03-29 14:43:38.388  1409  1500 I am_uid_running: 10052
03-29 14:43:38.394 15101 15101 I auditd  : type=1400 audit(0.0:8685145): avc: denied { create } for comm="main" name="cgroup.procs" scontext=u:r:zygote:s0 tcontext=u:object_r:cgroup:s0 tclass=file permissive=0
03-29 14:43:38.404  1409  1500 I am_proc_start: [0,15101,10052,com.meizu.mstore,broadcast,com.meizu.mstore/com.meizu.cloud.app.update.ConditionReceiver]
03-29 14:43:38.410  1409  1501 I am_set_resumed_activity: [0,com.example.yaoyifei.yaoyfapplication/.View.Activity.HomeActivity,resumeTopActivityInnerLocked]
03-29 14:43:38.420  1409  1501 I am_resume_activity: [0,38681110,3723,com.example.yaoyifei.yaoyfapplication/.View.Activity.HomeActivity]
03-29 14:43:38.428  1409  2537 I am_proc_bound: [0,15101,com.meizu.mstore]
03-29 14:43:38.439 14787 14787 I am_on_resume_called: [0,com.example.yaoyifei.yaoyfapplication.View.Activity.HomeActivity,RESUME_ACTIVITY]
03-29 14:43:38.504 15101 15101 I auditd  : type=1400 audit(0.0:8685146): avc: denied { read } for comm="pp.v3.apiWorker" name="u:object_r:serialno_prop:s0" dev="tmpfs" ino=17712 scontext=u:r:platform_app:s0:c512,c768 tcontext=u:object_r:serialno_prop:s0 tclass=file permissive=0
03-29 14:43:38.524 15178 15178 I auditd  : type=1400 audit(0.0:8685147): avc: denied { create } for comm="main" name="cgroup.procs" scontext=u:r:zygote:s0 tcontext=u:object_r:cgroup:s0 tclass=file permissive=0
03-29 14:43:38.531  1409  1477 I am_uid_running: 10038
03-29 14:43:38.539  1409  1477 I am_proc_start: [0,15178,10038,com.meizu.net.search,broadcast,com.meizu.net.search/.hotword.HotWordReceiver]
03-29 14:43:38.547  1409  2495 I am_proc_bound: [0,15178,com.meizu.net.search]
03-29 14:43:38.669  1409  1409 I notification_cancel_all: [10052,15101,com.meizu.mstore,0,0,64,9,NULL]
03-29 14:43:38.679  1409  2537 I chatty  : uid=1000(system) Binder:1409_9 expire 10 lines
03-29 14:43:38.690 32708 15301 W ContextImpl: Calling a method in the system process without a qualified user: android.app.ContextImpl.startService:1480 android.content.ContextWrapper.startService:650 android.content.ContextWrapper.startService:650 filtratorsdk.adj.a:25 com.meizu.networkmanager.boradcast.TrafficGlobalReceiver$2.run:277 
03-29 14:43:38.731  1409  2537 I netstats_mobile_sample: [362646810,395588,55368858,318672,358623528,309010,55020119,310706,358574613,308909,55009701,310631,-1]
03-29 14:43:38.732  1409  2537 I netstats_wifi_sample: [22597558076,19133695,4260003688,11498098,22347152715,13141531,4108809451,11134429,22320141814,13063213,4107715625,11132082,-1]
03-29 14:43:38.744 15101 15101 I auditd  : type=1400 audit(0.0:8685148): avc: denied { execute } for comm="Thread-5" path="/data/data/com.meizu.mstore/files/com.meizu.advertise.plugin/7.6.6/install/oat/arm/plugin.odex" dev="sda19" ino=871918 scontext=u:r:platform_app:s0:c512,c768 tcontext=u:object_r:app_data_file:s0:c512,c768 tclass=file permissive=1
03-29 14:43:38.806  1409  2495 I netstats_mobile_sample: [362646810,395588,55368858,318672,358623528,309010,55020119,310706,358574613,308909,55009701,310631,-1]
03-29 14:43:38.807  1409  2495 I netstats_wifi_sample: [22597558076,19133695,4260003762,11498099,22347152715,13141531,4108809511,11134430,22320141814,13063213,4107715685,11132083,-1]
03-29 14:43:39.160 32708 15340 W ContextImpl: Calling a method in the system process without a qualified user: android.app.ContextImpl.startService:1480 android.content.ContextWrapper.startService:650 filtratorsdk.ail.a:118 filtratorsdk.ail.a:62 filtratorsdk.ail$1.run:69 
03-29 14:43:39.541  1409  2495 I am_new_intent: [0,140699044,1962,com.meizu.flyme.launcher/.Launcher,android.intent.action.MAIN,NULL,NULL,276824320]
03-29 14:43:39.542  1409  2495 I wm_task_moved: [1962,1,0]
03-29 14:43:39.542  1409  2495 I am_focused_stack: [0,0,1,bringingFoundTaskToFront]
03-29 14:43:39.543  1409  2495 I wm_task_moved: [1962,1,0]
03-29 14:43:39.567  1409  2495 I am_pause_activity: [0,38681110,com.example.yaoyifei.yaoyfapplication/.View.Activity.HomeActivity]
03-29 14:43:39.568  1409  2495 I am_task_to_front: [0,1962]
03-29 14:43:39.570 14787 14787 I am_on_paused_called: [0,com.example.yaoyifei.yaoyfapplication.View.Activity.HomeActivity,handlePauseActivity]
03-29 14:43:39.578  1409  1477 I am_set_resumed_activity: [0,com.meizu.flyme.launcher/.Launcher,resumeTopActivityInnerLocked]
03-29 14:43:39.594  1409  1477 I am_resume_activity: [0,140699044,1962,com.meizu.flyme.launcher/.Launcher]
03-29 14:43:39.604  1409  1409 I auditd  : type=1400 audit(0.0:8685149): avc: denied { open } for comm="TaskSnapshotPer" path="/data/data/com.meizu.customizecenter/font/flymeFont.ttf" dev="sda19" ino=811713 scontext=u:r:system_server:s0 tcontext=u:object_r:app_data_file:s0:c512,c768 tclass=file permissive=0
03-29 14:43:39.610  1409  1500 I sysui_count: [window_time_0,251]
03-29 14:43:39.610  1409  1500 I sysui_multi_action: [757,803,799,window_time_0,802,251]
03-29 14:43:39.611  3351  3351 I am_on_resume_called: [0,com.meizu.flyme.launcher.Launcher,RESUME_ACTIVITY]
03-29 14:43:39.670  1409  1520 I sysui_multi_action: [319,125,322,125,325,494757,757,761,758,9,759,2,806,com.meizu.flyme.launcher,871,com.meizu.flyme.launcher.Launcher,905,0]
03-29 14:43:40.026  1409  1500 I am_stop_activity: [0,38681110,com.example.yaoyifei.yaoyfapplication/.View.Activity.HomeActivity]
03-29 14:43:40.039 14787 14787 I am_on_stop_called: [0,com.example.yaoyifei.yaoyfapplication.View.Activity.HomeActivity,handleStopActivity]
03-29 14:43:41.678   975   975 I wificond: Enters wifigbk_ageOutHistory
03-29 14:43:41.680   975   975 I wificond: Enters wifigbk_ageOutHistory
03-29 14:43:41.702  3763  3763 W ContextImpl: Calling a method in the system process without a qualified user: android.app.ContextImpl.startService:1480 android.content.ContextWrapper.startService:650 android.content.ContextWrapper.startService:650 com.meizu.dataservice.ExperienceReceiver.a:64 com.meizu.dataservice.ExperienceReceiver.onReceive:46 
03-29 14:43:52.544  1409  1409 I auditd  : type=1400 audit(0.0:8685150): avc: denied { open } for comm="Binder:1409_7" path="/data/data/com.meizu.customizecenter/theme/com.android.incallui" dev="sda19" ino=813985 scontext=u:r:system_server:s0 tcontext=u:object_r:app_data_file:s0:c512,c768 tclass=file permissive=0
03-29 14:43:52.601  1409  2497 I wm_task_created: [3724,1]
03-29 14:43:52.602  1409  2497 I wm_task_moved: [3724,1,9]
03-29 14:43:52.602  1409  2497 I am_focused_stack: [0,1,0,reuseOrNewTask]
03-29 14:43:52.602  1409  2497 I wm_task_moved: [3724,1,9]
03-29 14:43:52.603  1409  2497 I am_create_task: [0,3724]
03-29 14:43:52.603  1409  2497 I am_create_activity: [0,83559024,3724,com.android.incallui/.InCallActivity,android.intent.action.MAIN,NULL,NULL,277086208]
03-29 14:43:52.603  1409  2497 I wm_task_moved: [3724,1,9]
03-29 14:43:52.605  1409  2497 I am_pause_activity: [0,140699044,com.meizu.flyme.launcher/.Launcher]
03-29 14:43:52.606  3351  3351 I am_on_paused_called: [0,com.meizu.flyme.launcher.Launcher,handlePauseActivity]
03-29 14:43:52.611  1409  1477 I am_restart_activity: [0,83559024,3724,com.android.incallui/.InCallActivity]
03-29 14:43:52.612  1409  1477 I am_set_resumed_activity: [0,com.android.incallui/.InCallActivity,minimalResumeActivityLocked]
03-29 14:43:52.614  1409  1500 I sysui_count: [window_time_0,13]
03-29 14:43:52.614  1409  1500 I sysui_multi_action: [757,803,799,window_time_0,802,13]
03-29 14:43:52.653  1409  1499 I am_pss  : [3351,10021,com.meizu.flyme.launcher,192268288,145682432,42546176]
03-29 14:43:52.680  1409  1499 I am_pss  : [3104,10043,com.flyme.systemuitools,93197312,66277376,23507968]
03-29 14:43:52.681  1409  2497 I wm_task_moved: [3724,0,0]
03-29 14:43:52.682  1409  2497 I am_focused_stack: [0,0,1,moveTaskToBack resumeHomeStackTask]
03-29 14:43:52.682  1409  2497 I wm_task_moved: [1962,1,0]
03-29 14:43:52.684  1409  2497 I am_pause_activity: [0,83559024,com.android.incallui/.InCallActivity]
03-29 14:43:52.687  3202  3202 I am_on_resume_called: [0,com.android.incallui.InCallActivity,LAUNCH_ACTIVITY]
03-29 14:43:52.690  3202  3202 I am_on_paused_called: [0,com.android.incallui.InCallActivity,handlePauseActivity]
03-29 14:43:52.691  1409  2495 I am_set_resumed_activity: [0,com.meizu.flyme.launcher/.Launcher,resumeTopActivityInnerLocked]
03-29 14:43:52.694  1409  2495 I am_resume_activity: [0,140699044,1962,com.meizu.flyme.launcher/.Launcher]
03-29 14:43:52.698  1409  1500 I sysui_multi_action: [757,1144,758,8,806,com.android.incallui,871,com.android.incallui.InCallActivity]
03-29 14:43:52.698  3351  3351 I am_on_resume_called: [0,com.meizu.flyme.launcher.Launcher,RESUME_ACTIVITY]
03-29 14:43:52.699  1409  1500 I am_stop_activity: [0,83559024,com.android.incallui/.InCallActivity]
03-29 14:43:52.700  1409  1500 I sysui_count: [window_time_0,0]
03-29 14:43:52.700  1409  1500 I sysui_multi_action: [757,803,799,window_time_0,802,0]
03-29 14:43:52.706  3202  3202 I am_on_stop_called: [0,com.android.incallui.InCallActivity,handleStopActivity]
03-29 14:43:57.175  1409  2537 I wm_task_created: [3725,1]
03-29 14:43:57.176  1409  2537 I wm_task_moved: [3725,1,10]
03-29 14:43:57.176  1409  2537 I am_focused_stack: [0,1,0,reuseOrNewTask]
03-29 14:43:57.176  1409  2537 I wm_task_moved: [3725,1,10]
03-29 14:43:57.176  1409  2537 I am_create_task: [0,3725]
03-29 14:43:57.177  1409  2537 I am_create_activity: [0,254054233,3725,com.eg.android.AlipayGphone/.AlipayLogin,android.intent.action.MAIN,NULL,NULL,270532608]
03-29 14:43:57.177  1409  2537 I wm_task_moved: [3725,1,10]
03-29 14:43:57.179  1409  2537 I am_pause_activity: [0,140699044,com.meizu.flyme.launcher/.Launcher]
03-29 14:43:57.182  3351  3351 I am_on_paused_called: [0,com.meizu.flyme.launcher.Launcher,handlePauseActivity]
03-29 14:43:57.183  1409  1477 I am_uid_running: 10116
03-29 14:43:57.184 15405 15405 I auditd  : type=1400 audit(0.0:8685151): avc: denied { create } for comm="main" name="cgroup.procs" scontext=u:r:zygote:s0 tcontext=u:object_r:cgroup:s0 tclass=file permissive=0
03-29 14:43:57.194  1409  1477 I chatty  : uid=1000(system) Binder:1409_2 expire 6 lines
03-29 14:43:57.194  1409  1477 I am_proc_start: [0,15405,10116,com.eg.android.AlipayGphone,activity,com.eg.android.AlipayGphone/.AlipayLogin]
03-29 14:43:57.197  1409  1500 I sysui_count: [window_time_0,4]
03-29 14:43:57.197  1409  1500 I sysui_multi_action: [757,803,799,window_time_0,802,4]
03-29 14:43:57.200  1409  1477 I am_proc_bound: [0,15405,com.eg.android.AlipayGphone]
03-29 14:43:57.204  1409  1477 I am_uid_active: 10116
03-29 14:43:57.204  1409  1477 I am_restart_activity: [0,254054233,3725,com.eg.android.AlipayGphone/.AlipayLogin]
03-29 14:43:57.205  1409  1477 I am_set_resumed_activity: [0,com.eg.android.AlipayGphone/.AlipayLogin,minimalResumeActivityLocked]
03-29 14:43:57.304 15405 15405 I auditd  : type=1400 audit(0.0:8685152): avc: denied { read } for comm="id.AlipayGphone" name="version" dev="proc" ino=4026532153 scontext=u:r:untrusted_app:s0:c512,c768 tcontext=u:object_r:proc:s0 tclass=file permissive=0
03-29 14:43:57.314 15405 15405 I auditd  : type=1400 audit(0.0:8685153): avc: denied { read } for comm="CrashSDKBkgdHan" name="uptime" dev="proc" ino=4026532152 scontext=u:r:untrusted_app:s0:c512,c768 tcontext=u:object_r:proc:s0 tclass=file permissive=0
03-29 14:43:57.324 15430 15430 I auditd  : type=1400 audit(0.0:8685154): avc: denied { getattr } for comm="ps" path="/proc/1" dev="proc" ino=30548012 scontext=u:r:untrusted_app:s0:c512,c768 tcontext=u:r:init:s0 tclass=dir permissive=0
03-29 14:43:57.324 15430 15430 I auditd  : type=1400 audit(0.0:8685155): avc: denied { getattr } for comm="ps" path="/proc/2" dev="proc" ino=30548013 scontext=u:r:untrusted_app:s0:c512,c768 tcontext=u:r:kernel:s0 tclass=dir permissive=0
03-29 14:43:57.324 15430 15430 I auditd  : type=1400 audit(0.0:8685156): avc: denied { getattr } for comm="ps" path="/proc/3" dev="proc" ino=30548014 scontext=u:r:untrusted_app:s0:c512,c768 tcontext=u:r:kernel:s0 tclass=dir permissive=0
03-29 14:43:57.324 15430 15430 I auditd  : type=1400 audit(0.0:8685157): avc: denied { getattr } for comm="ps" path="/proc/6" dev="proc" ino=30548015 scontext=u:r:untrusted_app:s0:c512,c768 tcontext=u:r:kernel:s0 tclass=dir permissive=0
03-29 14:43:57.324 15430 15430 I auditd  : type=1400 audit(0.0:8685158): avc: denied { getattr } for comm="ps" path="/proc/7" dev="proc" ino=30548016 scontext=u:r:untrusted_app:s0:c512,c768 tcontext=u:r:kernel:s0 tclass=dir permissive=0
03-29 14:43:57.324 15430 15430 I auditd  : type=1400 audit(0.0:8685159): avc: denied { getattr } for comm="ps" path="/proc/8" dev="proc" ino=30548017 scontext=u:r:untrusted_app:s0:c512,c768 tcontext=u:r:kernel:s0 tclass=dir permissive=0
03-29 14:43:57.324 15430 15430 I auditd  : type=1400 audit(0.0:8685160): avc: denied { getattr } for comm="ps" path="/proc/9" dev="proc" ino=30548018 scontext=u:r:untrusted_app:s0:c512,c768 tcontext=u:r:kernel:s0 tclass=dir permissive=0
03-29 14:43:57.324 15430 15430 I auditd  : type=1400 audit(0.0:8685161): avc: denied { getattr } for comm="ps" path="/proc/10" dev="proc" ino=30548019 scontext=u:r:untrusted_app:s0:c512,c768 tcontext=u:r:kernel:s0 tclass=dir permissive=0
03-29 14:43:57.324 15430 15430 I auditd  : type=1400 audit(0.0:8685162): avc: denied { getattr } for comm="ps" path="/proc/11" dev="proc" ino=30548020 scontext=u:r:untrusted_app:s0:c512,c768 tcontext=u:r:kernel:s0 tclass=dir permissive=0
03-29 14:43:57.324 15430 15430 I auditd  : type=1400 audit(0.0:8685163): avc: denied { getattr } for comm="ps" path="/proc/12" dev="proc" ino=30548021 scontext=u:r:untrusted_app:s0:c512,c768 tcontext=u:r:kernel:s0 tclass=dir permissive=0
03-29 14:43:57.324 15430 15430 I auditd  : type=1400 audit(0.0:8685164): avc: denied { getattr } for comm="ps" path="/proc/13" dev="proc" ino=30548022 scontext=u:r:untrusted_app:s0:c512,c768 tcontext=u:r:kernel:s0 tclass=dir permissive=0
03-29 14:43:57.324 15430 15430 I auditd  : type=1400 audit(0.0:8685165): avc: denied { getattr } for comm="ps" path="/proc/14" dev="proc" ino=30548023 scontext=u:r:untrusted_app:s0:c512,c768 tcontext=u:r:kernel:s0 tclass=dir permissive=0
03-29 14:43:57.324 15430 15430 I auditd  : type=1400 audit(0.0:8685166): avc: denied { getattr } for comm="ps" path="/proc/15" dev="proc" ino=30548024 scontext=u:r:untrusted_app:s0:c512,c768 tcontext=u:r:kernel:s0 tclass=dir permissive=0
03-29 14:43:57.324 15430 15430 I auditd  : type=1400 audit(0.0:8685167): avc: denied { getattr } for comm="ps" path="/proc/16" dev="proc" ino=30548025 scontext=u:r:untrusted_app:s0:c512,c768 tcontext=u:r:kernel:s0 tclass=dir permissive=0
03-29 14:43:57.324 15430 15430 I auditd  : type=1400 audit(0.0:8685168): avc: denied { getattr } for comm="ps" path="/proc/17" dev="proc" ino=30548026 scontext=u:r:untrusted_app:s0:c512,c768 tcontext=u:r:kernel:s0 tclass=dir permissive=0
03-29 14:43:57.324 15430 15430 I auditd  : type=1400 audit(0.0:8685169): avc: denied { getattr } for comm="ps" path="/proc/18" dev="proc" ino=30548027 scontext=u:r:untrusted_app:s0:c512,c768 tcontext=u:r:kernel:s0 tclass=dir permissive=0
03-29 14:43:57.324 15430 15430 I auditd  : type=1400 audit(0.0:8685170): avc: denied { getattr } for comm="ps" path="/proc/20" dev="proc" ino=30548028 scontext=u:r:untrusted_app:s0:c512,c768 tcontext=u:r:kernel:s0 tclass=dir permissive=0
03-29 14:43:57.324 15430 15430 I auditd  : type=1400 audit(0.0:8685171): avc: denied { getattr } for comm="ps" path="/proc/21" dev="proc" ino=30548029 scontext=u:r:untrusted_app:s0:c512,c768 tcontext=u:r:kernel:s0 tclass=dir permissive=0
03-29 14:43:57.324 15430 15430 I auditd  : type=1400 audit(0.0:8685172): avc: denied { getattr } for comm="ps" path="/proc/22" dev="proc" ino=30548030 scontext=u:r:untrusted_app:s0:c512,c768 tcontext=u:r:kernel:s0 tclass=dir permissive=0
03-29 14:43:57.324 15430 15430 I auditd  : type=1400 audit(0.0:8685173): avc: denied { getattr } for comm="ps" path="/proc/23" dev="proc" ino=30548031 scontext=u:r:untrusted_app:s0:c512,c768 tcontext=u:r:kernel:s0 tclass=dir permissive=0
03-29 14:43:57.324 15430 15430 I auditd  : type=1400 audit(0.0:8685174): avc: denied { getattr } for comm="ps" path="/proc/24" dev="proc" ino=30548032 scontext=u:r:untrusted_app:s0:c512,c768 tcontext=u:r:kernel:s0 tclass=dir permissive=0
03-29 14:43:57.324 15430 15430 I auditd  : type=1400 audit(0.0:8685175): avc: denied { getattr } for comm="ps" path="/proc/25" dev="proc" ino=30548033 scontext=u:r:untrusted_app:s0:c512,c768 tcontext=u:r:kernel:s0 tclass=dir permissive=0
03-29 14:43:57.324 15430 15430 I auditd  : type=1400 audit(0.0:8685176): avc: denied { getattr } for comm="ps" path="/proc/26" dev="proc" ino=30548034 scontext=u:r:untrusted_app:s0:c512,c768 tcontext=u:r:kernel:s0 tclass=dir permissive=0
03-29 14:43:57.324 15430 15430 I auditd  : type=1400 audit(0.0:8685177): avc: denied { getattr } for comm="ps" path="/proc/29" dev="proc" ino=30548035 scontext=u:r:untrusted_app:s0:c512,c768 tcontext=u:r:kernel:s0 tclass=dir permissive=0
03-29 14:43:57.324 15430 15430 I auditd  : type=1400 audit(0.0:8685178): avc: denied { getattr } for comm="ps" path="/proc/30" dev="proc" ino=30548036 scontext=u:r:untrusted_app:s0:c512,c768 tcontext=u:r:kernel:s0 tclass=dir permissive=0
03-29 14:43:57.324 15430 15430 I auditd  : type=1400 audit(0.0:8685179): avc: denied { getattr } for comm="ps" path="/proc/31" dev="proc" ino=30548037 scontext=u:r:untrusted_app:s0:c512,c768 tcontext=u:r:kernel:s0 tclass=dir permissive=0
03-29 14:43:57.324 15430 15430 I auditd  : type=1400 audit(0.0:8685180): avc: denied { getattr } for comm="ps" path="/proc/32" dev="proc" ino=30548038 scontext=u:r:untrusted_app:s0:c512,c768 tcontext=u:r:kernel:s0 tclass=dir permissive=0
03-29 14:43:57.443 15405 15443 E DexLoadReporter: Could not create the profile directory: /data/app/com.eg.android.AlipayGphone-0ymG1l4wSBxhzt-ykQGCeg==/lib/arm/oat/libsgmain.so.cur.prof
03-29 14:43:57.520 15405 15405 I am_on_resume_called: [0,com.eg.android.AlipayGphone.AlipayLogin,LAUNCH_ACTIVITY]
03-29 14:43:57.559  1409  1518 I chatty  : uid=1000(system) android.fg expire 13 lines
03-29 14:43:57.650  1409  1409 I notification_enqueue: [1000,1409,android,15405,NULL,0,Notification(channel=SecurityMargin pri=2 contentView=null headsUpContentView=null bigContentView=null vibrate=null sound=null defaults=0x0 flags=0x1000022 color=0x00000000 vis=PRIVATE),0]
03-29 14:43:57.669  1409  1520 I am_activity_launch_time: [0,254054233,com.eg.android.AlipayGphone/.AlipayLogin,483,5059]
03-29 14:43:57.670  1409  1520 I sysui_multi_action: [319,505,322,505,325,494775,757,761,758,7,759,2,806,com.eg.android.AlipayGphone,871,com.eg.android.AlipayGphone.AlipayLogin,904,com.meizu.flyme.launcher,905,0,945,39]
03-29 14:43:57.710  1409  1409 I sysui_multi_action: [757,128,758,5,759,8,793,580560,794,574982,795,580560,796,26,806,android,857,DEVELOPER,858,2,947,0]
03-29 14:43:57.710  1409  1409 I notification_canceled: [-1|android|26|null|1000,8,580560,580560,574982,NULL]
03-29 14:43:57.720  1409  2537 I am_uid_running: 10029
03-29 14:43:57.731  1409  2537 I am_proc_start: [0,15533,10029,com.meizu.media.music,broadcast,com.meizu.media.music/.feature.recent_add_notify.UsbAndSdcardReceiver]
03-29 14:43:57.749  1409  2497 I am_proc_bound: [0,15533,com.meizu.media.music]
03-29 14:43:58.114  1409  1500 I am_stop_activity: [0,140699044,com.meizu.flyme.launcher/.Launcher]
03-29 14:43:58.153  3351  3351 I am_on_stop_called: [0,com.meizu.flyme.launcher.Launcher,handleStopActivity]
03-29 14:43:58.286 15405 15816 E ActivityThread: Failed to find provider info for com.alipay.setting
03-29 14:43:58.394 15405 15405 I auditd  : type=1400 audit(0.0:8698672): avc: denied { read } for comm=69646C6520636865636B6572 name="stat" dev="proc" ino=4026532151 scontext=u:r:untrusted_app:s0:c512,c768 tcontext=u:object_r:proc_stat:s0 tclass=file permissive=0
03-29 14:43:58.524 15405 15405 I auditd  : type=1400 audit(0.0:8698673): avc: denied { read } for comm="ORDERED_1" name="drivers" dev="proc" ino=4026531853 scontext=u:r:untrusted_app:s0:c512,c768 tcontext=u:object_r:proc_tty_drivers:s0 tclass=file permissive=0
03-29 14:43:58.564 15405 15405 I auditd  : type=1400 audit(0.0:8698674): avc: denied { search } for comm="pool-21-thread-" name="1" dev="proc" ino=30548012 scontext=u:r:untrusted_app:s0:c512,c768 tcontext=u:r:init:s0 tclass=dir permissive=0
03-29 14:43:58.564 15405 15405 I auditd  : type=1400 audit(0.0:8698675): avc: denied { search } for comm="pool-21-thread-" name="2" dev="proc" ino=30548013 scontext=u:r:untrusted_app:s0:c512,c768 tcontext=u:r:kernel:s0 tclass=dir permissive=0
03-29 14:43:58.564 15405 15405 I auditd  : type=1400 audit(0.0:8698676): avc: denied { search } for comm="pool-21-thread-" name="3" dev="proc" ino=30548014 scontext=u:r:untrusted_app:s0:c512,c768 tcontext=u:r:kernel:s0 tclass=dir permissive=0
03-29 14:43:58.564 15405 15405 I auditd  : type=1400 audit(0.0:8698677): avc: denied { search } for comm="pool-21-thread-" name="6" dev="proc" ino=30548015 scontext=u:r:untrusted_app:s0:c512,c768 tcontext=u:r:kernel:s0 tclass=dir permissive=0
03-29 14:43:58.564 15405 15405 I auditd  : type=1400 audit(0.0:8698678): avc: denied { search } for comm="pool-21-thread-" name="7" dev="proc" ino=30548016 scontext=u:r:untrusted_app:s0:c512,c768 tcontext=u:r:kernel:s0 tclass=dir permissive=0
03-29 14:43:58.564 15405 15405 I auditd  : type=1400 audit(0.0:8698679): avc: denied { search } for comm="pool-21-thread-" name="8" dev="proc" ino=30548017 scontext=u:r:untrusted_app:s0:c512,c768 tcontext=u:r:kernel:s0 tclass=dir permissive=0
03-29 14:43:58.564 15405 15405 I auditd  : type=1400 audit(0.0:8698680): avc: denied { search } for comm="pool-21-thread-" name="9" dev="proc" ino=30548018 scontext=u:r:untrusted_app:s0:c512,c768 tcontext=u:r:kernel:s0 tclass=dir permissive=0
03-29 14:43:58.564 15405 15405 I auditd  : type=1400 audit(0.0:8698681): avc: denied { search } for comm="pool-21-thread-" name="10" dev="proc" ino=30548019 scontext=u:r:untrusted_app:s0:c512,c768 tcontext=u:r:kernel:s0 tclass=dir permissive=0
03-29 14:43:58.564 15405 15405 I auditd  : type=1400 audit(0.0:8698682): avc: denied { search } for comm="pool-21-thread-" name="11" dev="proc" ino=30548020 scontext=u:r:untrusted_app:s0:c512,c768 tcontext=u:r:kernel:s0 tclass=dir permissive=0
03-29 14:43:58.564 15405 15405 I auditd  : type=1400 audit(0.0:8698683): avc: denied { search } for comm="pool-21-thread-" name="12" dev="proc" ino=30548021 scontext=u:r:untrusted_app:s0:c512,c768 tcontext=u:r:kernel:s0 tclass=dir permissive=0
03-29 14:43:58.564 15405 15405 I auditd  : type=1400 audit(0.0:8698684): avc: denied { search } for comm="pool-21-thread-" name="13" dev="proc" ino=30548022 scontext=u:r:untrusted_app:s0:c512,c768 tcontext=u:r:kernel:s0 tclass=dir permissive=0
03-29 14:43:58.564 15405 15405 I auditd  : type=1400 audit(0.0:8698685): avc: denied { search } for comm="pool-21-thread-" name="14" dev="proc" ino=30548023 scontext=u:r:untrusted_app:s0:c512,c768 tcontext=u:r:kernel:s0 tclass=dir permissive=0
03-29 14:43:58.564 15405 15405 I auditd  : type=1400 audit(0.0:8698686): avc: denied { search } for comm="pool-21-thread-" name="15" dev="proc" ino=30548024 scontext=u:r:untrusted_app:s0:c512,c768 tcontext=u:r:kernel:s0 tclass=dir permissive=0
03-29 14:43:58.564 15405 15405 I auditd  : type=1400 audit(0.0:8698687): avc: denied { search } for comm="pool-21-thread-" name="16" dev="proc" ino=30548025 scontext=u:r:untrusted_app:s0:c512,c768 tcontext=u:r:kernel:s0 tclass=dir permissive=0
03-29 14:43:58.564 15405 15405 I auditd  : type=1400 audit(0.0:8698688): avc: denied { search } for comm="pool-21-thread-" name="17" dev="proc" ino=30548026 scontext=u:r:untrusted_app:s0:c512,c768 tcontext=u:r:kernel:s0 tclass=dir permissive=0
03-29 14:43:58.564 15405 15405 I auditd  : type=1400 audit(0.0:8698689): avc: denied { search } for comm="pool-21-thread-" name="18" dev="proc" ino=30548027 scontext=u:r:untrusted_app:s0:c512,c768 tcontext=u:r:kernel:s0 tclass=dir permissive=0
03-29 14:43:58.564 15405 15405 I auditd  : type=1400 audit(0.0:8698690): avc: denied { search } for comm="pool-21-thread-" name="20" dev="proc" ino=30548028 scontext=u:r:untrusted_app:s0:c512,c768 tcontext=u:r:kernel:s0 tclass=dir permissive=0
03-29 14:43:58.564 15405 15405 I auditd  : type=1400 audit(0.0:8698691): avc: denied { search } for comm="pool-21-thread-" name="21" dev="proc" ino=30548029 scontext=u:r:untrusted_app:s0:c512,c768 tcontext=u:r:kernel:s0 tclass=dir permissive=0
03-29 14:43:58.809   567   567 I auditd  : avc:  denied  { find } for service=move_window pid=15405 uid=10116 scontext=u:r:untrusted_app:s0:c512,c768 tcontext=u:object_r:move_window_service:s0 tclass=service_manager permissive=0
03-29 14:43:58.810  1409  7830 I am_proc_start: [0,15979,10116,com.eg.android.AlipayGphone:push,service,com.eg.android.AlipayGphone/com.alipay.mobile.common.logging.process.LogServiceInPushProcess]
03-29 14:43:58.821  1409  7830 I am_proc_bound: [0,15979,com.eg.android.AlipayGphone:push]
03-29 14:43:58.941  1409  7830 I wm_task_moved: [3725,1,10]
03-29 14:43:58.942  1409  7830 I am_create_activity: [0,67812202,3725,com.eg.android.AlipayGphone/com.alipay.mobile.scan.as.main.MainCaptureActivity,NULL,NULL,NULL,262144]
03-29 14:43:58.944  1409  7830 I am_pause_activity: [0,254054233,com.eg.android.AlipayGphone/.AlipayLogin]
03-29 14:43:58.956 15405 15405 I am_on_paused_called: [0,com.eg.android.AlipayGphone.AlipayLogin,handlePauseActivity]
03-29 14:43:58.958  1409  7830 I am_restart_activity: [0,67812202,3725,com.eg.android.AlipayGphone/com.alipay.mobile.scan.as.main.MainCaptureActivity]
03-29 14:43:58.959  1409  7830 I am_set_resumed_activity: [0,com.eg.android.AlipayGphone/com.alipay.mobile.scan.as.main.MainCaptureActivity,minimalResumeActivityLocked]
03-29 14:43:58.962  1409  1500 I sysui_count: [window_time_0,2]
03-29 14:43:58.962  1409  1500 I sysui_multi_action: [757,803,799,window_time_0,802,2]
03-29 14:43:59.015  1409  2537 I am_proc_start: [0,16107,10116,com.eg.android.AlipayGphone:tools,service,com.eg.android.AlipayGphone/com.alipay.mobile.common.logging.process.LogServiceInToolsProcess]
03-29 14:43:59.022  1409  2537 I am_proc_bound: [0,16107,com.eg.android.AlipayGphone:tools]
03-29 14:43:59.114 15405 15405 I am_on_resume_called: [0,com.alipay.mobile.scan.as.main.MainCaptureActivity,LAUNCH_ACTIVITY]
03-29 14:43:59.240  1409  1520 I am_activity_launch_time: [0,67812202,com.eg.android.AlipayGphone/com.alipay.mobile.scan.as.main.MainCaptureActivity,277,277]
03-29 14:43:59.240 15979 16175 E DexLoadReporter: Could not create the profile directory: /data/app/com.eg.android.AlipayGphone-0ymG1l4wSBxhzt-ykQGCeg==/lib/arm/oat/libsgmain.so.cur.prof
03-29 14:43:59.363  1409  1477 I am_stop_activity: [0,254054233,com.eg.android.AlipayGphone/.AlipayLogin]
03-29 14:43:59.370 15405 15405 I am_on_stop_called: [0,com.eg.android.AlipayGphone.AlipayLogin,handleStopActivity]
03-29 14:43:59.404 15405 15405 I auditd  : type=1400 audit(0.0:8701531): avc: denied { read } for comm=69646C6520636865636B6572 name="stat" dev="proc" ino=4026532151 scontext=u:r:untrusted_app:s0:c512,c768 tcontext=u:object_r:proc_stat:s0 tclass=file permissive=0
03-29 14:43:59.574 15405 15405 I auditd  : type=1400 audit(0.0:8701532): avc: denied { search } for comm="Camera-Handler" name="964" dev="proc" ino=33631223 scontext=u:r:untrusted_app:s0:c512,c768 tcontext=u:r:cameraserver:s0 tclass=dir permissive=0
03-29 14:43:59.574   964   964 I auditd  : type=1400 audit(0.0:8701533): avc: denied { search } for comm="Binder:964_1" name="15405" dev="proc" ino=35335339 scontext=u:r:cameraserver:s0 tcontext=u:r:untrusted_app:s0:c512,c768 tclass=dir permissive=0
03-29 14:43:59.574   964   964 I auditd  : type=1400 audit(0.0:8701534): avc: denied { search } for comm="Binder:964_1" name="15405" dev="proc" ino=35335339 scontext=u:r:cameraserver:s0 tcontext=u:r:untrusted_app:s0:c512,c768 tclass=dir permissive=0
03-29 14:43:59.954 15979 15979 I auditd  : type=1400 audit(0.0:8701535): avc: denied { read } for comm=69646C6520636865636B6572 name="stat" dev="proc" ino=4026532151 scontext=u:r:untrusted_app:s0:c512,c768 tcontext=u:object_r:proc_stat:s0 tclass=file permissive=0
03-29 14:44:00.404 15405 15405 I auditd  : type=1400 audit(0.0:8701536): avc: denied { read } for comm=69646C6520636865636B6572 name="stat" dev="proc" ino=4026532151 scontext=u:r:untrusted_app:s0:c512,c768 tcontext=u:object_r:proc_stat:s0 tclass=file permissive=0
03-29 14:44:00.743  1409  2243 I chatty  : uid=1000(system) LazyTaskWriterT expire 3 lines
03-29 14:44:00.954 15979 15979 I auditd  : type=1400 audit(0.0:8701537): avc: denied { read } for comm=69646C6520636865636B6572 name="stat" dev="proc" ino=4026532151 scontext=u:r:untrusted_app:s0:c512,c768 tcontext=u:object_r:proc_stat:s0 tclass=file permissive=0
03-29 14:44:01.404 15405 15405 I auditd  : type=1400 audit(0.0:8701538): avc: denied { read } for comm=69646C6520636865636B6572 name="stat" dev="proc" ino=4026532151 scontext=u:r:untrusted_app:s0:c512,c768 tcontext=u:object_r:proc_stat:s0 tclass=file permissive=0
03-29 14:44:01.954 15979 15979 I auditd  : type=1400 audit(0.0:8701539): avc: denied { read } for comm=69646C6520636865636B6572 name="stat" dev="proc" ino=4026532151 scontext=u:r:untrusted_app:s0:c512,c768 tcontext=u:object_r:proc_stat:s0 tclass=file permissive=0
03-29 14:44:02.298  1409  1477 I wm_task_moved: [3725,1,10]
03-29 14:44:02.298  1409  1477 I am_create_activity: [0,226336058,3725,com.eg.android.AlipayGphone/com.alipay.android.msp.ui.views.MspContainerActivity,android.intent.action.MAIN,NULL,NULL,8454144]
03-29 14:44:02.300  1409  1477 I am_pause_activity: [0,67812202,com.eg.android.AlipayGphone/com.alipay.mobile.scan.as.main.MainCaptureActivity]
03-29 14:44:02.327 15405 15405 I am_on_paused_called: [0,com.alipay.mobile.scan.as.main.MainCaptureActivity,handlePauseActivity]
03-29 14:44:02.329  1409  2497 I am_restart_activity: [0,226336058,3725,com.eg.android.AlipayGphone/com.alipay.android.msp.ui.views.MspContainerActivity]
03-29 14:44:02.330  1409  2497 I am_set_resumed_activity: [0,com.eg.android.AlipayGphone/com.alipay.android.msp.ui.views.MspContainerActivity,minimalResumeActivityLocked]
03-29 14:44:02.332  1409  1500 I sysui_count: [window_time_0,4]
03-29 14:44:02.333  1409  1500 I sysui_multi_action: [757,803,799,window_time_0,802,4]
03-29 14:44:02.414 15405 15405 I auditd  : type=1400 audit(0.0:8701540): avc: denied { read } for comm=69646C6520636865636B6572 name="stat" dev="proc" ino=4026532151 scontext=u:r:untrusted_app:s0:c512,c768 tcontext=u:object_r:proc_stat:s0 tclass=file permissive=0
03-29 14:44:02.562 15405 15405 I am_on_resume_called: [0,com.alipay.android.msp.ui.views.MspContainerActivity,LAUNCH_ACTIVITY]
03-29 14:44:02.662   975   975 I wificond: Enters wifigbk_ageOutHistory
03-29 14:44:02.662   975   975 I wificond: Enters wifigbk_ageOutHistory
03-29 14:44:02.673  3763  3763 W ContextImpl: Calling a method in the system process without a qualified user: android.app.ContextImpl.startService:1480 android.content.ContextWrapper.startService:650 android.content.ContextWrapper.startService:650 com.meizu.dataservice.ExperienceReceiver.a:64 com.meizu.dataservice.ExperienceReceiver.onReceive:46 
03-29 14:44:02.837 15979 16483 E ActivityThread: Failed to find provider info for com.alipay.setting
03-29 14:44:02.838  1409  1520 I am_activity_launch_time: [0,226336058,com.eg.android.AlipayGphone/com.alipay.android.msp.ui.views.MspContainerActivity,508,508]
03-29 14:44:02.844  9972  9972 I auditd  : type=1400 audit(0.0:8701541): avc: denied { read } for comm="vendor.qti.hard" name="0" dev="sda19" ino=212994 scontext=u:r:hal_iop_default:s0 tcontext=u:object_r:system_data_file:s0 tclass=lnk_file permissive=0
03-29 14:44:02.954 15979 15979 I auditd  : type=1400 audit(0.0:8701542): avc: denied { read } for comm=69646C6520636865636B6572 name="stat" dev="proc" ino=4026532151 scontext=u:r:untrusted_app:s0:c512,c768 tcontext=u:object_r:proc_stat:s0 tclass=file permissive=0
03-29 14:44:03.179 15979 16483 E ActivityThread: Failed to find provider info for com.alipay.setting
03-29 14:44:03.268  1409  2182 I netstats_mobile_sample: [362646810,395588,55368858,318672,358623528,309010,55020119,310706,358574613,308909,55009701,310631,-1]
03-29 14:44:03.270  1409  2182 I netstats_wifi_sample: [22597610903,19133834,4260042309,11498246,22347204880,13141656,4108846042,11134571,22320193979,13063338,4107752216,11132224,-1]
03-29 14:44:03.414 15405 15405 I auditd  : type=1400 audit(0.0:8701543): avc: denied { read } for comm=69646C6520636865636B6572 name="stat" dev="proc" ino=4026532151 scontext=u:r:untrusted_app:s0:c512,c768 tcontext=u:object_r:proc_stat:s0 tclass=file permissive=0
03-29 14:44:03.914 16567 16567 I auditd  : type=1400 audit(0.0:8701544): avc: denied { create } for comm="main" name="cgroup.procs" scontext=u:r:zygote:s0 tcontext=u:object_r:cgroup:s0 tclass=file permissive=0
03-29 14:44:03.919  1409  2497 I am_proc_start: [0,16567,10116,com.eg.android.AlipayGphone:lite1,service,com.eg.android.AlipayGphone/com.alipay.mobile.liteprocess.LiteProcessService$LiteProcessService1]
03-29 14:44:03.936  1409  2497 I am_proc_bound: [0,16567,com.eg.android.AlipayGphone:lite1]
03-29 14:44:04.044 16567 16567 I auditd  : type=1400 audit(0.0:8701545): avc: denied { read } for comm="payGphone:lite1" name="version" dev="proc" ino=4026532153 scontext=u:r:untrusted_app:s0:c512,c768 tcontext=u:object_r:proc:s0 tclass=file permissive=0
03-29 14:44:04.044 15405 15405 I auditd  : type=1400 audit(0.0:8701546): avc: denied { read } for comm="INE.PORTAL_IDLE" name="stat" dev="proc" ino=4026532151 scontext=u:r:untrusted_app:s0:c512,c768 tcontext=u:object_r:proc_stat:s0 tclass=file permissive=0
03-29 14:44:04.414 15405 15405 I auditd  : type=1400 audit(0.0:8701547): avc: denied { read } for comm=69646C6520636865636B6572 name="stat" dev="proc" ino=4026532151 scontext=u:r:untrusted_app:s0:c512,c768 tcontext=u:object_r:proc_stat:s0 tclass=file permissive=0
03-29 14:44:04.454 16723 16723 I auditd  : type=1400 audit(0.0:8701548): avc: denied { create } for comm="main" name="cgroup.procs" scontext=u:r:zygote:s0 tcontext=u:object_r:cgroup:s0 tclass=file permissive=0
03-29 14:44:04.477  1409  2495 I am_proc_start: [0,16723,10116,com.eg.android.AlipayGphone:sandboxed_privilege_process0,service,com.eg.android.AlipayGphone/com.alipay.mobile.nebulacore.SandboxedPrivilegedProcessService0]
03-29 14:44:04.486  1409  2495 I am_proc_bound: [0,16723,com.eg.android.AlipayGphone:sandboxed_privilege_process0]
03-29 14:44:04.497  1409  2495 I am_uid_running: 99460
03-29 14:44:04.504 16743 16743 I auditd  : type=1400 audit(0.0:8701549): avc: denied { create } for comm="main" name="cgroup.procs" scontext=u:r:zygote:s0 tcontext=u:object_r:cgroup:s0 tclass=file permissive=0
03-29 14:44:04.516  1409  2495 I am_proc_start: [0,16743,99460,com.eg.android.AlipayGphone:sandboxed_process0,service,com.eg.android.AlipayGphone/com.alipay.mobile.nebulacore.SandboxedProcessService0]
03-29 14:44:04.529  1409  2495 I am_proc_bound: [0,16743,com.eg.android.AlipayGphone:sandboxed_process0]
03-29 14:44:04.533  1409  2495 I am_uid_active: 99460
03-29 14:44:04.624 16723 16723 I auditd  : type=1400 audit(0.0:8701550): avc: denied { read } for comm="vilege_process0" name="version" dev="proc" ino=4026532153 scontext=u:r:untrusted_app:s0:c512,c768 tcontext=u:object_r:proc:s0 tclass=file permissive=0
03-29 14:44:05.414 15405 15405 I auditd  : type=1400 audit(0.0:8701551): avc: denied { read } for comm=69646C6520636865636B6572 name="stat" dev="proc" ino=4026532151 scontext=u:r:untrusted_app:s0:c512,c768 tcontext=u:object_r:proc_stat:s0 tclass=file permissive=0
03-29 14:44:05.657   568   568 I auditd  : avc:  denied  { find } for interface=android.hardware.memtrack::IMemtrack pid=15405 scontext=u:r:untrusted_app:s0:c512,c768 tcontext=u:object_r:hal_memtrack_hwservice:s0 tclass=hwservice_manager permissive=0
03-29 14:44:05.959  1409  7828 I chatty  : uid=1000(system) Binder:1409_17 expire 1 line
03-29 14:44:05.961  1409  7828 I wm_task_moved: [3725,1,10]
03-29 14:44:05.962  1409  7828 I wm_task_moved: [3725,1,10]
03-29 14:44:05.963  1409  7828 I am_create_activity: [0,237874443,3725,com.eg.android.AlipayGphone/com.alipay.mobile.verifyidentity.module.fingerprint.FingerprintCheckActivity,NULL,NULL,NULL,268500992]
03-29 14:44:05.966  1409  7828 I am_pause_activity: [0,226336058,com.eg.android.AlipayGphone/com.alipay.android.msp.ui.views.MspContainerActivity]
03-29 14:44:05.975 15405 15405 I am_on_paused_called: [0,com.alipay.android.msp.ui.views.MspContainerActivity,handlePauseActivity]
03-29 14:44:05.978  1409  8239 I am_restart_activity: [0,237874443,3725,com.eg.android.AlipayGphone/com.alipay.mobile.verifyidentity.module.fingerprint.FingerprintCheckActivity]
03-29 14:44:05.980  1409  8239 I am_set_resumed_activity: [0,com.eg.android.AlipayGphone/com.alipay.mobile.verifyidentity.module.fingerprint.FingerprintCheckActivity,minimalResumeActivityLocked]
03-29 14:44:05.983  1409  1500 I sysui_count: [window_time_0,3]
03-29 14:44:05.983  1409  1500 I sysui_multi_action: [757,803,799,window_time_0,802,3]
03-29 14:44:06.063 15405 15405 I am_on_resume_called: [0,com.alipay.mobile.verifyidentity.module.fingerprint.FingerprintCheckActivity,LAUNCH_ACTIVITY]
03-29 14:44:06.123  1409  1409 I sysui_histogram: [fingerprint_token,0]
03-29 14:44:06.124  1409  1409 I sysui_multi_action: [757,804,799,fingerprint_token,801,0,802,1]
03-29 14:44:06.165  1409  1520 I am_activity_launch_time: [0,237874443,com.eg.android.AlipayGphone/com.alipay.mobile.verifyidentity.module.fingerprint.FingerprintCheckActivity,187,187]
03-29 14:44:06.174  9972  9972 I auditd  : type=1400 audit(0.0:8701552): avc: denied { read } for comm="vendor.qti.hard" name="0" dev="sda19" ino=212994 scontext=u:r:hal_iop_default:s0 tcontext=u:object_r:system_data_file:s0 tclass=lnk_file permissive=0
