03-29 12:47:08.751   973  1084 E NetlinkEvent: NetlinkEvent::FindParam(): Parameter 'STATE' not found
03-29 12:47:08.751   973  1084 E NetlinkEvent: NetlinkEvent::FindParam(): Parameter 'TIME_NS' not found
03-29 12:47:08.751   973  1084 E NetlinkEvent: NetlinkEvent::FindParam(): Parameter 'UID' not found
03-29 12:47:19.122   973  1084 E NetlinkEvent: NetlinkEvent::FindParam(): Parameter 'INTERFACE' not found
03-29 12:47:19.122   973  1084 E NetlinkEvent: NetlinkEvent::FindParam(): Parameter 'STATE' not found
03-29 12:47:19.122   973  1084 E NetlinkEvent: NetlinkEvent::FindParam(): Parameter 'TIME_NS' not found
03-29 12:47:19.122   973  1084 E NetlinkEvent: NetlinkEvent::FindParam(): Parameter 'UID' not found
03-29 12:47:45.156   973  1084 E NetlinkEvent: NetlinkEvent::FindParam(): Parameter 'INTERFACE' not found
03-29 12:47:45.156   973  1084 E NetlinkEvent: NetlinkEvent::FindParam(): Parameter 'STATE' not found
03-29 12:47:45.156   973  1084 E NetlinkEvent: NetlinkEvent::FindParam(): Parameter 'TIME_NS' not found
03-29 12:47:45.156   973  1084 E NetlinkEvent: NetlinkEvent::FindParam(): Parameter 'UID' not found
03-29 12:48:06.995   973  1084 E NetlinkEvent: NetlinkEvent::FindParam(): Parameter 'INTERFACE' not found
03-29 12:48:06.995   973  1084 E NetlinkEvent: NetlinkEvent::FindParam(): Parameter 'STATE' not found
03-29 12:48:06.995   973  1084 E NetlinkEvent: NetlinkEvent::FindParam(): Parameter 'TIME_NS' not found
03-29 12:48:06.995   973  1084 E NetlinkEvent: NetlinkEvent::FindParam(): Parameter 'UID' not found
03-29 12:48:07.382  3104  3104 E ActivityThread: Failed to find provider info for com.flyme.systemuitools.gameassiant.model.GameSDKContentProvider
03-29 12:48:19.441  3104  3104 I chatty  : uid=10043(com.flyme.systemuiex) com.flyme.systemuitools identical 8 lines
03-29 12:48:19.442  3104  3104 E ActivityThread: Failed to find provider info for com.flyme.systemuitools.gameassiant.model.GameSDKContentProvider
03-29 12:48:19.985  1409  3383 I chatty  : uid=1000(system) Binder:1409_13 expire 2 lines
03-29 12:48:44.095   973  1084 E NetlinkEvent: NetlinkEvent::FindParam(): Parameter 'INTERFACE' not found
03-29 12:48:44.095   973  1084 E NetlinkEvent: NetlinkEvent::FindParam(): Parameter 'STATE' not found
03-29 12:48:44.095   973  1084 E NetlinkEvent: NetlinkEvent::FindParam(): Parameter 'TIME_NS' not found
03-29 12:48:44.095   973  1084 E NetlinkEvent: NetlinkEvent::FindParam(): Parameter 'UID' not found
03-29 12:49:51.597   973  1084 E NetlinkEvent: NetlinkEvent::FindParam(): Parameter 'INTERFACE' not found
03-29 12:49:51.598   973  1084 E NetlinkEvent: NetlinkEvent::FindParam(): Parameter 'STATE' not found
03-29 12:49:51.598   973  1084 E NetlinkEvent: NetlinkEvent::FindParam(): Parameter 'TIME_NS' not found
03-29 12:49:51.598   973  1084 E NetlinkEvent: NetlinkEvent::FindParam(): Parameter 'UID' not found
03-29 12:50:04.596  3104  3104 I DDI     : writeDisplayFile /sys/class/meizu/lcm/display/doze_s2 mode 1
03-29 12:50:05.563 32708 25658 W ContextImpl: Calling a method in the system process without a qualified user: android.app.ContextImpl.startService:1480 android.content.ContextWrapper.startService:650 filtratorsdk.ail.a:118 filtratorsdk.ail.a:62 filtratorsdk.ail$1.run:69 
03-29 12:50:05.730  1409  1523 I chatty  : uid=1000(system) PowerManagerSer expire 7 lines
03-29 12:50:05.932  2256 25673 W ClientMonitor: handlePreviewFrame() called for authenticate!
03-29 12:50:06.162  2256 25673 I chatty  : uid=1000(system) com.meizu.facerecognition identical 7 lines
03-29 12:50:06.195  2256 25673 W ClientMonitor: handlePreviewFrame() called for authenticate!
03-29 12:50:06.381 32708 25725 W ContextImpl: Calling a method in the system process without a qualified user: android.app.ContextImpl.startService:1480 android.content.ContextWrapper.startService:650 android.content.ContextWrapper.startService:650 filtratorsdk.adj.a:25 com.meizu.networkmanager.boradcast.TrafficGlobalReceiver$2.run:277 
03-29 12:50:06.870 32708 25733 W ContextImpl: Calling a method in the system process without a qualified user: android.app.ContextImpl.startService:1480 android.content.ContextWrapper.startService:650 filtratorsdk.ail.a:118 filtratorsdk.ail.a:62 filtratorsdk.ail$1.run:69 
03-29 12:50:08.456  1409  8238 I chatty  : uid=1000(system) Binder:1409_1C expire 2 lines
03-29 12:50:08.504 15650 15650 E SchedPolicy: set_timerslack_ns write failed: Operation not permitted
03-29 12:50:08.512  3104  3104 E ActivityThread: Failed to find provider info for com.flyme.systemuitools.gameassiant.model.GameSDKContentProvider
03-29 12:50:08.514  3104  3104 E ActivityThread: Failed to find provider info for com.flyme.systemuitools.gameassiant.model.GameSDKContentProvider
03-29 12:50:08.599 15650 15650 E SchedPolicy: set_timerslack_ns write failed: Operation not permitted
03-29 12:50:08.736 15650 15650 E SchedPolicy: set_timerslack_ns write failed: Operation not permitted
03-29 12:50:13.587  1409  1783 I chatty  : uid=1000(system) InputReader expire 12 lines
03-29 12:50:15.855  1409  8241 I chatty  : uid=1000(system) Binder:1409_1F expire 11 lines
03-29 12:50:23.635  3351  3351 W ViewRootImpl[Launcher]: Cancelling event due to no window focus: KeyEvent { action=ACTION_UP, keyCode=KEYCODE_BACK, scanCode=0, metaState=0, flags=0x28, repeatCount=0, eventTime=490497583, downTime=490497583, deviceId=-1, source=0x101 }
03-29 12:50:23.635  3351  3351 W ViewRootImpl[Launcher]: Cancelling event due to no window focus: KeyEvent { action=ACTION_UP, keyCode=KEYCODE_BACK, scanCode=0, metaState=0, flags=0x28, repeatCount=0, eventTime=490497583, downTime=490497583, deviceId=-1, source=0x101 }
03-29 12:50:24.241  1409  1783 I chatty  : uid=1000(system) InputReader expire 49 lines
03-29 12:50:24.426 15650 15650 E SchedPolicy: set_timerslack_ns write failed: Operation not permitted
03-29 12:50:47.882  1409  2242 I chatty  : uid=1000(system) PhotonicModulat expire 5 lines
03-29 12:50:48.369 32708 26003 W ContextImpl: Calling a method in the system process without a qualified user: android.app.ContextImpl.startService:1480 android.content.ContextWrapper.startService:650 filtratorsdk.adj.a:25 filtratorsdk.adq$1$2.run:84 <bottom of call stack> 
03-29 12:51:01.927  1409  3187 I chatty  : uid=1000(system) Binder:1409_C expire 5 lines
03-29 12:51:22.616  1409  1783 I chatty  : uid=1000(system) InputReader expire 88 lines
03-29 12:51:22.999  2256 26047 W ClientMonitor: handlePreviewFrame() called for authenticate!
03-29 12:51:23.597  2256 26047 I chatty  : uid=1000(system) com.meizu.facerecognition identical 505 lines
03-29 12:51:23.631  2256 26047 W ClientMonitor: handlePreviewFrame() called for authenticate!
03-29 12:51:23.664  2256 26047 W ClientMonitor: handlePreviewFrame() called for authenticate!
03-29 12:51:23.969  2256 26047 W ClientMonitor: handlePreviewFrame() called for authenticate!
03-29 12:51:23.981 32708 26097 W ContextImpl: Calling a method in the system process without a qualified user: android.app.ContextImpl.startService:1480 android.content.ContextWrapper.startService:650 filtratorsdk.ail.a:118 filtratorsdk.ail.a:62 filtratorsdk.ail$1.run:69 
03-29 12:51:24.004  2256 26047 W ClientMonitor: handlePreviewFrame() called for authenticate!
03-29 12:51:24.169  2256 26047 W ClientMonitor: handlePreviewFrame() called for authenticate!
03-29 12:51:24.198  2256 26047 W ClientMonitor: handlePreviewFrame() called for authenticate!
03-29 12:51:24.235  2256 26047 W ClientMonitor: handlePreviewFrame() called for authenticate!
03-29 12:51:25.130  2256 26047 W ClientMonitor: handlePreviewFrame() called for authenticate!
03-29 12:51:25.201  2256 26047 W ClientMonitor: handlePreviewFrame() called for authenticate!
03-29 12:51:25.344  2256 26047 W ClientMonitor: handlePreviewFrame() called for authenticate!
03-29 12:51:25.355  1409  3187 I chatty  : uid=1000(system) Binder:1409_C expire 1 line
03-29 12:51:25.417  2256 26047 W ClientMonitor: handlePreviewFrame() called for authenticate!
03-29 12:51:25.724  2256 26047 W ClientMonitor: handlePreviewFrame() called for authenticate!
03-29 12:51:25.747   973  1084 E NetlinkEvent: NetlinkEvent::FindParam(): Parameter 'INTERFACE' not found
03-29 12:51:25.747   973  1084 E NetlinkEvent: NetlinkEvent::FindParam(): Parameter 'STATE' not found
03-29 12:51:25.747   973  1084 E NetlinkEvent: NetlinkEvent::FindParam(): Parameter 'TIME_NS' not found
03-29 12:51:25.747   973  1084 E NetlinkEvent: NetlinkEvent::FindParam(): Parameter 'UID' not found
03-29 12:51:25.757  2256 26047 W ClientMonitor: handlePreviewFrame() called for authenticate!
03-29 12:51:43.326  2256 26047 W ClientMonitor: handlePreviewFrame() called for authenticate!
03-29 12:51:43.337  1409  1523 I chatty  : uid=1000(system) PowerManagerSer expire 10 lines
03-29 12:51:43.527  1409  2242 I chatty  : uid=1000(system) PhotonicModulat expire 10 lines
03-29 12:51:43.537  1409  1520 I chatty  : uid=1000(system) android.display expire 8 lines
03-29 12:51:43.688 32708 26221 W ContextImpl: Calling a method in the system process without a qualified user: android.app.ContextImpl.startService:1480 android.content.ContextWrapper.startService:650 filtratorsdk.adj.a:25 filtratorsdk.adq$1$2.run:84 <bottom of call stack> 
03-29 12:51:45.194  1409  1409 I chatty  : uid=1000 system_server expire 7 lines
03-29 12:51:45.238  1409  1501 I chatty  : uid=1000(system) android.ui expire 2 lines
03-29 12:51:45.238  1409  2225 I chatty  : uid=1000(system) HBMController expire 3 lines
03-29 12:51:45.622  2256 26251 W ClientMonitor: handlePreviewFrame() called for authenticate!
03-29 12:51:46.487  2256 26251 I chatty  : uid=1000(system) com.meizu.facerecognition identical 22 lines
03-29 12:51:46.552  2256 26251 W ClientMonitor: handlePreviewFrame() called for authenticate!
03-29 12:51:46.566 32708 26295 W ContextImpl: Calling a method in the system process without a qualified user: android.app.ContextImpl.startService:1480 android.content.ContextWrapper.startService:650 filtratorsdk.ail.a:118 filtratorsdk.ail.a:62 filtratorsdk.ail$1.run:69 
03-29 12:51:46.619  2256 26251 W ClientMonitor: handlePreviewFrame() called for authenticate!
03-29 12:51:46.820  1409  2562 I chatty  : uid=1000(system) Binder:1409_B expire 1 line
03-29 12:51:46.857 32708 26312 W ContextImpl: Calling a method in the system process without a qualified user: android.app.ContextImpl.startService:1480 android.content.ContextWrapper.startService:650 android.content.ContextWrapper.startService:650 filtratorsdk.adj.a:25 com.meizu.networkmanager.boradcast.TrafficGlobalReceiver$2.run:277 
03-29 12:51:47.113  1409  3383 I chatty  : uid=1000(system) Binder:1409_13 expire 14 lines
03-29 12:52:19.622  1409  2497 I chatty  : uid=1000(system) Binder:1409_7 expire 10 lines
03-29 12:52:31.287  1409  8240 I chatty  : uid=1000(system) Binder:1409_1E expire 17 lines
03-29 12:52:31.661 26622 26661 E DexLoadReporter: Could not create the profile directory: /data/app/com.eg.android.AlipayGphone-0ymG1l4wSBxhzt-ykQGCeg==/lib/arm/oat/libsgmain.so.cur.prof
03-29 12:52:31.797  1409  1518 I chatty  : uid=1000(system) android.fg expire 14 lines
03-29 12:52:32.502 26622 26885 E ActivityThread: Failed to find provider info for com.alipay.setting
03-29 12:52:32.618   973  1084 E NetlinkEvent: NetlinkEvent::FindParam(): Parameter 'INTERFACE' not found
03-29 12:52:32.618   973  1084 E NetlinkEvent: NetlinkEvent::FindParam(): Parameter 'STATE' not found
03-29 12:52:32.618   973  1084 E NetlinkEvent: NetlinkEvent::FindParam(): Parameter 'TIME_NS' not found
03-29 12:52:32.618   973  1084 E NetlinkEvent: NetlinkEvent::FindParam(): Parameter 'UID' not found
03-29 12:52:33.259  1409  8239 I chatty  : uid=1000(system) Binder:1409_1D expire 3 lines
03-29 12:52:33.313 27008 27126 E ActivityThread: Failed to find provider info for com.alipay.setting
03-29 12:52:33.323 27008 27126 E ActivityThread: Failed to find provider info for com.alipay.setting
03-29 12:52:33.508 27008 27182 E DexLoadReporter: Could not create the profile directory: /data/app/com.eg.android.AlipayGphone-0ymG1l4wSBxhzt-ykQGCeg==/lib/arm/oat/libsgmain.so.cur.prof
03-29 12:52:34.863  1409  2243 I chatty  : uid=1000(system) LazyTaskWriterT expire 1 line
03-29 12:52:36.137  1409  1783 I chatty  : uid=1000(system) InputReader expire 19 lines
03-29 12:52:42.161  1409  1499 I chatty  : uid=1000(system) android.bg expire 3 lines
03-29 12:52:49.642  1409  3302 I chatty  : uid=1000(system) Binder:1409_E expire 2 lines
03-29 12:52:54.347  1409  7828 I chatty  : uid=1000(system) Binder:1409_17 expire 2 lines
03-29 12:52:54.410  1409 28092 I chatty  : uid=1000 system_server expire 1 line
03-29 12:53:02.955  1409  2240 I chatty  : uid=1000(system) TaskSnapshotPer expire 1 line
03-29 12:53:03.013  3351  3351 W ViewRootImpl[Launcher]: Cancelling event due to no window focus: KeyEvent { action=ACTION_UP, keyCode=KEYCODE_BACK, scanCode=0, metaState=0, flags=0x28, repeatCount=0, eventTime=490634314, downTime=490634314, deviceId=-1, source=0x101 }
03-29 12:53:03.013  3351  3351 I chatty  : uid=10021(com.meizu.flyme.launcher) identical 7 lines
03-29 12:53:03.014  3351  3351 W ViewRootImpl[Launcher]: Cancelling event due to no window focus: KeyEvent { action=ACTION_UP, keyCode=KEYCODE_BACK, scanCode=0, metaState=0, flags=0x28, repeatCount=0, eventTime=490634314, downTime=490634314, deviceId=-1, source=0x101 }
03-29 12:53:03.016  1409  1518 I chatty  : uid=1000(system) android.fg expire 13 lines
03-29 12:53:06.615 32708 28342 W ContextImpl: Calling a method in the system process without a qualified user: android.app.ContextImpl.startService:1480 android.content.ContextWrapper.startService:650 filtratorsdk.adj.a:25 filtratorsdk.adq$1$2.run:84 <bottom of call stack> 
03-29 12:53:13.983  1409  1523 I chatty  : uid=1000(system) PowerManagerSer expire 6 lines
03-29 12:53:14.189  1409  1500 I chatty  : uid=1000(system) ActivityManager expire 1 line
03-29 12:53:14.416  2256 28400 W ClientMonitor: handlePreviewFrame() called for authenticate!
03-29 12:53:15.280  2256 28400 I chatty  : uid=1000(system) com.meizu.facerecognition identical 24 lines
03-29 12:53:15.349  2256 28400 W ClientMonitor: handlePreviewFrame() called for authenticate!
03-29 12:53:15.364 32708 28452 W ContextImpl: Calling a method in the system process without a qualified user: android.app.ContextImpl.startService:1480 android.content.ContextWrapper.startService:650 filtratorsdk.ail.a:118 filtratorsdk.ail.a:62 filtratorsdk.ail$1.run:69 
03-29 12:53:15.416  2256 28400 W ClientMonitor: handlePreviewFrame() called for authenticate!
03-29 12:53:15.483  2256 28400 W ClientMonitor: handlePreviewFrame() called for authenticate!
03-29 12:53:15.549  1409  1783 I chatty  : uid=1000(system) InputReader expire 5 lines
03-29 12:53:15.550  2256 28400 W ClientMonitor: handlePreviewFrame() called for authenticate!
03-29 12:53:15.688  2256 28400 W ClientMonitor: handlePreviewFrame() called for authenticate!
03-29 12:53:15.888  1409  2242 I chatty  : uid=1000(system) PhotonicModulat expire 5 lines
03-29 12:53:16.039 32708 28478 W ContextImpl: Calling a method in the system process without a qualified user: android.app.ContextImpl.startService:1480 android.content.ContextWrapper.startService:650 filtratorsdk.adj.a:25 filtratorsdk.adq$1$2.run:84 <bottom of call stack> 
03-29 12:53:25.969  1409  1409 I chatty  : uid=1000 system_server expire 2 lines
03-29 12:53:26.011  1409  1523 I chatty  : uid=1000(system) PowerManagerSer expire 3 lines
03-29 12:53:26.012  1409  1501 I chatty  : uid=1000(system) android.ui expire 1 line
03-29 12:53:26.012  1409  2225 I chatty  : uid=1000(system) HBMController expire 2 lines
03-29 12:53:26.018  1409  1520 I chatty  : uid=1000(system) android.display expire 1 line
03-29 12:53:26.323  1409  2497 I chatty  : uid=1000(system) Binder:1409_7 expire 7 lines
03-29 12:53:26.468  2256 28515 W ClientMonitor: handlePreviewFrame() called for authenticate!
03-29 12:53:27.303  2256 28515 I chatty  : uid=1000(system) com.meizu.facerecognition identical 46 lines
03-29 12:53:27.334  2256 28515 W ClientMonitor: handlePreviewFrame() called for authenticate!
03-29 12:53:27.345 32708 28551 W ContextImpl: Calling a method in the system process without a qualified user: android.app.ContextImpl.startService:1480 android.content.ContextWrapper.startService:650 filtratorsdk.ail.a:118 filtratorsdk.ail.a:62 filtratorsdk.ail$1.run:69 
03-29 12:53:27.371  2256 28515 W ClientMonitor: handlePreviewFrame() called for authenticate!
03-29 12:53:28.368  2256 28515 W ClientMonitor: handlePreviewFrame() called for authenticate!
03-29 12:53:28.461  2256  2335 W ClientMonitor: Forcing lockout, mode(1)
03-29 12:53:28.870  2256 28515 W ClientMonitor: handlePreviewFrame() called for authenticate!
03-29 12:53:28.972  2256 28515 W ClientMonitor: handlePreviewFrame() called for authenticate!
03-29 12:53:29.156  1409  7828 I chatty  : uid=1000(system) Binder:1409_17 expire 1 line
03-29 12:53:29.203 32708 28577 W ContextImpl: Calling a method in the system process without a qualified user: android.app.ContextImpl.startService:1480 android.content.ContextWrapper.startService:650 android.content.ContextWrapper.startService:650 filtratorsdk.adj.a:25 com.meizu.networkmanager.boradcast.TrafficGlobalReceiver$2.run:277 
03-29 12:53:29.738  1409  1783 I chatty  : uid=1000(system) InputReader expire 28 lines
03-29 12:53:30.583  1409  8240 I chatty  : uid=1000(system) Binder:1409_1E expire 4 lines
03-29 12:53:30.601  1409  1769 I chatty  : uid=1000(system) android.anim expire 27 lines
03-29 12:53:30.756  1409  7554 I chatty  : uid=1000(system) Binder:1409_16 expire 11 lines
03-29 12:53:30.816  1409  1499 I chatty  : uid=1000(system) android.bg expire 1 line
03-29 12:53:34.715  1409  2243 I chatty  : uid=1000(system) LazyTaskWriterT expire 6 lines
03-29 12:53:39.183  1409  2240 I chatty  : uid=1000(system) TaskSnapshotPer expire 10 lines
03-29 12:53:40.264 27008 27252 E DexLoadReporter: Could not create the profile directory: /data/app/com.eg.android.AlipayGphone-0ymG1l4wSBxhzt-ykQGCeg==/lib/arm/oat/libsgsecuritybody.so.cur.prof
03-29 12:53:40.285 27008 27252 E DexLoadReporter: Could not create the profile directory: /data/app/com.eg.android.AlipayGphone-0ymG1l4wSBxhzt-ykQGCeg==/lib/arm/oat/libsgmisc.so.cur.prof
03-29 12:53:40.861  1409  1783 I chatty  : uid=1000(system) InputReader expire 38 lines
03-29 12:53:42.216  1409  3383 I chatty  : uid=1000(system) Binder:1409_13 expire 7 lines
03-29 12:53:45.988  1409  8239 I chatty  : uid=1000(system) Binder:1409_1D expire 13 lines
03-29 12:53:51.520 15650 15650 E SchedPolicy: set_timerslack_ns write failed: Operation not permitted
03-29 12:53:52.193  1409  1783 I chatty  : uid=1000(system) InputReader expire 44 lines
03-29 12:53:52.398  3351  3351 W ViewRootImpl[Launcher]: Cancelling event due to no window focus: KeyEvent { action=ACTION_UP, keyCode=KEYCODE_BACK, scanCode=0, metaState=0, flags=0x28, repeatCount=0, eventTime=490677064, downTime=490677064, deviceId=-1, source=0x101 }
03-29 12:53:52.398  3351  3351 I chatty  : uid=10021(com.meizu.flyme.launcher) identical 21 lines
03-29 12:53:52.398  3351  3351 W ViewRootImpl[Launcher]: Cancelling event due to no window focus: KeyEvent { action=ACTION_UP, keyCode=KEYCODE_BACK, scanCode=0, metaState=0, flags=0x28, repeatCount=0, eventTime=490677064, downTime=490677064, deviceId=-1, source=0x101 }
03-29 12:53:53.285  1409  7554 I chatty  : uid=1000(system) Binder:1409_16 expire 6 lines
03-29 12:53:53.294  1409  1769 I chatty  : uid=1000(system) android.anim expire 30 lines
03-29 12:53:53.930  1409  7835 I chatty  : uid=1000(system) Binder:1409_1A expire 12 lines
03-29 12:53:54.081  3351  3351 W ViewRootImpl[Launcher]: Cancelling event due to no window focus: KeyEvent { action=ACTION_UP, keyCode=KEYCODE_BACK, scanCode=0, metaState=0, flags=0x28, repeatCount=0, eventTime=490678717, downTime=490678717, deviceId=-1, source=0x101 }
03-29 12:53:54.081  3351  3351 W ViewRootImpl[Launcher]: Cancelling event due to no window focus: KeyEvent { action=ACTION_UP, keyCode=KEYCODE_BACK, scanCode=0, metaState=0, flags=0x28, repeatCount=0, eventTime=490678717, downTime=490678717, deviceId=-1, source=0x101 }
03-29 12:53:55.639  3351  3351 W ViewRootImpl[Launcher]: Cancelling event due to no window focus: KeyEvent { action=ACTION_UP, keyCode=KEYCODE_BACK, scanCode=0, metaState=0, flags=0x28, repeatCount=0, eventTime=490680310, downTime=490680310, deviceId=-1, source=0x101 }
03-29 12:53:55.639  3351  3351 W ViewRootImpl[Launcher]: Cancelling event due to no window focus: KeyEvent { action=ACTION_UP, keyCode=KEYCODE_BACK, scanCode=0, metaState=0, flags=0x28, repeatCount=0, eventTime=490680310, downTime=490680310, deviceId=-1, source=0x101 }
03-29 12:53:56.327  1409  4095 I chatty  : uid=1000(system) Binder:1409_15 expire 16 lines
03-29 12:54:10.237  1409  1783 I chatty  : uid=1000(system) InputReader expire 37 lines
03-29 12:54:15.104  1409  1769 I chatty  : uid=1000(system) android.anim expire 2 lines
03-29 12:54:17.051  1409  1409 I chatty  : uid=1000 system_server expire 10 lines
03-29 12:54:18.323  1409  2240 I chatty  : uid=1000(system) TaskSnapshotPer expire 1 line
03-29 12:54:21.901  1409  2243 I chatty  : uid=1000(system) LazyTaskWriterT expire 1 line
03-29 12:54:23.451  1409  1523 I chatty  : uid=1000(system) PowerManagerSer expire 10 lines
03-29 12:54:23.451  1409  2242 I chatty  : uid=1000(system) PhotonicModulat expire 10 lines
03-29 12:54:23.495  1409  1520 I chatty  : uid=1000(system) android.display expire 11 lines
03-29 12:54:24.149 32708 29062 W ContextImpl: Calling a method in the system process without a qualified user: android.app.ContextImpl.startService:1480 android.content.ContextWrapper.startService:650 filtratorsdk.adj.a:25 filtratorsdk.adq$1$2.run:84 <bottom of call stack> 
03-29 12:54:26.344  1409  7554 I chatty  : uid=1000(system) Binder:1409_16 expire 4 lines
03-29 12:54:43.064  1409  1501 I chatty  : uid=1000(system) android.ui expire 5 lines
03-29 12:54:43.065  1409  2225 I chatty  : uid=1000(system) HBMController expire 9 lines
03-29 12:54:43.523  2256 29140 W ClientMonitor: handlePreviewFrame() called for authenticate!
03-29 12:54:44.358  2256 29140 I chatty  : uid=1000(system) com.meizu.facerecognition identical 186 lines
03-29 12:54:44.390  2256 29140 W ClientMonitor: handlePreviewFrame() called for authenticate!
03-29 12:54:44.425 32708 29203 W ContextImpl: Calling a method in the system process without a qualified user: android.app.ContextImpl.startService:1480 android.content.ContextWrapper.startService:650 filtratorsdk.ail.a:118 filtratorsdk.ail.a:62 filtratorsdk.ail$1.run:69 
03-29 12:54:44.425  2256 29140 W ClientMonitor: handlePreviewFrame() called for authenticate!
03-29 12:54:53.107  2256 29140 W ClientMonitor: handlePreviewFrame() called for authenticate!
03-29 12:54:53.545 32708 29239 W ContextImpl: Calling a method in the system process without a qualified user: android.app.ContextImpl.startService:1480 android.content.ContextWrapper.startService:650 filtratorsdk.adj.a:25 filtratorsdk.adq$1$2.run:84 <bottom of call stack> 
03-29 12:54:55.857  1409  1783 I chatty  : uid=1000(system) InputReader expire 18 lines
03-29 12:54:55.872  1409  2497 I chatty  : uid=1000(system) Binder:1409_7 expire 1 line
03-29 12:54:55.904  1409  1523 I chatty  : uid=1000(system) PowerManagerSer expire 12 lines
03-29 12:54:56.336  2256 29272 W ClientMonitor: handlePreviewFrame() called for authenticate!
03-29 12:54:56.508  1409  1500 I chatty  : uid=1000(system) ActivityManager expire 2 lines
03-29 12:54:56.546 32708 29327 W ContextImpl: Calling a method in the system process without a qualified user: android.app.ContextImpl.startService:1480 android.content.ContextWrapper.startService:650 android.content.ContextWrapper.startService:650 filtratorsdk.adj.a:25 com.meizu.networkmanager.boradcast.TrafficGlobalReceiver$2.run:277 
03-29 12:54:57.292 32708 29340 W ContextImpl: Calling a method in the system process without a qualified user: android.app.ContextImpl.startService:1480 android.content.ContextWrapper.startService:650 filtratorsdk.ail.a:118 filtratorsdk.ail.a:62 filtratorsdk.ail$1.run:69 
03-29 12:55:03.362  1409  2242 I chatty  : uid=1000(system) PhotonicModulat expire 10 lines
03-29 12:55:03.982 32708 29410 W ContextImpl: Calling a method in the system process without a qualified user: android.app.ContextImpl.startService:1480 android.content.ContextWrapper.startService:650 filtratorsdk.adj.a:25 filtratorsdk.adq$1$2.run:84 <bottom of call stack> 
03-29 12:55:04.431  1409  8241 I chatty  : uid=1000(system) Binder:1409_1F expire 3 lines
03-29 12:55:16.154  2256 29453 W ClientMonitor: handlePreviewFrame() called for authenticate!
03-29 12:55:17.019  2256 29453 I chatty  : uid=1000(system) com.meizu.facerecognition identical 121 lines
03-29 12:55:17.087  2256 29453 W ClientMonitor: handlePreviewFrame() called for authenticate!
03-29 12:55:17.109 32708 29492 W ContextImpl: Calling a method in the system process without a qualified user: android.app.ContextImpl.startService:1480 android.content.ContextWrapper.startService:650 filtratorsdk.ail.a:118 filtratorsdk.ail.a:62 filtratorsdk.ail$1.run:69 
03-29 12:55:17.153  2256 29453 W ClientMonitor: handlePreviewFrame() called for authenticate!
03-29 12:55:21.585  2256 29453 W ClientMonitor: handlePreviewFrame() called for authenticate!
03-29 12:55:21.765  1409  7828 I chatty  : uid=1000(system) Binder:1409_17 expire 2 lines
03-29 12:55:21.797 32708 29509 W ContextImpl: Calling a method in the system process without a qualified user: android.app.ContextImpl.startService:1480 android.content.ContextWrapper.startService:650 android.content.ContextWrapper.startService:650 filtratorsdk.adj.a:25 com.meizu.networkmanager.boradcast.TrafficGlobalReceiver$2.run:277 
03-29 12:55:22.474  1409  1783 I chatty  : uid=1000(system) InputReader expire 11 lines
03-29 12:55:23.213 32708 29538 W ContextImpl: Calling a method in the system process without a qualified user: android.app.ContextImpl.startService:1480 android.content.ContextWrapper.startService:650 filtratorsdk.adj.a:25 filtratorsdk.adq$1$2.run:84 <bottom of call stack> 
03-29 12:55:54.091   973  1084 E NetlinkEvent: NetlinkEvent::FindParam(): Parameter 'INTERFACE' not found
03-29 12:55:54.092   973  1084 E NetlinkEvent: NetlinkEvent::FindParam(): Parameter 'STATE' not found
03-29 12:55:54.092   973  1084 E NetlinkEvent: NetlinkEvent::FindParam(): Parameter 'TIME_NS' not found
03-29 12:55:54.092   973  1084 E NetlinkEvent: NetlinkEvent::FindParam(): Parameter 'UID' not found
03-29 12:55:59.199  1409  2226 I chatty  : uid=1000(system) FingerprintServ expire 4 lines
03-29 12:55:59.504   992   992 E TLOC    : [TLOCChannel]"Can't receive message due to timeout"
03-29 12:55:59.505   992   992 I TLOC    : [TLOCDaemon ]"timeout passed - start periodic warm-up"
03-29 12:55:59.507   992   992 I TLOC    : [ModemComm  ]"Start a session successfully"
03-29 12:56:00.363  1409  1523 I chatty  : uid=1000(system) PowerManagerSer expire 11 lines
03-29 12:56:00.369  1409  1520 I chatty  : uid=1000(system) android.display expire 6 lines
03-29 12:56:00.725  2271  2271 W FingerprintManager: Invalid acquired message: 6, 11
03-29 12:56:00.888  2256 29622 W ClientMonitor: handlePreviewFrame() called for authenticate!
03-29 12:56:01.058  1409  2299 I chatty  : uid=1000(system) Binder:1409_4 expire 1 line
03-29 12:56:01.092 32708 29675 W ContextImpl: Calling a method in the system process without a qualified user: android.app.ContextImpl.startService:1480 android.content.ContextWrapper.startService:650 android.content.ContextWrapper.startService:650 filtratorsdk.adj.a:25 com.meizu.networkmanager.boradcast.TrafficGlobalReceiver$2.run:277 
03-29 12:56:01.812 32708 29687 W ContextImpl: Calling a method in the system process without a qualified user: android.app.ContextImpl.startService:1480 android.content.ContextWrapper.startService:650 filtratorsdk.ail.a:118 filtratorsdk.ail.a:62 filtratorsdk.ail$1.run:69 
03-29 12:56:02.361  1409  1783 I chatty  : uid=1000(system) InputReader expire 29 lines
03-29 12:56:08.630  1409  2242 I chatty  : uid=1000(system) PhotonicModulat expire 8 lines
03-29 12:56:09.064  1409  1409 I chatty  : uid=1000 system_server expire 3 lines
03-29 12:56:09.250 32708 29777 W ContextImpl: Calling a method in the system process without a qualified user: android.app.ContextImpl.startService:1480 android.content.ContextWrapper.startService:650 filtratorsdk.adj.a:25 filtratorsdk.adq$1$2.run:84 <bottom of call stack> 
03-29 12:56:41.112   992   992 E TLOC    : [TLOCChannel]"Can't receive message due to timeout"
03-29 12:56:41.113   992   992 I TLOC    : [TLOCDaemon ]"timeout passed with no location fix - close the session"
03-29 12:56:41.113   992   992 I TLOC    : [ModemComm  ]"Stopped the session successfully"
03-29 12:56:41.113   992  1283 I TLOC    : [Modem      ]"Received event indication of position report with status USER_END"
03-29 12:56:41.300  2256 29810 W ClientMonitor: handlePreviewFrame() called for authenticate!
03-29 12:56:41.490 32708 29867 W ContextImpl: Calling a method in the system process without a qualified user: android.app.ContextImpl.startService:1480 android.content.ContextWrapper.startService:650 android.content.ContextWrapper.startService:650 filtratorsdk.adj.a:25 com.meizu.networkmanager.boradcast.TrafficGlobalReceiver$2.run:277 
03-29 12:56:41.980  1409  1783 I chatty  : uid=1000(system) InputReader expire 5 lines
03-29 12:56:42.284 32708 29881 W ContextImpl: Calling a method in the system process without a qualified user: android.app.ContextImpl.startService:1480 android.content.ContextWrapper.startService:650 filtratorsdk.ail.a:118 filtratorsdk.ail.a:62 filtratorsdk.ail$1.run:69 
03-29 12:56:42.298  1409  1523 I chatty  : uid=1000(system) PowerManagerSer expire 10 lines
03-29 12:56:42.529 32708 29893 W ContextImpl: Calling a method in the system process without a qualified user: android.app.ContextImpl.startService:1480 android.content.ContextWrapper.startService:650 filtratorsdk.adj.a:25 filtratorsdk.adq$1$2.run:84 <bottom of call stack> 
03-29 12:56:47.118   973  1084 E NetlinkEvent: NetlinkEvent::FindParam(): Parameter 'INTERFACE' not found
03-29 12:56:47.118   973  1084 E NetlinkEvent: NetlinkEvent::FindParam(): Parameter 'STATE' not found
03-29 12:56:47.118   973  1084 E NetlinkEvent: NetlinkEvent::FindParam(): Parameter 'TIME_NS' not found
03-29 12:56:47.118   973  1084 E NetlinkEvent: NetlinkEvent::FindParam(): Parameter 'UID' not found
03-29 12:56:54.373  1409  8240 I chatty  : uid=1000(system) Binder:1409_1E expire 2 lines
03-29 12:57:13.722  1409  1409 I chatty  : uid=1000 system_server expire 10 lines
03-29 12:57:13.770  1409  1501 I chatty  : uid=1000(system) android.ui expire 5 lines
03-29 12:57:13.771  1409  2225 I chatty  : uid=1000(system) HBMController expire 9 lines
03-29 12:57:13.772  1409  2242 I chatty  : uid=1000(system) PhotonicModulat expire 12 lines
03-29 12:57:13.772  1409  1520 I chatty  : uid=1000(system) android.display expire 10 lines
03-29 12:57:14.214  2256 29955 W ClientMonitor: handlePreviewFrame() called for authenticate!
03-29 12:57:15.048  2256 29955 I chatty  : uid=1000(system) com.meizu.facerecognition identical 34 lines
03-29 12:57:15.080  2256 29955 W ClientMonitor: handlePreviewFrame() called for authenticate!
03-29 12:57:15.113 32708 29998 W ContextImpl: Calling a method in the system process without a qualified user: android.app.ContextImpl.startService:1480 android.content.ContextWrapper.startService:650 filtratorsdk.ail.a:118 filtratorsdk.ail.a:62 filtratorsdk.ail$1.run:69 
03-29 12:57:15.115  2256 29955 W ClientMonitor: handlePreviewFrame() called for authenticate!
03-29 12:57:15.614  2256 29955 W ClientMonitor: handlePreviewFrame() called for authenticate!
03-29 12:57:15.670  2256  2335 W ClientMonitor: Forcing lockout, mode(1)
03-29 12:57:15.893  1409  1783 I chatty  : uid=1000(system) InputReader expire 10 lines
03-29 12:57:15.914   973  1084 E NetlinkEvent: NetlinkEvent::FindParam(): Parameter 'INTERFACE' not found
03-29 12:57:15.914   973  1084 E NetlinkEvent: NetlinkEvent::FindParam(): Parameter 'STATE' not found
03-29 12:57:15.914   973  1084 E NetlinkEvent: NetlinkEvent::FindParam(): Parameter 'TIME_NS' not found
03-29 12:57:15.915   973  1084 E NetlinkEvent: NetlinkEvent::FindParam(): Parameter 'UID' not found
03-29 12:57:15.972  1409  8238 I chatty  : uid=1000(system) Binder:1409_1C expire 4 lines
03-29 12:57:16.409 32708 30031 W ContextImpl: Calling a method in the system process without a qualified user: android.app.ContextImpl.startService:1480 android.content.ContextWrapper.startService:650 filtratorsdk.adj.a:25 filtratorsdk.adq$1$2.run:84 <bottom of call stack> 
03-29 12:57:17.513  2256 30063 W ClientMonitor: handlePreviewFrame() called for authenticate!
03-29 12:57:18.413  2256 30063 I chatty  : uid=1000(system) com.meizu.facerecognition identical 113 lines
03-29 12:57:18.447  2256 30063 W ClientMonitor: handlePreviewFrame() called for authenticate!
03-29 12:57:18.467 32708 30102 W ContextImpl: Calling a method in the system process without a qualified user: android.app.ContextImpl.startService:1480 android.content.ContextWrapper.startService:650 filtratorsdk.ail.a:118 filtratorsdk.ail.a:62 filtratorsdk.ail$1.run:69 
03-29 12:57:18.483  2256 30063 W ClientMonitor: handlePreviewFrame() called for authenticate!
03-29 12:57:22.511  2256 30063 W ClientMonitor: handlePreviewFrame() called for authenticate!
03-29 12:57:22.727  1409  7835 I chatty  : uid=1000(system) Binder:1409_1A expire 1 line
03-29 12:57:22.765 32708 30120 W ContextImpl: Calling a method in the system process without a qualified user: android.app.ContextImpl.startService:1480 android.content.ContextWrapper.startService:650 android.content.ContextWrapper.startService:650 filtratorsdk.adj.a:25 com.meizu.networkmanager.boradcast.TrafficGlobalReceiver$2.run:277 
03-29 12:57:22.910  1409  1523 I chatty  : uid=1000(system) PowerManagerSer expire 12 lines
03-29 12:57:23.216 32708 30143 W ContextImpl: Calling a method in the system process without a qualified user: android.app.ContextImpl.startService:1480 android.content.ContextWrapper.startService:650 filtratorsdk.adj.a:25 filtratorsdk.adq$1$2.run:84 <bottom of call stack> 
03-29 12:57:26.252  2256 30181 W ClientMonitor: handlePreviewFrame() called for authenticate!
03-29 12:57:27.120  2256 30181 I chatty  : uid=1000(system) com.meizu.facerecognition identical 277 lines
03-29 12:57:27.155  2256 30181 W ClientMonitor: handlePreviewFrame() called for authenticate!
03-29 12:57:27.168 32708 30241 W ContextImpl: Calling a method in the system process without a qualified user: android.app.ContextImpl.startService:1480 android.content.ContextWrapper.startService:650 filtratorsdk.ail.a:118 filtratorsdk.ail.a:62 filtratorsdk.ail$1.run:69 
03-29 12:57:27.224  2256 30181 W ClientMonitor: handlePreviewFrame() called for authenticate!
03-29 12:57:31.917  2256 30181 W ClientMonitor: handlePreviewFrame() called for authenticate!
03-29 12:57:31.949  1409  1783 I chatty  : uid=1000(system) InputReader expire 10 lines
03-29 12:57:31.951  2256 30181 W ClientMonitor: handlePreviewFrame() called for authenticate!
03-29 12:57:34.147  2256 30181 W ClientMonitor: handlePreviewFrame() called for authenticate!
03-29 12:57:34.177  2256 30181 W ClientMonitor: handlePreviewFrame() called for authenticate!
03-29 12:57:35.544  2256 30181 W ClientMonitor: handlePreviewFrame() called for authenticate!
03-29 12:57:35.644  2256 30181 W ClientMonitor: handlePreviewFrame() called for authenticate!
03-29 12:57:37.410  2256 30181 W ClientMonitor: handlePreviewFrame() called for authenticate!
03-29 12:57:37.419  1409  7554 I chatty  : uid=1000(system) Binder:1409_16 expire 7 lines
03-29 12:57:37.446  2256 30181 W ClientMonitor: handlePreviewFrame() called for authenticate!
03-29 12:57:38.276  2256 30181 I chatty  : uid=1000(system) com.meizu.facerecognition identical 681 lines
03-29 12:57:38.310  2256 30181 W ClientMonitor: handlePreviewFrame() called for authenticate!
03-29 12:57:38.350  2256 30181 W ClientMonitor: handlePreviewFrame() called for authenticate!
03-29 12:57:42.898  2256 30181 W ClientMonitor: handlePreviewFrame() called for authenticate!
03-29 12:57:42.981  2256  2335 W ClientMonitor: Forcing lockout, mode(1)
03-29 12:57:43.435  2256 30181 W ClientMonitor: handlePreviewFrame() called for authenticate!
03-29 12:58:07.406  2256 30181 W ClientMonitor: handlePreviewFrame() called for authenticate!
03-29 12:58:07.426  1409  2299 I chatty  : uid=1000(system) Binder:1409_4 expire 2 lines
03-29 12:58:07.438  2256 30181 W ClientMonitor: handlePreviewFrame() called for authenticate!
03-29 12:58:07.471  2256 30181 W ClientMonitor: handlePreviewFrame() called for authenticate!
03-29 12:58:28.769  2256 30181 I chatty  : uid=1000(system) com.meizu.facerecognition identical 449 lines
03-29 12:58:28.835  2256 30181 W ClientMonitor: handlePreviewFrame() called for authenticate!
03-29 12:58:29.066  1409 14847 I chatty  : uid=1000(system) Binder:1409_20 expire 1 line
03-29 12:58:29.107 32708 30421 W ContextImpl: Calling a method in the system process without a qualified user: android.app.ContextImpl.startService:1480 android.content.ContextWrapper.startService:650 android.content.ContextWrapper.startService:650 filtratorsdk.adj.a:25 com.meizu.networkmanager.boradcast.TrafficGlobalReceiver$2.run:277 
03-29 12:58:30.279  1409  2242 I chatty  : uid=1000(system) PhotonicModulat expire 10 lines
03-29 12:58:30.743 32708 30450 W ContextImpl: Calling a method in the system process without a qualified user: android.app.ContextImpl.startService:1480 android.content.ContextWrapper.startService:650 filtratorsdk.adj.a:25 filtratorsdk.adq$1$2.run:84 <bottom of call stack> 
03-29 12:58:33.445  2256 30489 W ClientMonitor: handlePreviewFrame() called for authenticate!
03-29 12:58:33.512  2256 30489 W ClientMonitor: handlePreviewFrame() called for authenticate!
03-29 12:58:33.663  1409  7834 I chatty  : uid=1000(system) Binder:1409_19 expire 1 line
03-29 12:58:33.696 32708 30574 W ContextImpl: Calling a method in the system process without a qualified user: android.app.ContextImpl.startService:1480 android.content.ContextWrapper.startService:650 android.content.ContextWrapper.startService:650 filtratorsdk.adj.a:25 com.meizu.networkmanager.boradcast.TrafficGlobalReceiver$2.run:277 
03-29 12:58:34.316  1409  1783 I chatty  : uid=1000(system) InputReader expire 37 lines
03-29 12:58:34.386 32708 30594 W ContextImpl: Calling a method in the system process without a qualified user: android.app.ContextImpl.startService:1480 android.content.ContextWrapper.startService:650 filtratorsdk.ail.a:118 filtratorsdk.ail.a:62 filtratorsdk.ail$1.run:69 
03-29 12:58:35.267  1409  3302 I chatty  : uid=1000(system) Binder:1409_E expire 8 lines
03-29 12:58:35.293  1409  1769 I chatty  : uid=1000(system) android.anim expire 10 lines
03-29 12:58:35.307  1409  7828 I chatty  : uid=1000(system) Binder:1409_17 expire 13 lines
03-29 12:58:35.649   973  1084 E NetlinkEvent: NetlinkEvent::FindParam(): Parameter 'INTERFACE' not found
03-29 12:58:35.649   973  1084 E NetlinkEvent: NetlinkEvent::FindParam(): Parameter 'STATE' not found
03-29 12:58:35.649   973  1084 E NetlinkEvent: NetlinkEvent::FindParam(): Parameter 'TIME_NS' not found
03-29 12:58:35.649   973  1084 E NetlinkEvent: NetlinkEvent::FindParam(): Parameter 'UID' not found
03-29 12:58:35.771 24155 30719 W ContextImpl: Calling a method in the system process without a qualified user: android.app.ContextImpl.bindService:1560 android.content.ContextWrapper.bindService:684 com.loc.ce.h:22 com.loc.ce.c:0 com.loc.ce$b.onLooperPrepared:9 
03-29 12:58:35.912 24155 30722 W ContextImpl: Calling a method in the system process without a qualified user: android.app.ContextImpl.bindService:1560 android.content.ContextWrapper.bindService:684 android.content.ContextWrapper.bindService:684 android.content.ContextWrapper.bindService:684 com.meizu.flyme.appcenter.appcentersdk.a.a:100 
03-29 12:58:35.991  1409  2240 I chatty  : uid=1000(system) TaskSnapshotPer expire 2 lines
03-29 12:58:36.125  1409  8241 I chatty  : uid=1000(system) Binder:1409_1F expire 16 lines
03-29 12:58:36.697 24155 30725 W ContextImpl: Calling a method in the system process without a qualified user: android.app.ContextImpl.bindService:1560 android.content.ContextWrapper.bindService:684 com.loc.ay.c:44 com.loc.ax.g:6 com.loc.ch.a:28 
03-29 12:58:36.706 24155 30725 W ContextImpl: Calling a method in the system process without a qualified user: android.app.ContextImpl.bindService:1560 android.content.ContextWrapper.bindService:684 com.loc.ay.f:37 com.loc.ay.c:113 com.loc.ax.g:6 
03-29 12:58:39.419  1409  2243 I chatty  : uid=1000(system) LazyTaskWriterT expire 2 lines
03-29 12:58:41.275 24155 30948 W ContextImpl: Calling a method in the system process without a qualified user: android.app.ContextImpl.bindService:1560 android.content.ContextWrapper.bindService:684 android.content.ContextWrapper.bindService:684 org.chromium.base.process_launcher.ChildProcessConnection$ChildServiceConnectionImpl.bind:114 org.chromium.base.process_launcher.ChildConnectionAllocator.allocate:1495 
03-29 12:58:41.302 24155 30948 W ContextImpl: Calling a method in the system process without a qualified user: android.app.ContextImpl.bindService:1560 android.content.ContextWrapper.bindService:684 android.content.ContextWrapper.bindService:684 org.chromium.base.process_launcher.ChildProcessConnection$ChildServiceConnectionImpl.bind:114 org.chromium.base.process_launcher.ChildConnectionAllocator.allocate:1499 
03-29 12:58:47.713  1409  1500 I chatty  : uid=1000(system) ActivityManager expire 4 lines
03-29 12:58:50.711  1409  1523 I chatty  : uid=1000(system) PowerManagerSer expire 9 lines
03-29 12:58:50.769  1409  1520 I chatty  : uid=1000(system) android.display expire 4 lines
03-29 12:58:51.148 32708 31077 W ContextImpl: Calling a method in the system process without a qualified user: android.app.ContextImpl.startService:1480 android.content.ContextWrapper.startService:650 filtratorsdk.adj.a:25 filtratorsdk.adq$1$2.run:84 <bottom of call stack> 
03-29 12:58:58.722  1409  1409 I chatty  : uid=1000 system_server expire 2 lines
03-29 12:58:59.187  2256 31127 W ClientMonitor: handlePreviewFrame() called for authenticate!
03-29 12:59:00.058  2256 31127 I chatty  : uid=1000(system) com.meizu.facerecognition identical 110 lines
03-29 12:59:00.112  2256 31127 W ClientMonitor: handlePreviewFrame() called for authenticate!
03-29 12:59:00.196 32708 31171 W ContextImpl: Calling a method in the system process without a qualified user: android.app.ContextImpl.startService:1480 android.content.ContextWrapper.startService:650 filtratorsdk.ail.a:118 filtratorsdk.ail.a:62 filtratorsdk.ail$1.run:69 
03-29 12:59:00.211  2256 31127 W ClientMonitor: handlePreviewFrame() called for authenticate!
03-29 12:59:02.478  2256 31127 W ClientMonitor: handlePreviewFrame() called for authenticate!
03-29 12:59:02.483  1409  2562 I chatty  : uid=1000(system) Binder:1409_B expire 4 lines
03-29 12:59:02.540  2256 31127 W ClientMonitor: handlePreviewFrame() called for authenticate!
03-29 12:59:03.460  2256 31127 W ClientMonitor: handlePreviewFrame() called for authenticate!
03-29 12:59:03.560  2256 31127 W ClientMonitor: handlePreviewFrame() called for authenticate!
03-29 12:59:04.379  2256 31127 W ClientMonitor: handlePreviewFrame() called for authenticate!
03-29 12:59:04.380 31177 31177 E ActivityThread: Failed to find provider info for com.tencent.mm.coolassist.debugprovider
03-29 12:59:04.410  2256 31127 W ClientMonitor: handlePreviewFrame() called for authenticate!
03-29 12:59:05.712  2256 31127 W ClientMonitor: handlePreviewFrame() called for authenticate!
03-29 12:59:05.939 32708 31250 W ContextImpl: Calling a method in the system process without a qualified user: android.app.ContextImpl.startService:1480 android.content.ContextWrapper.startService:650 android.content.ContextWrapper.startService:650 filtratorsdk.adj.a:25 com.meizu.networkmanager.boradcast.TrafficGlobalReceiver$2.run:277 
03-29 12:59:06.785  1409  1783 I chatty  : uid=1000(system) InputReader expire 5 lines
03-29 12:59:07.107  1409  2242 I chatty  : uid=1000(system) PhotonicModulat expire 10 lines
03-29 12:59:07.238  1409  1523 I chatty  : uid=1000(system) PowerManagerSer expire 10 lines
03-29 12:59:07.429  1409  1409 I chatty  : uid=1000 system_server expire 10 lines
03-29 12:59:07.435  1409  1520 I chatty  : uid=1000(system) android.display expire 8 lines
03-29 12:59:07.655 32708 31282 W ContextImpl: Calling a method in the system process without a qualified user: android.app.ContextImpl.startService:1480 android.content.ContextWrapper.startService:650 filtratorsdk.adj.a:25 filtratorsdk.adq$1$2.run:84 <bottom of call stack> 
03-29 12:59:09.571  1409  8238 I chatty  : uid=1000(system) Binder:1409_1C expire 5 lines
03-29 12:59:37.098   973  1084 E NetlinkEvent: NetlinkEvent::FindParam(): Parameter 'INTERFACE' not found
03-29 12:59:37.099   973  1084 E NetlinkEvent: NetlinkEvent::FindParam(): Parameter 'STATE' not found
03-29 12:59:37.099   973  1084 E NetlinkEvent: NetlinkEvent::FindParam(): Parameter 'TIME_NS' not found
03-29 12:59:37.099   973  1084 E NetlinkEvent: NetlinkEvent::FindParam(): Parameter 'UID' not found
03-29 12:59:49.453   973  1084 E NetlinkEvent: NetlinkEvent::FindParam(): Parameter 'INTERFACE' not found
03-29 12:59:49.453   973  1084 E NetlinkEvent: NetlinkEvent::FindParam(): Parameter 'STATE' not found
03-29 12:59:49.453   973  1084 E NetlinkEvent: NetlinkEvent::FindParam(): Parameter 'TIME_NS' not found
03-29 12:59:49.453   973  1084 E NetlinkEvent: NetlinkEvent::FindParam(): Parameter 'UID' not found
03-29 12:59:57.230  1409  3383 I chatty  : uid=1000(system) Binder:1409_13 expire 1 line
03-29 13:00:07.030   973  1084 E NetlinkEvent: NetlinkEvent::FindParam(): Parameter 'INTERFACE' not found
03-29 13:00:07.030   973  1084 E NetlinkEvent: NetlinkEvent::FindParam(): Parameter 'STATE' not found
03-29 13:00:07.030   973  1084 E NetlinkEvent: NetlinkEvent::FindParam(): Parameter 'TIME_NS' not found
03-29 13:00:07.030   973  1084 E NetlinkEvent: NetlinkEvent::FindParam(): Parameter 'UID' not found
03-29 13:00:25.102   973  1084 E NetlinkEvent: NetlinkEvent::FindParam(): Parameter 'INTERFACE' not found
03-29 13:00:25.102   973  1084 E NetlinkEvent: NetlinkEvent::FindParam(): Parameter 'STATE' not found
03-29 13:00:25.102   973  1084 E NetlinkEvent: NetlinkEvent::FindParam(): Parameter 'TIME_NS' not found
03-29 13:00:25.102   973  1084 E NetlinkEvent: NetlinkEvent::FindParam(): Parameter 'UID' not found
03-29 13:00:25.247   973  1084 E NetlinkEvent: NetlinkEvent::FindParam(): Parameter 'INTERFACE' not found
03-29 13:00:25.247   973  1084 E NetlinkEvent: NetlinkEvent::FindParam(): Parameter 'STATE' not found
03-29 13:00:25.247   973  1084 E NetlinkEvent: NetlinkEvent::FindParam(): Parameter 'TIME_NS' not found
03-29 13:00:25.247   973  1084 E NetlinkEvent: NetlinkEvent::FindParam(): Parameter 'UID' not found
03-29 13:00:34.352  1409  1501 I chatty  : uid=1000(system) android.ui expire 3 lines
03-29 13:00:34.353  1409  2225 I chatty  : uid=1000(system) HBMController expire 5 lines
03-29 13:00:34.752  2256 31383 W ClientMonitor: handlePreviewFrame() called for authenticate!
03-29 13:00:35.587  2256 31383 I chatty  : uid=1000(system) com.meizu.facerecognition identical 25 lines
03-29 13:00:35.618  2256 31383 W ClientMonitor: handlePreviewFrame() called for authenticate!
03-29 13:00:35.689 32708 31435 W ContextImpl: Calling a method in the system process without a qualified user: android.app.ContextImpl.startService:1480 android.content.ContextWrapper.startService:650 filtratorsdk.ail.a:118 filtratorsdk.ail.a:62 filtratorsdk.ail$1.run:69 
03-29 13:00:35.719  2256 31383 W ClientMonitor: handlePreviewFrame() called for authenticate!
03-29 13:00:35.852  2256 31383 W ClientMonitor: handlePreviewFrame() called for authenticate!
03-29 13:00:36.064  1409  3305 I chatty  : uid=1000(system) Binder:1409_F expire 2 lines
03-29 13:00:36.096 32708 31453 W ContextImpl: Calling a method in the system process without a qualified user: android.app.ContextImpl.startService:1480 android.content.ContextWrapper.startService:650 android.content.ContextWrapper.startService:650 filtratorsdk.adj.a:25 com.meizu.networkmanager.boradcast.TrafficGlobalReceiver$2.run:277 
03-29 13:00:36.512  1409  1783 I chatty  : uid=1000(system) InputReader expire 16 lines
03-29 13:00:37.095  1409  2342 I chatty  : uid=1000(system) Binder:1409_5 expire 7 lines
03-29 13:00:37.622 32708 31479 W ContextImpl: Calling a method in the system process without a qualified user: android.app.ContextImpl.startService:1480 android.content.ContextWrapper.startService:650 filtratorsdk.adj.a:25 filtratorsdk.adq$1$2.run:84 <bottom of call stack> 
03-29 13:01:22.804  1409  1500 I chatty  : uid=1000(system) ActivityManager expire 5 lines
03-29 13:01:23.017   973  1084 E NetlinkEvent: NetlinkEvent::FindParam(): Parameter 'INTERFACE' not found
03-29 13:01:23.017   973  1084 E NetlinkEvent: NetlinkEvent::FindParam(): Parameter 'STATE' not found
03-29 13:01:23.017   973  1084 E NetlinkEvent: NetlinkEvent::FindParam(): Parameter 'TIME_NS' not found
03-29 13:01:23.017   973  1084 E NetlinkEvent: NetlinkEvent::FindParam(): Parameter 'UID' not found
03-29 13:01:52.457  1409  2206 I chatty  : uid=1000(system) Binder:1409_3 expire 13 lines
03-29 13:01:52.466  1409  3379 I chatty  : uid=1000(system) Binder:1409_12 expire 1 line
03-29 13:02:03.159   973  1084 E NetlinkEvent: NetlinkEvent::FindParam(): Parameter 'INTERFACE' not found
03-29 13:02:03.159   973  1084 E NetlinkEvent: NetlinkEvent::FindParam(): Parameter 'STATE' not found
03-29 13:02:03.159   973  1084 E NetlinkEvent: NetlinkEvent::FindParam(): Parameter 'TIME_NS' not found
