03-29 13:24:17.366  3351  3351 W ViewRootImpl[Launcher]: Dropping event due to no window focus: MotionEvent { action=ACTION_MOVE, actionButton=0, id[0]=0, x[0]=768.1603, y[0]=1793.5271, toolType[0]=TOOL_TYPE_FINGER, id[1]=1, x[1]=696.0343, y[1]=1606.8063, toolType[1]=TOOL_TYPE_FINGER, id[2]=2, x[2]=742.3127, y[2]=1251.4207, toolType[2]=TOOL_TYPE_FINGER, id[3]=3, x[3]=882.0548, y[3]=834.9347, toolType[3]=TOOL_TYPE_FINGER, buttonState=0, metaState=0, flags=0x3, edgeFlags=0x0, pointerCount=4, historySize=2, eventTime=492106896, downTime=492106689, deviceId=8, source=0x1002 }
03-29 13:24:17.377  3351  3351 W ViewRootImpl[Launcher]: Dropping event due to no window focus: MotionEvent { action=ACTION_MOVE, actionButton=0, id[0]=0, x[0]=765.2914, y[0]=1787.1726, toolType[0]=TOOL_TYPE_FINGER, id[1]=1, x[1]=690.3608, y[1]=1597.2605, toolType[1]=TOOL_TYPE_FINGER, id[2]=2, x[2]=742.3127, y[2]=1251.4207, toolType[2]=TOOL_TYPE_FINGER, id[3]=3, x[3]=878.1869, y[3]=838.61176, toolType[3]=TOOL_TYPE_FINGER, buttonState=0, metaState=0, flags=0x3, edgeFlags=0x0, pointerCount=4, historySize=0, eventTime=492106906, downTime=492106689, deviceId=8, source=0x1002 }
03-29 13:24:17.377  3351  3351 W ViewRootImpl[Launcher]: Dropping event due to no window focus: MotionEvent { action=ACTION_POINTER_UP(0), actionButton=0, id[0]=0, x[0]=765.2914, y[0]=1787.1726, toolType[0]=TOOL_TYPE_FINGER, id[1]=1, x[1]=690.3608, y[1]=1597.2605, toolType[1]=TOOL_TYPE_FINGER, id[2]=2, x[2]=742.3127, y[2]=1251.4207, toolType[2]=TOOL_TYPE_FINGER, id[3]=3, x[3]=878.1869, y[3]=838.61176, toolType[3]=TOOL_TYPE_FINGER, buttonState=0, metaState=0, flags=0x3, edgeFlags=0x0, pointerCount=4, historySize=0, eventTime=492106912, downTime=492106689, deviceId=8, source=0x1002 }
03-29 13:24:17.377  3351  3351 W ViewRootImpl[Launcher]: Dropping event due to no window focus: MotionEvent { action=ACTION_POINTER_UP(0), actionButton=0, id[0]=1, x[0]=690.3608, y[0]=1597.2605, toolType[0]=TOOL_TYPE_FINGER, id[1]=2, x[1]=742.3127, y[1]=1251.4207, toolType[1]=TOOL_TYPE_FINGER, id[2]=3, x[2]=878.1869, y[2]=838.61176, toolType[2]=TOOL_TYPE_FINGER, buttonState=0, metaState=0, flags=0x3, edgeFlags=0x0, pointerCount=3, historySize=0, eventTime=492106912, downTime=492106689, deviceId=8, source=0x1002 }
03-29 13:24:17.377  3351  3351 W ViewRootImpl[Launcher]: Dropping event due to no window focus: MotionEvent { action=ACTION_POINTER_UP(0), actionButton=0, id[0]=2, x[0]=742.3127, y[0]=1251.4207, toolType[0]=TOOL_TYPE_FINGER, id[1]=3, x[1]=878.1869, y[1]=838.61176, toolType[1]=TOOL_TYPE_FINGER, buttonState=0, metaState=0, flags=0x3, edgeFlags=0x0, pointerCount=2, historySize=0, eventTime=492106912, downTime=492106689, deviceId=8, source=0x1002 }
03-29 13:24:17.377  3351  3351 W ViewRootImpl[Launcher]: Cancelling event due to no window focus: MotionEvent { action=ACTION_CANCEL, actionButton=0, id[0]=3, x[0]=878.1869, y[0]=838.61176, toolType[0]=TOOL_TYPE_FINGER, buttonState=0, metaState=0, flags=0x3, edgeFlags=0x0, pointerCount=1, historySize=0, eventTime=492106912, downTime=492106689, deviceId=8, source=0x1002 }
03-29 13:24:17.377  3351  3351 W ViewRootImpl[Launcher]: Cancelling event due to no window focus: MotionEvent { action=ACTION_CANCEL, actionButton=0, id[0]=3, x[0]=878.1869, y[0]=838.61176, toolType[0]=TOOL_TYPE_FINGER, buttonState=0, metaState=0, flags=0x3, edgeFlags=0x0, pointerCount=1, historySize=0, eventTime=492106912, downTime=492106689, deviceId=8, source=0x1002 }
03-29 13:24:17.592  1409  1520 I chatty  : uid=1000(system) android.display expire 2 lines
03-29 13:24:17.615  3104  3104 I DDI     : writeDisplayFile /sys/class/meizu/lcm/display/doze_mode mode 0
03-29 13:24:17.816 32708  6815 W ContextImpl: Calling a method in the system process without a qualified user: android.app.ContextImpl.startService:1480 android.content.ContextWrapper.startService:650 filtratorsdk.adj.a:25 filtratorsdk.adq$1$2.run:84 <bottom of call stack> 
03-29 13:24:28.006  1409  3348 I chatty  : uid=1000(system) Binder:1409_11 expire 3 lines
03-29 13:24:54.433   973  1084 E NetlinkEvent: NetlinkEvent::FindParam(): Parameter 'INTERFACE' not found
03-29 13:24:54.433   973  1084 E NetlinkEvent: NetlinkEvent::FindParam(): Parameter 'STATE' not found
03-29 13:24:54.433   973  1084 E NetlinkEvent: NetlinkEvent::FindParam(): Parameter 'TIME_NS' not found
03-29 13:24:54.433   973  1084 E NetlinkEvent: NetlinkEvent::FindParam(): Parameter 'UID' not found
03-29 13:25:03.844  2256  6886 W ClientMonitor: handlePreviewFrame() called for authenticate!
03-29 13:25:04.042 32708  6939 W ContextImpl: Calling a method in the system process without a qualified user: android.app.ContextImpl.startService:1480 android.content.ContextWrapper.startService:650 android.content.ContextWrapper.startService:650 filtratorsdk.adj.a:25 com.meizu.networkmanager.boradcast.TrafficGlobalReceiver$2.run:277 
03-29 13:25:04.599  1409  1783 I chatty  : uid=1000(system) InputReader expire 29 lines
03-29 13:25:04.750 32708  6957 W ContextImpl: Calling a method in the system process without a qualified user: android.app.ContextImpl.startService:1480 android.content.ContextWrapper.startService:650 filtratorsdk.ail.a:118 filtratorsdk.ail.a:62 filtratorsdk.ail$1.run:69 
03-29 13:25:04.961  4061  4085 W ContextImpl: Calling a method in the system process without a qualified user: android.app.ContextImpl.stopService:1492 android.content.ContextWrapper.stopService:660 com.meizu.assistant.ui.card.TodoCardProvider.k:119 com.meizu.assistant.ui.card.TodoCardProvider.c:111 com.meizu.assistant.ui.cardmanager.b.d:220 
03-29 13:25:04.965  4061  4085 W ContextImpl: Calling a method in the system process without a qualified user: android.app.ContextImpl.stopService:1492 android.content.ContextWrapper.stopService:660 com.meizu.assistant.ui.card.TodoCardProvider.u:126 com.meizu.assistant.ui.card.TodoCardProvider.c:112 com.meizu.assistant.ui.cardmanager.b.d:220 
03-29 13:25:04.966  4061  4085 W ContextImpl: Calling a method in the system process without a qualified user: android.app.ContextImpl.stopService:1492 android.content.ContextWrapper.stopService:660 com.meizu.assistant.ui.util.e.a:170 com.meizu.assistant.ui.cardmanager.b.d:222 com.meizu.assistant.ui.cardmanager.CardServiceImpl$11.run:145 
03-29 13:25:06.120   697   697 I android.hardware.wifi@1.0-service: Wifi HAL started
03-29 13:25:06.616   975   975 I wificond: create scanner for interface with index: 98
03-29 13:25:06.616   975   975 I wificond: subscribe scan result for interface with index: 98
03-29 13:25:06.627   975   975 E wificond: No Offload Service available
03-29 13:25:06.627   975   975 I wificond: Offload HAL not supported 
03-29 13:25:06.907  1409  1500 I chatty  : uid=1000(system) ActivityManager expire 12 lines
03-29 13:25:06.910  1409  1509 I chatty  : uid=1000(system) batterystats-wo expire 18 lines
03-29 13:25:07.001 24828 24828 W ContextImpl: Calling a method in the system process without a qualified user: android.app.ContextImpl.startService:1480 android.content.ContextWrapper.startService:650 android.content.ContextWrapper.startService:650 com.meizu.wifiadmin.receiver.StateObserver.a:49 com.meizu.wifiadmin.receiver.StateObserver.onReceive:38 
03-29 13:25:07.101  1409  1501 I chatty  : uid=1000(system) android.ui expire 3 lines
03-29 13:25:07.199  1409  2342 I chatty  : uid=1000(system) Binder:1409_5 expire 3 lines
03-29 13:25:07.398  1409  3384 I chatty  : uid=1000(system) Binder:1409_14 expire 19 lines
03-29 13:25:07.647  7161  7180 E ActivityThread: Failed to find provider info for sogou_sdk_downloads_appmarket
03-29 13:25:07.648  7161  7180 E ActivityThread: Failed to find provider info for sogou_sdk_downloads_appmarket
03-29 13:25:08.181   975   975 I wificond: Enters wifigbk_ageOutHistory
03-29 13:25:08.186   975   975 I wificond: Enters wifigbk_ageOutHistory
03-29 13:25:08.214   975   975 W wificond: Scan is not started. Ignore abort request
03-29 13:25:08.215  3763  3763 W ContextImpl: Calling a method in the system process without a qualified user: android.app.ContextImpl.startService:1480 android.content.ContextWrapper.startService:650 android.content.ContextWrapper.startService:650 com.meizu.dataservice.ExperienceReceiver.a:64 com.meizu.dataservice.ExperienceReceiver.onReceive:46 
03-29 13:25:08.271   975   975 I wificond: Enters wifigbk_ageOutHistory
03-29 13:25:08.450  1409  2194 I chatty  : uid=1000(system) ConnectivitySer expire 2 lines
03-29 13:25:08.494   973  1084 E NetlinkEvent: NetlinkEvent::FindParam(): Parameter 'INTERFACE' not found
03-29 13:25:08.494   973  1084 E NetlinkEvent: NetlinkEvent::FindParam(): Parameter 'STATE' not found
03-29 13:25:08.494   973  1084 E NetlinkEvent: NetlinkEvent::FindParam(): Parameter 'TIME_NS' not found
03-29 13:25:08.494   973  1084 E NetlinkEvent: NetlinkEvent::FindParam(): Parameter 'UID' not found
03-29 13:25:08.782  1409  2177 I chatty  : uid=1000(system) rtnds-e expire 2 lines
03-29 13:25:08.784 32708  7244 W ContextImpl: Calling a method in the system process without a qualified user: android.app.ContextImpl.bindService:1560 android.content.ContextWrapper.bindService:684 filtratorsdk.aqg.c:108 filtratorsdk.aqg.a:75 com.meizu.safe.viruscanner.utils.VirusLibUpdater$4.run:289 
03-29 13:25:08.925  1409  7835 I chatty  : uid=1000(system) Binder:1409_1A expire 3 lines
03-29 13:25:12.338   975   975 I wificond: Enters wifigbk_ageOutHistory
03-29 13:25:12.339   975   975 I wificond: Enters wifigbk_ageOutHistory
03-29 13:25:12.354  3763  3763 W ContextImpl: Calling a method in the system process without a qualified user: android.app.ContextImpl.startService:1480 android.content.ContextWrapper.startService:650 android.content.ContextWrapper.startService:650 com.meizu.dataservice.ExperienceReceiver.a:64 com.meizu.dataservice.ExperienceReceiver.onReceive:46 
03-29 13:25:15.746  1409  1523 I chatty  : uid=1000(system) PowerManagerSer expire 10 lines
03-29 13:25:15.746  1409  2242 I chatty  : uid=1000(system) PhotonicModulat expire 10 lines
03-29 13:25:15.759  1409  1520 I chatty  : uid=1000(system) android.display expire 7 lines
03-29 13:25:15.810  3351  3351 W ViewRootImpl[Launcher]: Dropping event due to no window focus: MotionEvent { action=ACTION_MOVE, actionButton=0, id[0]=0, x[0]=821.2396, y[0]=1383.3595, toolType[0]=TOOL_TYPE_FINGER, id[1]=1, x[1]=765.2914, y[1]=1094.4933, toolType[1]=TOOL_TYPE_FINGER, id[2]=2, x[2]=836.2257, y[2]=739.65753, toolType[2]=TOOL_TYPE_FINGER, id[3]=3, x[3]=945.1249, y[3]=1585.266, toolType[3]=TOOL_TYPE_FINGER, id[4]=4, x[4]=849.2137, y[4]=729.6622, toolType[4]=TOOL_TYPE_FINGER, buttonState=0, metaState=0, flags=0x3, edgeFlags=0x0, pointerCount=5, historySize=2, eventTime=492143548, downTime=492143383, deviceId=8, source=0x1002 }
03-29 13:25:15.810  3351  3351 W ViewRootImpl[Launcher]: Dropping event due to no window focus: MotionEvent { action=ACTION_POINTER_UP(2), actionButton=0, id[0]=0, x[0]=808.25165, y[0]=1383.3595, toolType[0]=TOOL_TYPE_FINGER, id[1]=1, x[1]=762.2942, y[1]=1094.4933, toolType[1]=TOOL_TYPE_FINGER, id[2]=2, x[2]=836.2257, y[2]=739.65753, toolType[2]=TOOL_TYPE_FINGER, id[3]=3, x[3]=937.13226, y[3]=1581.268, toolType[3]=TOOL_TYPE_FINGER, id[4]=4, x[4]=844.2183, y[4]=734.65985, toolType[4]=TOOL_TYPE_FINGER, buttonState=0, metaState=0, flags=0x3, edgeFlags=0x0, pointerCount=5, historySize=0, eventTime=492143558, downTime=492143383, deviceId=8, source=0x1002 }
03-29 13:25:15.811  3351  3351 W ViewRootImpl[Launcher]: Dropping event due to no window focus: MotionEvent { action=ACTION_MOVE, actionButton=0, id[0]=0, x[0]=808.25165, y[0]=1383.3595, toolType[0]=TOOL_TYPE_FINGER, id[1]=1, x[1]=759.498, y[1]=1094.4933, toolType[1]=TOOL_TYPE_FINGER, id[2]=3, x[2]=926.9467, y[2]=1577.0717, toolType[2]=TOOL_TYPE_FINGER, id[3]=4, x[3]=832.63464, y[3]=745.2494, toolType[3]=TOOL_TYPE_FINGER, buttonState=0, metaState=0, flags=0x3, edgeFlags=0x0, pointerCount=4, historySize=2, eventTime=492143572, downTime=492143383, deviceId=8, source=0x1002 }
03-29 13:25:15.822  3351  3351 W ViewRootImpl[Launcher]: Dropping event due to no window focus: MotionEvent { action=ACTION_MOVE, actionButton=0, id[0]=0, x[0]=808.25165, y[0]=1383.3595, toolType[0]=TOOL_TYPE_FINGER, id[1]=1, x[1]=758.29785, y[1]=1094.4933, toolType[1]=TOOL_TYPE_FINGER, id[2]=3, x[2]=922.1462, y[2]=1575.2706, toolType[2]=TOOL_TYPE_FINGER, id[3]=4, x[3]=827.2341, y[3]=750.65247, toolType[3]=TOOL_TYPE_FINGER, buttonState=0, metaState=0, flags=0x3, edgeFlags=0x0, pointerCount=4, historySize=0, eventTime=492143579, downTime=492143383, deviceId=8, source=0x1002 }
03-29 13:25:15.822  3351  3351 W ViewRootImpl[Launcher]: Dropping event due to no window focus: MotionEvent { action=ACTION_POINTER_UP(0), actionButton=0, id[0]=0, x[0]=808.25165, y[0]=1383.3595, toolType[0]=TOOL_TYPE_FINGER, id[1]=1, x[1]=756.29974, y[1]=1094.4933, toolType[1]=TOOL_TYPE_FINGER, id[2]=3, x[2]=907.16003, y[2]=1570.273, toolType[2]=TOOL_TYPE_FINGER, id[3]=4, x[3]=818.2424, y[3]=758.64874, toolType[3]=TOOL_TYPE_FINGER, buttonState=0, metaState=0, flags=0x3, edgeFlags=0x0, pointerCount=4, historySize=0, eventTime=492143589, downTime=492143383, deviceId=8, source=0x1002 }
03-29 13:25:15.824  3351  3351 W ViewRootImpl[Launcher]: Dropping event due to no window focus: MotionEvent { action=ACTION_MOVE, actionButton=0, id[0]=1, x[0]=756.29974, y[0]=1094.4933, toolType[0]=TOOL_TYPE_FINGER, id[1]=3, x[1]=907.16003, y[1]=1570.273, toolType[1]=TOOL_TYPE_FINGER, id[2]=4, x[2]=818.2424, y[2]=758.64874, toolType[2]=TOOL_TYPE_FINGER, buttonState=0, metaState=0, flags=0x3, edgeFlags=0x0, pointerCount=3, historySize=0, eventTime=492143589, downTime=492143383, deviceId=8, source=0x1002 }
03-29 13:25:15.824  3351  3351 W ViewRootImpl[Launcher]: Dropping event due to no window focus: MotionEvent { action=ACTION_POINTER_UP(0), actionButton=0, id[0]=1, x[0]=756.29974, y[0]=1094.4933, toolType[0]=TOOL_TYPE_FINGER, id[1]=3, x[1]=907.16003, y[1]=1570.273, toolType[1]=TOOL_TYPE_FINGER, id[2]=4, x[2]=818.2424, y[2]=758.64874, toolType[2]=TOOL_TYPE_FINGER, buttonState=0, metaState=0, flags=0x3, edgeFlags=0x0, pointerCount=3, historySize=0, eventTime=492143592, downTime=492143383, deviceId=8, source=0x1002 }
03-29 13:25:15.824  3351  3351 W ViewRootImpl[Launcher]: Dropping event due to no window focus: MotionEvent { action=ACTION_POINTER_UP(0), actionButton=0, id[0]=3, x[0]=907.16003, y[0]=1570.273, toolType[0]=TOOL_TYPE_FINGER, id[1]=4, x[1]=818.2424, y[1]=758.64874, toolType[1]=TOOL_TYPE_FINGER, buttonState=0, metaState=0, flags=0x3, edgeFlags=0x0, pointerCount=2, historySize=0, eventTime=492143592, downTime=492143383, deviceId=8, source=0x1002 }
03-29 13:25:15.824  3351  3351 W ViewRootImpl[Launcher]: Cancelling event due to no window focus: MotionEvent { action=ACTION_CANCEL, actionButton=0, id[0]=4, x[0]=818.2424, y[0]=758.64874, toolType[0]=TOOL_TYPE_FINGER, buttonState=0, metaState=0, flags=0x3, edgeFlags=0x0, pointerCount=1, historySize=0, eventTime=492143592, downTime=492143383, deviceId=8, source=0x1002 }
03-29 13:25:15.824  3351  3351 I chatty  : uid=10021(com.meizu.flyme.launcher) identical 1 line
03-29 13:25:15.824  3351  3351 W ViewRootImpl[Launcher]: Cancelling event due to no window focus: MotionEvent { action=ACTION_CANCEL, actionButton=0, id[0]=4, x[0]=818.2424, y[0]=758.64874, toolType[0]=TOOL_TYPE_FINGER, buttonState=0, metaState=0, flags=0x3, edgeFlags=0x0, pointerCount=1, historySize=0, eventTime=492143592, downTime=492143383, deviceId=8, source=0x1002 }
03-29 13:25:16.063  3104  3104 I DDI     : writeDisplayFile /sys/class/meizu/lcm/display/doze_mode mode 1
03-29 13:25:16.073  1409  1409 I chatty  : uid=1000 system_server expire 5 lines
03-29 13:25:16.227 32708  7492 W ContextImpl: Calling a method in the system process without a qualified user: android.app.ContextImpl.startService:1480 android.content.ContextWrapper.startService:650 filtratorsdk.adj.a:25 filtratorsdk.adq$1$2.run:84 <bottom of call stack> 
03-29 13:25:26.472  1409  8240 I chatty  : uid=1000(system) Binder:1409_1E expire 3 lines
03-29 13:25:33.438  1409  1783 I chatty  : uid=1000(system) InputReader expire 12 lines
03-29 13:25:33.499  1409  2225 I chatty  : uid=1000(system) HBMController expire 2 lines
03-29 13:25:33.910  2256  7546 W ClientMonitor: handlePreviewFrame() called for authenticate!
03-29 13:25:34.746  2256  7546 I chatty  : uid=1000(system) com.meizu.facerecognition identical 586 lines
03-29 13:25:34.776  2256  7546 W ClientMonitor: handlePreviewFrame() called for authenticate!
03-29 13:25:34.803 32708  7607 W ContextImpl: Calling a method in the system process without a qualified user: android.app.ContextImpl.startService:1480 android.content.ContextWrapper.startService:650 filtratorsdk.ail.a:118 filtratorsdk.ail.a:62 filtratorsdk.ail$1.run:69 
03-29 13:25:34.808  2256  7546 W ClientMonitor: handlePreviewFrame() called for authenticate!
03-29 13:25:37.273  2256  7546 W ClientMonitor: handlePreviewFrame() called for authenticate!
03-29 13:25:37.275   975   975 I wificond: Enters wifigbk_ageOutHistory
03-29 13:25:37.276   975   975 I wificond: Enters wifigbk_ageOutHistory
03-29 13:25:37.286  3763  3763 W ContextImpl: Calling a method in the system process without a qualified user: android.app.ContextImpl.startService:1480 android.content.ContextWrapper.startService:650 android.content.ContextWrapper.startService:650 com.meizu.dataservice.ExperienceReceiver.a:64 com.meizu.dataservice.ExperienceReceiver.onReceive:46 
03-29 13:25:37.307  2256  7546 W ClientMonitor: handlePreviewFrame() called for authenticate!
03-29 13:25:39.342  2256  7546 W ClientMonitor: handlePreviewFrame() called for authenticate!
03-29 13:25:39.376  2256  7546 W ClientMonitor: handlePreviewFrame() called for authenticate!
03-29 13:25:57.298  2256  7546 W ClientMonitor: handlePreviewFrame() called for authenticate!
03-29 13:25:57.398  2256  7546 W ClientMonitor: handlePreviewFrame() called for authenticate!
03-29 13:25:58.430  2256  7546 I chatty  : uid=1000(system) com.meizu.facerecognition identical 30 lines
03-29 13:25:58.507  2256  7546 W ClientMonitor: handlePreviewFrame() called for authenticate!
03-29 13:25:58.759  1409  8241 I chatty  : uid=1000(system) Binder:1409_1F expire 1 line
03-29 13:25:58.799 32708  7683 W ContextImpl: Calling a method in the system process without a qualified user: android.app.ContextImpl.startService:1480 android.content.ContextWrapper.startService:650 android.content.ContextWrapper.startService:650 filtratorsdk.adj.a:25 com.meizu.networkmanager.boradcast.TrafficGlobalReceiver$2.run:277 
03-29 13:25:58.931  1409  3187 I chatty  : uid=1000(system) Binder:1409_C expire 6 lines
03-29 13:27:28.976  1409 14847 I chatty  : uid=1000(system) Binder:1409_20 expire 3 lines
03-29 13:27:59.223 32708  7765 W ContextImpl: Calling a method in the system process without a qualified user: android.app.ContextImpl.startService:1480 android.content.ContextWrapper.startService:650 filtratorsdk.adj.a:25 filtratorsdk.adq$1$2.run:84 <bottom of call stack> 
03-29 13:28:00.083  1409  1499 I chatty  : uid=1000(system) android.bg expire 1 line
03-29 13:28:04.842  1409  1523 I chatty  : uid=1000(system) PowerManagerSer expire 7 lines
03-29 13:28:06.302 32708  7840 W ContextImpl: Calling a method in the system process without a qualified user: android.app.ContextImpl.startService:1480 android.content.ContextWrapper.startService:650 filtratorsdk.ail.a:118 filtratorsdk.ail.a:62 filtratorsdk.ail$1.run:69 
03-29 13:28:06.696  1409  1783 I chatty  : uid=1000(system) InputReader expire 14 lines
03-29 13:28:07.375  1409  1477 I chatty  : uid=1000(system) Binder:1409_2 expire 3 lines
03-29 13:28:08.849   975   975 I wificond: Enters wifigbk_ageOutHistory
03-29 13:28:08.851   975   975 I wificond: Enters wifigbk_ageOutHistory
03-29 13:28:08.878  3763  3763 W ContextImpl: Calling a method in the system process without a qualified user: android.app.ContextImpl.startService:1480 android.content.ContextWrapper.startService:650 android.content.ContextWrapper.startService:650 com.meizu.dataservice.ExperienceReceiver.a:64 com.meizu.dataservice.ExperienceReceiver.onReceive:46 
03-29 13:28:31.338  1409  2206 I chatty  : uid=1000(system) Binder:1409_3 expire 1 line
03-29 13:28:31.347  1409  1769 I chatty  : uid=1000(system) android.anim expire 3 lines
03-29 13:28:31.525 15650 15650 E SchedPolicy: set_timerslack_ns write failed: Operation not permitted
03-29 13:28:31.910  1409  7834 I chatty  : uid=1000(system) Binder:1409_19 expire 9 lines
03-29 13:28:34.410  1409  2243 I chatty  : uid=1000(system) LazyTaskWriterT expire 1 line
03-29 13:29:07.325  1409  1500 I chatty  : uid=1000(system) ActivityManager expire 5 lines
03-29 13:30:07.797  1409  1783 I chatty  : uid=1000(system) InputReader expire 26 lines
03-29 13:32:02.046  1409  7554 I chatty  : uid=1000(system) Binder:1409_16 expire 6 lines
03-29 13:32:52.069   992   992 E TLOC    : [TLOCChannel]"Can't receive message due to timeout"
03-29 13:32:52.070   992   992 I TLOC    : [TLOCDaemon ]"timeout passed - start periodic warm-up"
03-29 13:32:52.073   992   992 I TLOC    : [ModemComm  ]"Start a session successfully"
03-29 13:32:57.217  1409  1509 I chatty  : uid=1000(system) batterystats-wo expire 6 lines
03-29 13:33:12.074   992   992 E TLOC    : [TLOCChannel]"Can't receive message due to timeout"
03-29 13:33:12.074   992   992 I TLOC    : [TLOCDaemon ]"timeout passed with no location fix - close the session"
03-29 13:33:12.076   992   992 I TLOC    : [ModemComm  ]"Stopped the session successfully"
03-29 13:33:12.076   992  1283 I TLOC    : [Modem      ]"Received event indication of position report with status USER_END"
03-29 13:33:22.146  1409  1783 I chatty  : uid=1000(system) InputReader expire 6 lines
03-29 13:35:02.150  1409  7836 I chatty  : uid=1000(system) Binder:1409_1B expire 4 lines
03-29 13:35:39.934  1409  2242 I chatty  : uid=1000(system) PhotonicModulat expire 10 lines
03-29 13:35:40.043  1409  2240 I chatty  : uid=1000(system) TaskSnapshotPer expire 4 lines
03-29 13:35:40.242  1409  1520 I chatty  : uid=1000(system) android.display expire 5 lines
03-29 13:35:40.848 15650 15650 E SchedPolicy: set_timerslack_ns write failed: Operation not permitted
03-29 13:35:42.292 32708  8256 W ContextImpl: Calling a method in the system process without a qualified user: android.app.ContextImpl.startService:1480 android.content.ContextWrapper.startService:650 filtratorsdk.adj.a:25 filtratorsdk.adq$1$2.run:84 <bottom of call stack> 
03-29 13:35:45.315  1409  1409 I chatty  : uid=1000 system_server expire 6 lines
03-29 13:36:12.708  1409  1783 I chatty  : uid=1000(system) InputReader expire 14 lines
03-29 13:36:12.722  1409  3305 I chatty  : uid=1000(system) Binder:1409_F expire 1 line
03-29 13:36:12.752  1409  1523 I chatty  : uid=1000(system) PowerManagerSer expire 9 lines
03-29 13:36:12.753  1409  1501 I chatty  : uid=1000(system) android.ui expire 2 lines
03-29 13:36:12.754  1409  2225 I chatty  : uid=1000(system) HBMController expire 3 lines
03-29 13:36:12.763  1409  1509 I chatty  : uid=1000(system) batterystats-wo expire 4 lines
03-29 13:36:13.135  2256  8301 W ClientMonitor: handlePreviewFrame() called for authenticate!
03-29 13:36:14.067  2256  8301 I chatty  : uid=1000(system) com.meizu.facerecognition identical 94 lines
03-29 13:36:14.103  2256  8301 W ClientMonitor: handlePreviewFrame() called for authenticate!
03-29 13:36:14.111 32708  8341 W ContextImpl: Calling a method in the system process without a qualified user: android.app.ContextImpl.startService:1480 android.content.ContextWrapper.startService:650 filtratorsdk.ail.a:118 filtratorsdk.ail.a:62 filtratorsdk.ail$1.run:69 
03-29 13:36:14.137  2256  8301 W ClientMonitor: handlePreviewFrame() called for authenticate!
03-29 13:36:16.568  2256  8301 W ClientMonitor: handlePreviewFrame() called for authenticate!
03-29 13:36:16.580   975   975 I wificond: Enters wifigbk_ageOutHistory
03-29 13:36:16.582   975   975 I wificond: Enters wifigbk_ageOutHistory
03-29 13:36:16.608  2256  8301 W ClientMonitor: handlePreviewFrame() called for authenticate!
03-29 13:36:16.612  3763  3763 W ContextImpl: Calling a method in the system process without a qualified user: android.app.ContextImpl.startService:1480 android.content.ContextWrapper.startService:650 android.content.ContextWrapper.startService:650 com.meizu.dataservice.ExperienceReceiver.a:64 com.meizu.dataservice.ExperienceReceiver.onReceive:46 
03-29 13:36:16.639  2256  8301 W ClientMonitor: handlePreviewFrame() called for authenticate!
03-29 13:36:17.336  2256  8301 W ClientMonitor: handlePreviewFrame() called for authenticate!
03-29 13:36:17.371  2256  8301 W ClientMonitor: handlePreviewFrame() called for authenticate!
03-29 13:36:17.399  2256  8301 W ClientMonitor: handlePreviewFrame() called for authenticate!
03-29 13:36:17.749 32708  8366 W ContextImpl: Calling a method in the system process without a qualified user: android.app.ContextImpl.startService:1480 android.content.ContextWrapper.startService:650 filtratorsdk.adj.a:25 filtratorsdk.adq$1$2.run:84 <bottom of call stack> 
03-29 13:37:19.667  1409  7554 I chatty  : uid=1000(system) Binder:1409_16 expire 13 lines
03-29 13:37:23.016  1409  2226 I chatty  : uid=1000(system) FingerprintServ expire 4 lines
03-29 13:37:23.801  1409  8239 I chatty  : uid=1000(system) Binder:1409_1D expire 1 line
03-29 13:37:23.885  2256  8401 W ClientMonitor: handlePreviewFrame() called for authenticate!
03-29 13:37:23.965  1409  1769 I chatty  : uid=1000(system) android.anim expire 9 lines
03-29 13:37:24.017  1409  3383 I chatty  : uid=1000(system) Binder:1409_13 expire 1 line
03-29 13:37:24.060 32708  8443 W ContextImpl: Calling a method in the system process without a qualified user: android.app.ContextImpl.startService:1480 android.content.ContextWrapper.startService:650 android.content.ContextWrapper.startService:650 filtratorsdk.adj.a:25 com.meizu.networkmanager.boradcast.TrafficGlobalReceiver$2.run:277 
03-29 13:37:24.096 15650 15650 E SchedPolicy: set_timerslack_ns write failed: Operation not permitted
03-29 13:37:24.808 32708  8452 W ContextImpl: Calling a method in the system process without a qualified user: android.app.ContextImpl.startService:1480 android.content.ContextWrapper.startService:650 filtratorsdk.ail.a:118 filtratorsdk.ail.a:62 filtratorsdk.ail$1.run:69 
03-29 13:37:24.834  1409  1783 I chatty  : uid=1000(system) InputReader expire 64 lines
03-29 13:37:26.895 15650 15650 E SchedPolicy: set_timerslack_ns write failed: Operation not permitted
03-29 13:37:27.234   975   975 I wificond: Enters wifigbk_ageOutHistory
03-29 13:37:27.234   975   975 I wificond: Enters wifigbk_ageOutHistory
03-29 13:37:27.245  3763  3763 W ContextImpl: Calling a method in the system process without a qualified user: android.app.ContextImpl.startService:1480 android.content.ContextWrapper.startService:650 android.content.ContextWrapper.startService:650 com.meizu.dataservice.ExperienceReceiver.a:64 com.meizu.dataservice.ExperienceReceiver.onReceive:46 
03-29 13:37:28.205  1409  3384 I chatty  : uid=1000(system) Binder:1409_14 expire 13 lines
03-29 13:37:28.283 15650 15650 E SchedPolicy: set_timerslack_ns write failed: Operation not permitted
03-29 13:37:30.733 15650 15650 E SchedPolicy: set_timerslack_ns write failed: Operation not permitted
03-29 13:37:31.174 15650 15650 E SchedPolicy: set_timerslack_ns write failed: Operation not permitted
03-29 13:37:31.237  1409  2243 I chatty  : uid=1000(system) LazyTaskWriterT expire 3 lines
03-29 13:37:34.710  1409  7834 I chatty  : uid=1000(system) Binder:1409_19 expire 6 lines
03-29 13:37:37.788  1409  1518 I chatty  : uid=1000(system) android.fg expire 14 lines
03-29 13:37:38.528 15650 15650 E SchedPolicy: set_timerslack_ns write failed: Operation not permitted
03-29 13:37:39.027  1409  1783 I chatty  : uid=1000(system) InputReader expire 20 lines
03-29 13:37:39.993  1409  2562 I chatty  : uid=1000(system) Binder:1409_B expire 5 lines
03-29 13:37:41.413  1409  3384 I chatty  : uid=1000(system) Binder:1409_14 expire 4 lines
03-29 13:37:43.243   975   975 I wificond: Enters wifigbk_ageOutHistory
03-29 13:37:43.244   975   975 I wificond: Enters wifigbk_ageOutHistory
03-29 13:37:43.264  3763  3763 W ContextImpl: Calling a method in the system process without a qualified user: android.app.ContextImpl.startService:1480 android.content.ContextWrapper.startService:650 android.content.ContextWrapper.startService:650 com.meizu.dataservice.ExperienceReceiver.a:64 com.meizu.dataservice.ExperienceReceiver.onReceive:46 
03-29 13:37:46.657  3104  3104 E ActivityThread: Failed to find provider info for com.flyme.systemuitools.gameassiant.model.GameSDKContentProvider
03-29 13:37:46.659  3104  3104 I chatty  : uid=10043(com.flyme.systemuiex) com.flyme.systemuitools identical 2 lines
03-29 13:37:46.668  3104  3104 E ActivityThread: Failed to find provider info for com.flyme.systemuitools.gameassiant.model.GameSDKContentProvider
03-29 13:37:50.099  1409  7836 I chatty  : uid=1000(system) Binder:1409_1B expire 1 line
03-29 13:37:50.165 15650 15650 E SchedPolicy: set_timerslack_ns write failed: Operation not permitted
03-29 13:37:50.175  3104  3104 E ActivityThread: Failed to find provider info for com.flyme.systemuitools.gameassiant.model.GameSDKContentProvider
03-29 13:37:50.179  3104  3104 E ActivityThread: Failed to find provider info for com.flyme.systemuitools.gameassiant.model.GameSDKContentProvider
03-29 13:37:50.228 15650 15650 E SchedPolicy: set_timerslack_ns write failed: Operation not permitted
03-29 13:37:50.325  1409  1518 I chatty  : uid=1000(system) android.fg expire 13 lines
03-29 13:37:50.369 15650 15650 E SchedPolicy: set_timerslack_ns write failed: Operation not permitted
03-29 13:37:51.000  1409  1783 I chatty  : uid=1000(system) InputReader expire 126 lines
03-29 13:37:51.839  1409  2562 I chatty  : uid=1000(system) Binder:1409_B expire 2 lines
03-29 13:37:51.893  1409  3384 I chatty  : uid=1000(system) Binder:1409_14 expire 1 line
03-29 13:37:52.284  1409  7834 I chatty  : uid=1000(system) Binder:1409_19 expire 9 lines
03-29 13:37:52.527  1409  1409 I chatty  : uid=1000 system_server expire 1 line
03-29 13:37:52.538  1409  1499 I chatty  : uid=1000(system) android.bg expire 1 line
03-29 13:37:52.919  1409  3305 I chatty  : uid=1000(system) Binder:1409_F expire 8 lines
03-29 13:37:53.176  1409  2243 I chatty  : uid=1000(system) LazyTaskWriterT expire 3 lines
03-29 13:37:54.690  1409  7554 I chatty  : uid=1000(system) Binder:1409_16 expire 27 lines
03-29 13:37:54.869  1409  7836 I chatty  : uid=1000(system) Binder:1409_1B expire 12 lines
03-29 13:37:56.211  1409  8239 I chatty  : uid=1000(system) Binder:1409_1D expire 17 lines
03-29 13:38:11.172  3104  3104 E ActivityThread: Failed to find provider info for com.flyme.systemuitools.gameassiant.model.GameSDKContentProvider
03-29 13:38:11.174  3104  3104 I chatty  : uid=10043(com.flyme.systemuiex) com.flyme.systemuitools identical 3 lines
03-29 13:38:11.175  3104  3104 E ActivityThread: Failed to find provider info for com.flyme.systemuitools.gameassiant.model.GameSDKContentProvider
03-29 13:38:13.280  1409  1783 I chatty  : uid=1000(system) InputReader expire 25 lines
03-29 13:38:16.009  3104  3104 E ActivityThread: Failed to find provider info for com.flyme.systemuitools.gameassiant.model.GameSDKContentProvider
03-29 13:38:16.012  3104  3104 E ActivityThread: Failed to find provider info for com.flyme.systemuitools.gameassiant.model.GameSDKContentProvider
03-29 13:38:19.068  1409  7554 I chatty  : uid=1000(system) Binder:1409_16 expire 3 lines
03-29 13:38:19.106 15650 15650 E SchedPolicy: set_timerslack_ns write failed: Operation not permitted
03-29 13:38:19.109  3104  3104 E ActivityThread: Failed to find provider info for com.flyme.systemuitools.gameassiant.model.GameSDKContentProvider
03-29 13:38:19.111  3104  3104 E ActivityThread: Failed to find provider info for com.flyme.systemuitools.gameassiant.model.GameSDKContentProvider
03-29 13:38:19.339 15650 15650 E SchedPolicy: set_timerslack_ns write failed: Operation not permitted
03-29 13:38:21.572  1409  7836 I chatty  : uid=1000(system) Binder:1409_1B expire 2 lines
03-29 13:38:21.685  1409  9378 I chatty  : uid=1000 system_server expire 1 line
03-29 13:38:57.456  1409  1783 I chatty  : uid=1000(system) InputReader expire 152 lines
03-29 13:38:57.461  1409  7554 I chatty  : uid=1000(system) Binder:1409_16 expire 18 lines
03-29 13:38:57.651  1409  3305 I chatty  : uid=1000(system) Binder:1409_F expire 12 lines
03-29 13:39:02.575  1409  7836 I chatty  : uid=1000(system) Binder:1409_1B expire 2 lines
03-29 13:39:03.612  1409  8239 I chatty  : uid=1000(system) Binder:1409_1D expire 5 lines
03-29 13:39:10.869  1409  1500 I chatty  : uid=1000(system) ActivityManager expire 1 line
03-29 13:39:11.079  1409  7834 I chatty  : uid=1000(system) Binder:1409_19 expire 11 lines
03-29 13:39:11.259  1409  2537 I chatty  : uid=1000(system) Binder:1409_9 expire 9 lines
03-29 13:39:19.945  1409  3311 I chatty  : uid=1000(system) Binder:1409_10 expire 3 lines
03-29 13:39:19.974  1409  3383 I chatty  : uid=1000(system) Binder:1409_13 expire 32 lines
03-29 13:39:24.300  1409  3311 I chatty  : uid=1000(system) Binder:1409_10 expire 6 lines
03-29 13:39:24.457  1409  1509 I chatty  : uid=1000(system) batterystats-wo expire 2 lines
03-29 13:39:24.481  1409  1783 I chatty  : uid=1000(system) InputReader expire 78 lines
03-29 13:39:24.605  1409  7834 I chatty  : uid=1000(system) Binder:1409_19 expire 13 lines
03-29 13:39:41.420  1409  1409 I chatty  : uid=1000 system_server expire 3 lines
03-29 13:39:44.282  1409  9747 I chatty  : uid=1000 system_server expire 1 line
03-29 13:39:58.650 15650 15650 E SchedPolicy: set_timerslack_ns write failed: Operation not permitted
03-29 13:39:59.009 15650 15650 E SchedPolicy: set_timerslack_ns write failed: Operation not permitted
03-29 13:40:00.538  1409  9763 I chatty  : uid=1000 system_server expire 1 line
03-29 13:40:00.837  1409  1783 I chatty  : uid=1000(system) InputReader expire 42 lines
03-29 13:40:02.288  1409  3383 I chatty  : uid=1000(system) Binder:1409_13 expire 17 lines
03-29 13:40:02.667  1409  3384 I chatty  : uid=1000(system) Binder:1409_14 expire 3 lines
03-29 13:40:05.815  1409  2240 I chatty  : uid=1000(system) TaskSnapshotPer expire 2 lines
03-29 13:40:05.943  3967  3967 W ViewRootImpl[H5Activity]: Cancelling event due to no window focus: KeyEvent { action=ACTION_UP, keyCode=KEYCODE_BACK, scanCode=0, metaState=0, flags=0x28, repeatCount=0, eventTime=492946768, downTime=492946768, deviceId=-1, source=0x101 }
03-29 13:40:05.945  3967  3967 I chatty  : uid=10116(com.eg.android.AlipayGphone) identical 7 lines
03-29 13:40:05.945  3967  3967 W ViewRootImpl[H5Activity]: Cancelling event due to no window focus: KeyEvent { action=ACTION_UP, keyCode=KEYCODE_BACK, scanCode=0, metaState=0, flags=0x28, repeatCount=0, eventTime=492946768, downTime=492946768, deviceId=-1, source=0x101 }
03-29 13:40:06.029  1409  1518 I chatty  : uid=1000(system) android.fg expire 14 lines
03-29 13:40:06.648 15650 15650 E SchedPolicy: set_timerslack_ns write failed: Operation not permitted
03-29 13:40:09.942  1409  2243 I chatty  : uid=1000(system) LazyTaskWriterT expire 2 lines
03-29 13:40:10.752   975   975 I wificond: Enters wifigbk_ageOutHistory
03-29 13:40:10.760   975   975 I wificond: Enters wifigbk_ageOutHistory
03-29 13:40:10.788  3763  3763 W ContextImpl: Calling a method in the system process without a qualified user: android.app.ContextImpl.startService:1480 android.content.ContextWrapper.startService:650 android.content.ContextWrapper.startService:650 com.meizu.dataservice.ExperienceReceiver.a:64 com.meizu.dataservice.ExperienceReceiver.onReceive:46 
03-29 13:40:11.358  1409  7834 I chatty  : uid=1000(system) Binder:1409_19 expire 5 lines
03-29 13:40:16.527  1409  2562 I chatty  : uid=1000(system) Binder:1409_B expire 4 lines
03-29 13:40:17.540  3351  3351 W ViewRootImpl[Launcher]: Cancelling event due to no window focus: KeyEvent { action=ACTION_UP, keyCode=KEYCODE_BACK, scanCode=0, metaState=0, flags=0x28, repeatCount=0, eventTime=492958435, downTime=492958435, deviceId=-1, source=0x101 }
03-29 13:40:17.540  3351  3351 I chatty  : uid=10021(com.meizu.flyme.launcher) identical 7 lines
03-29 13:40:17.540  3351  3351 W ViewRootImpl[Launcher]: Cancelling event due to no window focus: KeyEvent { action=ACTION_UP, keyCode=KEYCODE_BACK, scanCode=0, metaState=0, flags=0x28, repeatCount=0, eventTime=492958435, downTime=492958435, deviceId=-1, source=0x101 }
03-29 13:40:17.551  1409  1518 I chatty  : uid=1000(system) android.fg expire 13 lines
03-29 13:40:18.861  1409  1783 I chatty  : uid=1000(system) InputReader expire 12 lines
03-29 13:40:20.012  1409  2243 I chatty  : uid=1000(system) LazyTaskWriterT expire 3 lines
03-29 13:40:21.417  1409  2242 I chatty  : uid=1000(system) PhotonicModulat expire 10 lines
03-29 13:40:21.417  1409  1523 I chatty  : uid=1000(system) PowerManagerSer expire 12 lines
03-29 13:40:21.464  1409  1520 I chatty  : uid=1000(system) android.display expire 9 lines
03-29 13:40:21.680  1409  2562 I chatty  : uid=1000(system) Binder:1409_B expire 9 lines
03-29 13:40:21.831  1409  1409 I chatty  : uid=1000 system_server expire 8 lines
03-29 13:40:22.045 32708 10117 W ContextImpl: Calling a method in the system process without a qualified user: android.app.ContextImpl.startService:1480 android.content.ContextWrapper.startService:650 filtratorsdk.adj.a:25 filtratorsdk.adq$1$2.run:84 <bottom of call stack> 
03-29 13:40:36.926  1409  1501 I chatty  : uid=1000(system) android.ui expire 3 lines
03-29 13:40:36.926  1409  2225 I chatty  : uid=1000(system) HBMController expire 6 lines
03-29 13:40:37.353  2256 10151 W ClientMonitor: handlePreviewFrame() called for authenticate!
03-29 13:40:37.514  1409  3384 I chatty  : uid=1000(system) Binder:1409_14 expire 2 lines
03-29 13:40:37.549 32708 10208 W ContextImpl: Calling a method in the system process without a qualified user: android.app.ContextImpl.startService:1480 android.content.ContextWrapper.startService:650 android.content.ContextWrapper.startService:650 filtratorsdk.adj.a:25 com.meizu.networkmanager.boradcast.TrafficGlobalReceiver$2.run:277 
03-29 13:40:38.050  1409  1783 I chatty  : uid=1000(system) InputReader expire 33 lines
03-29 13:40:38.283 32708 10227 W ContextImpl: Calling a method in the system process without a qualified user: android.app.ContextImpl.startService:1480 android.content.ContextWrapper.startService:650 filtratorsdk.ail.a:118 filtratorsdk.ail.a:62 filtratorsdk.ail$1.run:69 
03-29 13:40:40.987   975   975 I wificond: Enters wifigbk_ageOutHistory
03-29 13:40:40.989   975   975 I wificond: Enters wifigbk_ageOutHistory
03-29 13:40:41.028  3763  3763 W ContextImpl: Calling a method in the system process without a qualified user: android.app.ContextImpl.startService:1480 android.content.ContextWrapper.startService:650 android.content.ContextWrapper.startService:650 com.meizu.dataservice.ExperienceReceiver.a:64 com.meizu.dataservice.ExperienceReceiver.onReceive:46 
03-29 13:40:41.246  1409  2240 I chatty  : uid=1000(system) TaskSnapshotPer expire 2 lines
03-29 13:40:58.120  3351  3351 W ViewRootImpl[Launcher]: Dropping event due to no window focus: MotionEvent { action=ACTION_MOVE, actionButton=0, id[0]=0, x[0]=625.45636, y[0]=581.5117, toolType[0]=TOOL_TYPE_FINGER, buttonState=0, metaState=0, flags=0x2, edgeFlags=0x0, pointerCount=1, historySize=3, eventTime=492996791, downTime=492996641, deviceId=8, source=0x1002 }
03-29 13:40:58.124  3351  3351 W ViewRootImpl[Launcher]: Dropping event due to no window focus: MotionEvent { action=ACTION_MOVE, actionButton=0, id[0]=0, x[0]=628.6321, y[0]=542.3208, toolType[0]=TOOL_TYPE_FINGER, buttonState=0, metaState=0, flags=0x2, edgeFlags=0x0, pointerCount=1, historySize=2, eventTime=492996808, downTime=492996641, deviceId=8, source=0x1002 }
03-29 13:40:58.141  3351  3351 W ViewRootImpl[Launcher]: Dropping event due to no window focus: MotionEvent { action=ACTION_MOVE, actionButton=0, id[0]=0, x[0]=639.66394, y[0]=502.03186, toolType[0]=TOOL_TYPE_FINGER, buttonState=0, metaState=0, flags=0x2, edgeFlags=0x0, pointerCount=1, historySize=2, eventTime=492996824, downTime=492996641, deviceId=8, source=0x1002 }
03-29 13:40:58.145  3351  3351 W ViewRootImpl[Launcher]: Cancelling event due to no window focus: MotionEvent { action=ACTION_CANCEL, actionButton=0, id[0]=0, x[0]=637.4098, y[0]=509.76398, toolType[0]=TOOL_TYPE_FINGER, buttonState=0, metaState=0, flags=0x2, edgeFlags=0x0, pointerCount=1, historySize=0, eventTime=492996832, downTime=492996641, deviceId=8, source=0x1002 }
03-29 13:40:58.145  3351  3351 I chatty  : uid=10021(com.meizu.flyme.launcher) identical 1 line
03-29 13:40:58.145  3351  3351 W ViewRootImpl[Launcher]: Cancelling event due to no window focus: MotionEvent { action=ACTION_CANCEL, actionButton=0, id[0]=0, x[0]=637.4098, y[0]=509.76398, toolType[0]=TOOL_TYPE_FINGER, buttonState=0, metaState=0, flags=0x2, edgeFlags=0x0, pointerCount=1, historySize=0, eventTime=492996832, downTime=492996641, deviceId=8, source=0x1002 }
03-29 13:40:58.462 32708 10627 W ContextImpl: Calling a method in the system process without a qualified user: android.app.ContextImpl.startService:1480 android.content.ContextWrapper.startService:650 filtratorsdk.adj.a:25 filtratorsdk.adq$1$2.run:84 <bottom of call stack> 
03-29 13:41:04.903  1409  1509 I chatty  : uid=1000(system) batterystats-wo expire 10 lines
03-29 13:42:01.231  1409  7834 I chatty  : uid=1000(system) Binder:1409_19 expire 5 lines
03-29 13:42:18.734  1409 14847 I chatty  : uid=1000(system) Binder:1409_20 expire 3 lines
03-29 13:43:58.007 32708 10658 W ContextImpl: Calling a method in the system process without a qualified user: android.app.ContextImpl.startService:1480 android.content.ContextWrapper.startService:650 filtratorsdk.ail.a:118 filtratorsdk.ail.a:62 filtratorsdk.ail$1.run:69 
03-29 13:43:58.013  1409  1509 I chatty  : uid=1000(system) batterystats-wo expire 10 lines
03-29 13:44:20.801  1409  3188 I chatty  : uid=1000(system) Binder:1409_D expire 4 lines
03-29 13:45:40.585  1409  1783 I chatty  : uid=1000(system) InputReader expire 24 lines
03-29 13:45:40.997  2256 10685 W ClientMonitor: handlePreviewFrame() called for authenticate!
03-29 13:45:41.378  2256 10685 I chatty  : uid=1000(system) com.meizu.facerecognition identical 37 lines
03-29 13:45:41.419  2256 10685 W ClientMonitor: handlePreviewFrame() called for authenticate!
03-29 13:45:41.452  2256 10685 W ClientMonitor: handlePreviewFrame() called for authenticate!
03-29 13:45:41.952  2256 10685 W ClientMonitor: handlePreviewFrame() called for authenticate!
03-29 13:45:41.967 32708 10735 W ContextImpl: Calling a method in the system process without a qualified user: android.app.ContextImpl.startService:1480 android.content.ContextWrapper.startService:650 filtratorsdk.ail.a:118 filtratorsdk.ail.a:62 filtratorsdk.ail$1.run:69 
03-29 13:45:41.986  2256 10685 W ClientMonitor: handlePreviewFrame() called for authenticate!
03-29 13:45:42.685  2256 10685 W ClientMonitor: handlePreviewFrame() called for authenticate!
03-29 13:45:42.885  1409  1477 I chatty  : uid=1000(system) Binder:1409_2 expire 2 lines
03-29 13:45:42.931 32708 10751 W ContextImpl: Calling a method in the system process without a qualified user: android.app.ContextImpl.startService:1480 android.content.ContextWrapper.startService:650 android.content.ContextWrapper.startService:650 filtratorsdk.adj.a:25 com.meizu.networkmanager.boradcast.TrafficGlobalReceiver$2.run:277 
03-29 13:45:44.347   975   975 I wificond: Enters wifigbk_ageOutHistory
03-29 13:45:44.348   975   975 I wificond: Enters wifigbk_ageOutHistory
03-29 13:45:44.386  3763  3763 W ContextImpl: Calling a method in the system process without a qualified user: android.app.ContextImpl.startService:1480 android.content.ContextWrapper.startService:650 android.content.ContextWrapper.startService:650 com.meizu.dataservice.ExperienceReceiver.a:64 com.meizu.dataservice.ExperienceReceiver.onReceive:46 
03-29 13:45:44.542  1409  1769 I chatty  : uid=1000(system) android.anim expire 6 lines
03-29 13:45:44.765 15650 15650 E SchedPolicy: set_timerslack_ns write failed: Operation not permitted
03-29 13:45:46.945 15650 15650 E SchedPolicy: set_timerslack_ns write failed: Operation not permitted
03-29 13:45:47.327 15650 15650 E SchedPolicy: set_timerslack_ns write failed: Operation not permitted
03-29 13:45:50.372  1409  1500 I chatty  : uid=1000(system) ActivityManager expire 3 lines
03-29 13:45:51.425 10815 10815 E ActivityThread: Failed to find provider info for com.tencent.mm.coolassist.debugprovider
03-29 13:45:53.335 10815 10912 W FileUtils: Failed to chmod(/data/user/0/com.tencent.mobileqq/app_tbs): android.system.ErrnoException: chmod failed: EACCES (Permission denied)
03-29 13:45:53.336 10815 10912 W FileUtils: Failed to chmod(/data/user/0/com.tencent.mobileqq/app_tbs_common_share): android.system.ErrnoException: chmod failed: EACCES (Permission denied)
03-29 13:45:53.418  1409  1475 I chatty  : uid=1000(system) Binder:1409_1 expire 7 lines
03-29 13:45:54.292 10937 10937 E ActivityThread: Failed to find provider info for com.tencent.mm.coolassist.debugprovider
03-29 13:47:05.817  1409  7554 I chatty  : uid=1000(system) Binder:1409_16 expire 4 lines
03-29 13:47:52.200  1409  1523 I chatty  : uid=1000(system) PowerManagerSer expire 7 lines
03-29 13:47:52.397  1409  2242 I chatty  : uid=1000(system) PhotonicModulat expire 5 lines
03-29 13:47:52.682 32708 11111 W ContextImpl: Calling a method in the system process without a qualified user: android.app.ContextImpl.startService:1480 android.content.ContextWrapper.startService:650 filtratorsdk.adj.a:25 filtratorsdk.adq$1$2.run:84 <bottom of call stack> 
03-29 13:47:53.380 15650 15650 E SchedPolicy: set_timerslack_ns write failed: Operation not permitted
03-29 13:48:19.006  1409  1509 I chatty  : uid=1000(system) batterystats-wo expire 6 lines
03-29 13:48:26.441  3104  3104 I DDI     : writeDisplayFile /sys/class/meizu/lcm/display/doze_s2 mode 1
03-29 13:48:28.734  2256 11152 W ClientMonitor: handlePreviewFrame() called for authenticate!
03-29 13:48:28.858  1409  2206 I chatty  : uid=1000(system) Binder:1409_3 expire 6 lines
03-29 13:48:28.901 32708 11200 W ContextImpl: Calling a method in the system process without a qualified user: android.app.ContextImpl.startService:1480 android.content.ContextWrapper.startService:650 android.content.ContextWrapper.startService:650 filtratorsdk.adj.a:25 com.meizu.networkmanager.boradcast.TrafficGlobalReceiver$2.run:277 
03-29 13:48:28.937 15650 15650 E SchedPolicy: set_timerslack_ns write failed: Operation not permitted
03-29 13:48:29.648 32708 11211 W ContextImpl: Calling a method in the system process without a qualified user: android.app.ContextImpl.startService:1480 android.content.ContextWrapper.startService:650 filtratorsdk.ail.a:118 filtratorsdk.ail.a:62 filtratorsdk.ail$1.run:69 
03-29 13:48:31.834  1409  2561 I chatty  : uid=1000(system) Binder:1409_A expire 4 lines
03-29 13:48:32.256   975   975 I wificond: Enters wifigbk_ageOutHistory
03-29 13:48:32.265   975   975 I wificond: Enters wifigbk_ageOutHistory
03-29 13:48:32.295  3763  3763 W ContextImpl: Calling a method in the system process without a qualified user: android.app.ContextImpl.startService:1480 android.content.ContextWrapper.startService:650 android.content.ContextWrapper.startService:650 com.meizu.dataservice.ExperienceReceiver.a:64 com.meizu.dataservice.ExperienceReceiver.onReceive:46 
03-29 13:48:36.886  1409  1783 I chatty  : uid=1000(system) InputReader expire 14 lines
03-29 13:49:00.760  1409  2342 I chatty  : uid=1000(system) Binder:1409_5 expire 4 lines
03-29 13:49:56.135  1409  3305 I chatty  : uid=1000(system) Binder:1409_F expire 11 lines
03-29 13:49:59.968  1409  2342 I chatty  : uid=1000(system) Binder:1409_5 expire 4 lines
03-29 13:50:02.514  1409  7828 I chatty  : uid=1000(system) Binder:1409_17 expire 15 lines
03-29 13:50:05.701  1409  1783 I chatty  : uid=1000(system) InputReader expire 92 lines
03-29 13:50:05.781  1409  3384 I chatty  : uid=1000(system) Binder:1409_14 expire 12 lines
03-29 13:50:05.904  1409  2240 I chatty  : uid=1000(system) TaskSnapshotPer expire 2 lines
03-29 13:50:05.953  3351  3351 W ViewRootImpl[Launcher]: Cancelling event due to no window focus: KeyEvent { action=ACTION_UP, keyCode=KEYCODE_BACK, scanCode=0, metaState=0, flags=0x28, repeatCount=0, eventTime=493268406, downTime=493268406, deviceId=-1, source=0x101 }
03-29 13:50:05.954  3351  3351 I chatty  : uid=10021(com.meizu.flyme.launcher) identical 7 lines
03-29 13:50:05.954  3351  3351 W ViewRootImpl[Launcher]: Cancelling event due to no window focus: KeyEvent { action=ACTION_UP, keyCode=KEYCODE_BACK, scanCode=0, metaState=0, flags=0x28, repeatCount=0, eventTime=493268406, downTime=493268406, deviceId=-1, source=0x101 }
03-29 13:50:06.740 15650 15650 E SchedPolicy: set_timerslack_ns write failed: Operation not permitted
03-29 13:50:06.761  1409  3305 I chatty  : uid=1000(system) Binder:1409_F expire 24 lines
03-29 13:50:15.406  1409  3187 I chatty  : uid=1000(system) Binder:1409_C expire 2 lines
03-29 13:50:15.875  1409  1477 I chatty  : uid=1000(system) Binder:1409_2 expire 13 lines
03-29 13:50:18.238  1409  3383 I chatty  : uid=1000(system) Binder:1409_13 expire 2 lines
03-29 13:50:18.784  1409  2243 I chatty  : uid=1000(system) LazyTaskWriterT expire 1 line
03-29 13:50:26.851  1409  1509 I chatty  : uid=1000(system) batterystats-wo expire 12 lines
03-29 13:50:56.046  1409  1500 I chatty  : uid=1000(system) ActivityManager expire 4 lines
03-29 13:51:00.813  1409  2537 I chatty  : uid=1000(system) Binder:1409_9 expire 2 lines
03-29 13:52:09.050  1409  1409 I chatty  : uid=1000 system_server expire 3 lines
03-29 13:52:42.085  1409  1523 I chatty  : uid=1000(system) PowerManagerSer expire 6 lines
