03-26 16:19:37.543 17016  5251 W ContextImpl: Calling a method in the system process without a qualified user: android.app.ContextImpl.startService:1480 android.content.ContextWrapper.startService:650 filtratorsdk.ail.a:118 filtratorsdk.ail.a:62 filtratorsdk.ail$1.run:69 
03-26 16:19:38.252  1409  1783 I chatty  : uid=1000(system) InputReader expire 81 lines
03-26 16:19:38.377 15650 15650 E SchedPolicy: set_timerslack_ns write failed: Operation not permitted
03-26 16:19:38.731 15650 15650 E SchedPolicy: set_timerslack_ns write failed: Operation not permitted
03-26 16:19:40.071   975   975 I wificond: Enters wifigbk_ageOutHistory
03-26 16:19:40.072   975   975 I wificond: Enters wifigbk_ageOutHistory
03-26 16:19:40.096  3763  3763 W ContextImpl: Calling a method in the system process without a qualified user: android.app.ContextImpl.startService:1480 android.content.ContextWrapper.startService:650 android.content.ContextWrapper.startService:650 com.meizu.dataservice.ExperienceReceiver.a:64 com.meizu.dataservice.ExperienceReceiver.onReceive:46 
03-26 16:19:40.276  1409  2561 I chatty  : uid=1000(system) Binder:1409_A expire 10 lines
03-26 16:19:40.700  1409  1477 I chatty  : uid=1000(system) Binder:1409_2 expire 12 lines
03-26 16:19:41.248  1409  2534 I chatty  : uid=1000(system) Binder:1409_8 expire 5 lines
03-26 16:19:48.638  1409  1523 I chatty  : uid=1000(system) PowerManagerSer expire 12 lines
03-26 16:19:48.638  1409  2242 I chatty  : uid=1000(system) PhotonicModulat expire 10 lines
03-26 16:19:48.705  1409  1520 I chatty  : uid=1000(system) android.display expire 8 lines
03-26 16:19:48.765  1409  2240 I chatty  : uid=1000(system) TaskSnapshotPer expire 2 lines
03-26 16:19:48.946  1409  1409 I chatty  : uid=1000 system_server expire 4 lines
03-26 16:19:49.075 17016  5364 W ContextImpl: Calling a method in the system process without a qualified user: android.app.ContextImpl.startService:1480 android.content.ContextWrapper.startService:650 filtratorsdk.adj.a:25 filtratorsdk.adq$1$2.run:84 <bottom of call stack> 
03-26 16:19:49.569 15650 15650 E SchedPolicy: set_timerslack_ns write failed: Operation not permitted
03-26 16:19:49.703  1409  1783 I chatty  : uid=1000(system) InputReader expire 25 lines
03-26 16:19:49.706  1409  2226 I chatty  : uid=1000(system) FingerprintServ expire 26 lines
03-26 16:19:52.202  2271  2271 W FingerprintManager: Invalid acquired message: 6, 11
03-26 16:19:52.211  1409  2561 I chatty  : uid=1000(system) Binder:1409_A expire 4 lines
03-26 16:19:56.598  1409  2495 I chatty  : uid=1000(system) Binder:1409_6 expire 2 lines
03-26 16:19:56.702  1409  1501 I chatty  : uid=1000(system) android.ui expire 3 lines
03-26 16:19:56.702  1409  2225 I chatty  : uid=1000(system) HBMController expire 4 lines
03-26 16:19:57.096  2256  5394 W ClientMonitor: handlePreviewFrame() called for authenticate!
03-26 16:19:57.294  2256  5394 I chatty  : uid=1000(system) com.meizu.facerecognition identical 154 lines
03-26 16:19:57.327  2256  5394 W ClientMonitor: handlePreviewFrame() called for authenticate!
03-26 16:19:57.360  2256  5394 W ClientMonitor: handlePreviewFrame() called for authenticate!
03-26 16:19:57.919  2256  5394 W ClientMonitor: handlePreviewFrame() called for authenticate!
03-26 16:19:58.004 17016  5430 W ContextImpl: Calling a method in the system process without a qualified user: android.app.ContextImpl.startService:1480 android.content.ContextWrapper.startService:650 filtratorsdk.ail.a:118 filtratorsdk.ail.a:62 filtratorsdk.ail$1.run:69 
03-26 16:19:58.062  2256  5394 W ClientMonitor: handlePreviewFrame() called for authenticate!
03-26 16:20:00.329  2256  5394 W ClientMonitor: handlePreviewFrame() called for authenticate!
03-26 16:20:00.343   975   975 I wificond: Enters wifigbk_ageOutHistory
03-26 16:20:00.344   975   975 I wificond: Enters wifigbk_ageOutHistory
03-26 16:20:00.364  3763  3763 W ContextImpl: Calling a method in the system process without a qualified user: android.app.ContextImpl.startService:1480 android.content.ContextWrapper.startService:650 android.content.ContextWrapper.startService:650 com.meizu.dataservice.ExperienceReceiver.a:64 com.meizu.dataservice.ExperienceReceiver.onReceive:46 
03-26 16:20:00.397  2256  5394 W ClientMonitor: handlePreviewFrame() called for authenticate!
03-26 16:20:01.128  2256  5394 W ClientMonitor: handlePreviewFrame() called for authenticate!
03-26 16:20:01.150  1409  1499 I chatty  : uid=1000(system) android.bg expire 1 line
03-26 16:20:01.198  2256  5394 W ClientMonitor: handlePreviewFrame() called for authenticate!
03-26 16:20:05.328  2256  5394 W ClientMonitor: handlePreviewFrame() called for authenticate!
03-26 16:20:05.361  1409  1783 I chatty  : uid=1000(system) InputReader expire 22 lines
03-26 16:20:05.366  2256  5394 W ClientMonitor: handlePreviewFrame() called for authenticate!
03-26 16:20:05.430  2256  5394 W ClientMonitor: handlePreviewFrame() called for authenticate!
03-26 16:20:05.495  2256  5394 W ClientMonitor: handlePreviewFrame() called for authenticate!
03-26 16:20:05.560  2256  5394 W ClientMonitor: handlePreviewFrame() called for authenticate!
03-26 16:20:05.583  1409  8241 I chatty  : uid=1000(system) Binder:1409_1F expire 1 line
03-26 16:20:05.901 17016  5453 W ContextImpl: Calling a method in the system process without a qualified user: android.app.ContextImpl.startService:1480 android.content.ContextWrapper.startService:650 filtratorsdk.adj.a:25 filtratorsdk.adq$1$2.run:84 <bottom of call stack> 
03-26 16:20:06.368  1409  1477 I chatty  : uid=1000(system) Binder:1409_2 expire 1 line
03-26 16:20:06.745  2256  5468 W ClientMonitor: handlePreviewFrame() called for authenticate!
03-26 16:20:07.579  2256  5468 I chatty  : uid=1000(system) com.meizu.facerecognition identical 47 lines
03-26 16:20:07.649  2256  5468 W ClientMonitor: handlePreviewFrame() called for authenticate!
03-26 16:20:07.666 17016  5490 W ContextImpl: Calling a method in the system process without a qualified user: android.app.ContextImpl.startService:1480 android.content.ContextWrapper.startService:650 filtratorsdk.ail.a:118 filtratorsdk.ail.a:62 filtratorsdk.ail$1.run:69 
03-26 16:20:07.689  2256  5468 W ClientMonitor: handlePreviewFrame() called for authenticate!
03-26 16:20:08.777  2256  5468 W ClientMonitor: handlePreviewFrame() called for authenticate!
03-26 16:20:08.844  2256  5468 W ClientMonitor: handlePreviewFrame() called for authenticate!
03-26 16:20:08.910  2256  5468 W ClientMonitor: handlePreviewFrame() called for authenticate!
03-26 16:20:09.099  1409  1523 I chatty  : uid=1000(system) PowerManagerSer expire 5 lines
03-26 16:20:09.099  1409  2242 I chatty  : uid=1000(system) PhotonicModulat expire 5 lines
03-26 16:20:09.249 17016  5507 W ContextImpl: Calling a method in the system process without a qualified user: android.app.ContextImpl.startService:1480 android.content.ContextWrapper.startService:650 filtratorsdk.adj.a:25 filtratorsdk.adq$1$2.run:84 <bottom of call stack> 
03-26 16:20:09.668  2256  5518 W ClientMonitor: handlePreviewFrame() called for authenticate!
03-26 16:20:09.966  2256  5518 I chatty  : uid=1000(system) com.meizu.facerecognition identical 13 lines
03-26 16:20:10.001  2256  5518 W ClientMonitor: handlePreviewFrame() called for authenticate!
03-26 16:20:10.033  2256  5518 W ClientMonitor: handlePreviewFrame() called for authenticate!
03-26 16:20:10.099  2256  5518 W ClientMonitor: handlePreviewFrame() called for authenticate!
03-26 16:20:10.113   975   975 I wificond: Enters wifigbk_ageOutHistory
03-26 16:20:10.115   975   975 I wificond: Enters wifigbk_ageOutHistory
03-26 16:20:10.125  3763  3763 W ContextImpl: Calling a method in the system process without a qualified user: android.app.ContextImpl.startService:1480 android.content.ContextWrapper.startService:650 android.content.ContextWrapper.startService:650 com.meizu.dataservice.ExperienceReceiver.a:64 com.meizu.dataservice.ExperienceReceiver.onReceive:46 
03-26 16:20:10.134  2256  5518 W ClientMonitor: handlePreviewFrame() called for authenticate!
03-26 16:20:10.300  2256  5518 W ClientMonitor: handlePreviewFrame() called for authenticate!
03-26 16:20:10.385  1409  1769 I chatty  : uid=1000(system) android.anim expire 3 lines
03-26 16:20:10.432  1409  2299 I chatty  : uid=1000(system) Binder:1409_4 expire 17 lines
03-26 16:20:10.465 17016  5602 W ContextImpl: Calling a method in the system process without a qualified user: android.app.ContextImpl.startService:1480 android.content.ContextWrapper.startService:650 android.content.ContextWrapper.startService:650 filtratorsdk.adj.a:25 com.meizu.networkmanager.boradcast.TrafficGlobalReceiver$2.run:277 
03-26 16:20:10.509 15650 15650 E SchedPolicy: set_timerslack_ns write failed: Operation not permitted
03-26 16:20:10.605 17016  5613 W ContextImpl: Calling a method in the system process without a qualified user: android.app.ContextImpl.startService:1480 android.content.ContextWrapper.startService:650 filtratorsdk.ail.a:118 filtratorsdk.ail.a:62 filtratorsdk.ail$1.run:69 
03-26 16:20:12.383 15650 15650 E SchedPolicy: set_timerslack_ns write failed: Operation not permitted
03-26 16:20:12.598  1409  1783 I chatty  : uid=1000(system) InputReader expire 25 lines
03-26 16:20:12.749  1409  1523 I chatty  : uid=1000(system) PowerManagerSer expire 13 lines
03-26 16:20:12.749  1409  2242 I chatty  : uid=1000(system) PhotonicModulat expire 13 lines
03-26 16:20:12.778  1409  1520 I chatty  : uid=1000(system) android.display expire 7 lines
03-26 16:20:12.941  1409  1501 I chatty  : uid=1000(system) android.ui expire 3 lines
03-26 16:20:13.024  1409  1409 I chatty  : uid=1000 system_server expire 9 lines
03-26 16:20:13.030  1409  2225 I chatty  : uid=1000(system) HBMController expire 5 lines
03-26 16:20:13.220 17016  5684 W ContextImpl: Calling a method in the system process without a qualified user: android.app.ContextImpl.startService:1480 android.content.ContextWrapper.startService:650 filtratorsdk.adj.a:25 filtratorsdk.adq$1$2.run:84 <bottom of call stack> 
03-26 16:20:13.244   975   975 I wificond: Enters wifigbk_ageOutHistory
03-26 16:20:13.245   975   975 I wificond: Enters wifigbk_ageOutHistory
03-26 16:20:13.261  3763  3763 W ContextImpl: Calling a method in the system process without a qualified user: android.app.ContextImpl.startService:1480 android.content.ContextWrapper.startService:650 android.content.ContextWrapper.startService:650 com.meizu.dataservice.ExperienceReceiver.a:64 com.meizu.dataservice.ExperienceReceiver.onReceive:46 
03-26 16:20:13.382  2256  5667 W ClientMonitor: handlePreviewFrame() called for authenticate!
03-26 16:20:13.553  1409  3188 I chatty  : uid=1000(system) Binder:1409_D expire 1 line
03-26 16:20:13.578 17016  5705 W ContextImpl: Calling a method in the system process without a qualified user: android.app.ContextImpl.startService:1480 android.content.ContextWrapper.startService:650 android.content.ContextWrapper.startService:650 filtratorsdk.adj.a:25 com.meizu.networkmanager.boradcast.TrafficGlobalReceiver$2.run:277 
03-26 16:20:14.526 17016  5716 W ContextImpl: Calling a method in the system process without a qualified user: android.app.ContextImpl.startService:1480 android.content.ContextWrapper.startService:650 filtratorsdk.ail.a:118 filtratorsdk.ail.a:62 filtratorsdk.ail$1.run:69 
03-26 16:20:15.191 17016  5758 W ContextImpl: Calling a method in the system process without a qualified user: android.app.ContextImpl.startService:1480 android.content.ContextWrapper.startService:650 filtratorsdk.adj.a:25 filtratorsdk.adq$1$2.run:84 <bottom of call stack> 
03-26 16:20:15.318  2256  5735 W ClientMonitor: handlePreviewFrame() called for authenticate!
03-26 16:20:16.522  2256  5735 I chatty  : uid=1000(system) com.meizu.facerecognition identical 126 lines
03-26 16:20:16.549  2256  5735 W ClientMonitor: handlePreviewFrame() called for authenticate!
03-26 16:20:16.557 17016  5781 W ContextImpl: Calling a method in the system process without a qualified user: android.app.ContextImpl.startService:1480 android.content.ContextWrapper.startService:650 filtratorsdk.ail.a:118 filtratorsdk.ail.a:62 filtratorsdk.ail$1.run:69 
03-26 16:20:16.584  2256  5735 W ClientMonitor: handlePreviewFrame() called for authenticate!
03-26 16:20:16.948  2256  5735 W ClientMonitor: handlePreviewFrame() called for authenticate!
03-26 16:20:16.972   975   975 I wificond: Enters wifigbk_ageOutHistory
03-26 16:20:16.973   975   975 I wificond: Enters wifigbk_ageOutHistory
03-26 16:20:17.002  3763  3763 W ContextImpl: Calling a method in the system process without a qualified user: android.app.ContextImpl.startService:1480 android.content.ContextWrapper.startService:650 android.content.ContextWrapper.startService:650 com.meizu.dataservice.ExperienceReceiver.a:64 com.meizu.dataservice.ExperienceReceiver.onReceive:46 
03-26 16:20:17.017  2256  5735 W ClientMonitor: handlePreviewFrame() called for authenticate!
03-26 16:20:20.315  2256  5735 W ClientMonitor: handlePreviewFrame() called for authenticate!
03-26 16:20:20.382  2256  5735 W ClientMonitor: handlePreviewFrame() called for authenticate!
03-26 16:20:20.518  2256  5735 W ClientMonitor: handlePreviewFrame() called for authenticate!
03-26 16:20:20.826 17016  5806 W ContextImpl: Calling a method in the system process without a qualified user: android.app.ContextImpl.startService:1480 android.content.ContextWrapper.startService:650 filtratorsdk.adj.a:25 filtratorsdk.adq$1$2.run:84 <bottom of call stack> 
03-26 16:20:34.720  1409  8241 I chatty  : uid=1000(system) Binder:1409_1F expire 5 lines
03-26 16:20:57.751  1409  1509 I chatty  : uid=1000(system) batterystats-wo expire 10 lines
03-26 16:21:40.246  3104  3104 E ActivityThread: Failed to find provider info for com.flyme.systemuitools.gameassiant.model.GameSDKContentProvider
03-26 16:21:40.250  3104  3104 I chatty  : uid=10043(com.flyme.systemuiex) com.flyme.systemuitools identical 2 lines
03-26 16:21:40.252  3104  3104 E ActivityThread: Failed to find provider info for com.flyme.systemuitools.gameassiant.model.GameSDKContentProvider
03-26 16:23:24.714 17016  5829 W ContextImpl: Calling a method in the system process without a qualified user: android.app.ContextImpl.startService:1480 android.content.ContextWrapper.startService:650 filtratorsdk.ail.a:118 filtratorsdk.ail.a:62 filtratorsdk.ail$1.run:69 
03-26 16:23:24.738  1409  1509 I chatty  : uid=1000(system) batterystats-wo expire 15 lines
03-26 16:25:10.238  1409  7830 I chatty  : uid=1000(system) Binder:1409_18 expire 1 line
03-26 16:25:28.887  1409  1783 I chatty  : uid=1000(system) InputReader expire 14 lines
03-26 16:27:37.442  1409  1475 I chatty  : uid=1000(system) Binder:1409_1 expire 4 lines
03-26 16:27:37.506  1409  7835 I chatty  : uid=1000(system) Binder:1409_1A expire 3 lines
03-26 16:27:59.594  3104  3104 I DDI     : writeDisplayFile /sys/class/meizu/lcm/display/doze_s2 mode 1
03-26 16:28:05.697  1409  1509 I chatty  : uid=1000(system) batterystats-wo expire 7 lines
03-26 16:29:58.212  1409  1523 I chatty  : uid=1000(system) PowerManagerSer expire 3 lines
03-26 16:29:58.216  1409  2242 I chatty  : uid=1000(system) PhotonicModulat expire 2 lines
03-26 16:29:58.651  2256  5869 W ClientMonitor: handlePreviewFrame() called for authenticate!
03-26 16:29:58.717  2256  5869 I chatty  : uid=1000(system) com.meizu.facerecognition identical 1 line
03-26 16:29:58.784  2256  5869 W ClientMonitor: handlePreviewFrame() called for authenticate!
03-26 16:29:58.958  1409  2562 I chatty  : uid=1000(system) Binder:1409_B expire 1 line
03-26 16:29:58.991 17016  5906 W ContextImpl: Calling a method in the system process without a qualified user: android.app.ContextImpl.startService:1480 android.content.ContextWrapper.startService:650 android.content.ContextWrapper.startService:650 filtratorsdk.adj.a:25 com.meizu.networkmanager.boradcast.TrafficGlobalReceiver$2.run:277 
03-26 16:29:59.552 17016  5914 W ContextImpl: Calling a method in the system process without a qualified user: android.app.ContextImpl.startService:1480 android.content.ContextWrapper.startService:650 filtratorsdk.ail.a:118 filtratorsdk.ail.a:62 filtratorsdk.ail$1.run:69 
03-26 16:30:01.818  1409  2561 I chatty  : uid=1000(system) Binder:1409_A expire 1 line
03-26 16:30:01.830  1409  1769 I chatty  : uid=1000(system) android.anim expire 6 lines
03-26 16:30:01.954  1409 14847 I chatty  : uid=1000(system) Binder:1409_20 expire 7 lines
03-26 16:30:02.027   975   975 I wificond: Enters wifigbk_ageOutHistory
03-26 16:30:02.029   975   975 I wificond: Enters wifigbk_ageOutHistory
03-26 16:30:02.035  3763  3763 W ContextImpl: Calling a method in the system process without a qualified user: android.app.ContextImpl.startService:1480 android.content.ContextWrapper.startService:650 android.content.ContextWrapper.startService:650 com.meizu.dataservice.ExperienceReceiver.a:64 com.meizu.dataservice.ExperienceReceiver.onReceive:46 
03-26 16:30:02.087  1409  1499 I chatty  : uid=1000(system) android.bg expire 2 lines
03-26 16:30:05.920  1409  2243 I chatty  : uid=1000(system) LazyTaskWriterT expire 3 lines
03-26 16:31:34.945  1409  2240 I chatty  : uid=1000(system) TaskSnapshotPer expire 1 line
03-26 16:31:47.750  1409  3348 I chatty  : uid=1000(system) Binder:1409_11 expire 1 line
03-26 16:31:52.967  1409  1691 I chatty  : uid=1000(system) HwBinder:1409_1 expire 1 line
03-26 16:31:52.967  1409  1518 I chatty  : uid=1000(system) android.fg expire 1 line
03-26 16:31:53.009  3763  3763 W ContextImpl: Calling a method in the system process without a qualified user: android.app.ContextImpl.startService:1480 android.content.ContextWrapper.startService:650 android.content.ContextWrapper.startService:650 com.meizu.dataservice.ExperienceReceiver.b:71 com.meizu.dataservice.ExperienceReceiver.onReceive:50 
03-26 16:31:53.067  1409  2299 I chatty  : uid=1000(system) Binder:1409_4 expire 7 lines
03-26 16:31:53.107  1409  1783 I chatty  : uid=1000(system) InputReader expire 42 lines
03-26 16:31:53.323 17016 17016 W ContextImpl: Calling a method in the system process without a qualified user: android.app.ContextImpl.startService:1480 android.content.ContextWrapper.startService:650 android.content.ContextWrapper.startService:650 com.meizu.safe.blockService.receiver.PowerConnectionReceiver.onReceive:35 android.app.ActivityThread.handleReceiver:3383 
03-26 16:31:53.325 17016 17016 W ContextImpl: Calling a method in the system process without a qualified user: android.app.ContextImpl.startService:1480 android.content.ContextWrapper.startService:650 android.content.ContextWrapper.startService:650 com.meizu.safe.blockService.receiver.PowerConnectionReceiver.onReceive:37 android.app.ActivityThread.handleReceiver:3383 
03-26 16:31:53.346  1409  1500 I chatty  : uid=1000(system) ActivityManager expire 6 lines
03-26 16:31:54.148  1409 18160 I chatty  : uid=1000(system) HwBinder:1409_5 expire 3 lines
03-26 16:31:55.358  1409  7828 I chatty  : uid=1000(system) Binder:1409_17 expire 5 lines
03-26 16:31:55.372  1409  8238 I chatty  : uid=1000(system) Binder:1409_1C expire 10 lines
03-26 16:31:55.425  3104  3104 E ActivityThread: Failed to find provider info for com.flyme.systemuitools.gameassiant.model.GameSDKContentProvider
03-26 16:31:55.427  3104  3104 E ActivityThread: Failed to find provider info for com.flyme.systemuitools.gameassiant.model.GameSDKContentProvider
03-26 16:31:55.428 15650 15650 E SchedPolicy: set_timerslack_ns write failed: Operation not permitted
03-26 16:31:55.642 15650 15650 I chatty  : uid=10117(com.tencent.mm) identical 1 line
03-26 16:31:55.714 15650 15650 E SchedPolicy: set_timerslack_ns write failed: Operation not permitted
03-26 16:31:59.611  6094  6094 E ActivityThread: Failed to find provider info for com.tencent.mm.coolassist.debugprovider
03-26 16:32:01.372  6094  6186 W FileUtils: Failed to chmod(/data/user/0/com.tencent.mobileqq/app_tbs): android.system.ErrnoException: chmod failed: EACCES (Permission denied)
03-26 16:32:01.373  6094  6186 W FileUtils: Failed to chmod(/data/user/0/com.tencent.mobileqq/app_tbs_common_share): android.system.ErrnoException: chmod failed: EACCES (Permission denied)
03-26 16:32:01.462  1409  7836 I chatty  : uid=1000(system) Binder:1409_1B expire 3 lines
03-26 16:32:02.306  6210  6210 E ActivityThread: Failed to find provider info for com.tencent.mm.coolassist.debugprovider
03-26 16:32:04.025  1409  8240 I chatty  : uid=1000(system) Binder:1409_1E expire 13 lines
03-26 16:32:05.393  1409  1783 I chatty  : uid=1000(system) InputReader expire 90 lines
03-26 16:32:05.396  1409  7828 I chatty  : uid=1000(system) Binder:1409_17 expire 16 lines
03-26 16:32:06.074  1409  8238 I chatty  : uid=1000(system) Binder:1409_1C expire 10 lines
03-26 16:32:07.681  1409  7836 I chatty  : uid=1000(system) Binder:1409_1B expire 18 lines
03-26 16:32:18.737  1409  2240 I chatty  : uid=1000(system) TaskSnapshotPer expire 2 lines
03-26 16:32:18.804  3351  3351 W ViewRootImpl[Launcher]: Cancelling event due to no window focus: KeyEvent { action=ACTION_UP, keyCode=KEYCODE_BACK, scanCode=0, metaState=0, flags=0x28, repeatCount=0, eventTime=332423920, downTime=332423920, deviceId=-1, source=0x101 }
03-26 16:32:18.804  3351  3351 I chatty  : uid=10021(com.meizu.flyme.launcher) identical 7 lines
03-26 16:32:18.804  3351  3351 W ViewRootImpl[Launcher]: Cancelling event due to no window focus: KeyEvent { action=ACTION_UP, keyCode=KEYCODE_BACK, scanCode=0, metaState=0, flags=0x28, repeatCount=0, eventTime=332423920, downTime=332423920, deviceId=-1, source=0x101 }
03-26 16:32:19.603 15650 15650 E SchedPolicy: set_timerslack_ns write failed: Operation not permitted
03-26 16:32:20.347  1409  1783 I chatty  : uid=1000(system) InputReader expire 8 lines
03-26 16:32:21.687  1409  7836 I chatty  : uid=1000(system) Binder:1409_1B expire 3 lines
03-26 16:32:21.700  1409  7828 I chatty  : uid=1000(system) Binder:1409_17 expire 6 lines
03-26 16:32:21.702  1409  1769 I chatty  : uid=1000(system) android.anim expire 12 lines
03-26 16:32:21.830 30802  6490 E ActivityThread: Failed to find provider info for com.qti.smq.qualcommFeedback.provider
03-26 16:32:22.513  1409  1518 I chatty  : uid=1000(system) android.fg expire 11 lines
03-26 16:32:23.463 30802  6527 W ContextImpl: Calling a method in the system process without a qualified user: android.app.ContextImpl.bindService:1560 android.content.ContextWrapper.bindService:684 com.meizu.statsapp.v3.lib.plugin.emitter.remote.V3RemoteServiceRequester.bindRemoteService:241 com.meizu.statsapp.v3.lib.plugin.emitter.remote.V3RemoteServiceRequester.emitterUpdateConfig:150 com.meizu.statsapp.v3.lib.plugin.emitter.remote.V3OfflineEmitter$1.run:84 
03-26 16:32:25.769  1409  2243 I chatty  : uid=1000(system) LazyTaskWriterT expire 1 line
03-26 16:32:31.449  1409  1532 I chatty  : uid=1000(system) PackageManager expire 22 lines
03-26 16:32:31.720  1409  1500 I chatty  : uid=1000(system) ActivityManager expire 11 lines
03-26 16:32:31.809  6586  6586 W ContextImpl: Calling a method in the system process without a qualified user: android.app.ContextImpl.startService:1480 android.content.ContextWrapper.startService:650 android.content.ContextWrapper.startService:650 com.qualcomm.qti.seemp.service.SeempBroadcastReceiver.onReceive:56 android.app.ActivityThread.handleReceiver:3383 
03-26 16:32:31.880  1409  1520 I chatty  : uid=1000(system) android.display expire 1 line
03-26 16:32:33.459  1409  1409 I chatty  : uid=1000 system_server expire 3 lines
03-26 16:32:33.462  1409  7830 I chatty  : uid=1000(system) Binder:1409_18 expire 4 lines
03-26 16:32:33.579  1409  1499 I chatty  : uid=1000(system) android.bg expire 2 lines
03-26 16:32:33.640  1409  2299 I chatty  : uid=1000(system) Binder:1409_4 expire 1 line
03-26 16:32:33.684  1409  3302 I chatty  : uid=1000(system) Binder:1409_E expire 2 lines
03-26 16:32:33.706  1409  2495 I chatty  : uid=1000(system) Binder:1409_6 expire 6 lines
03-26 16:32:34.304  1409  3302 I chatty  : uid=1000(system) Binder:1409_E expire 14 lines
03-26 16:32:34.342  1409  7836 I chatty  : uid=1000(system) Binder:1409_1B expire 1 line
03-26 16:32:34.344  1409  7554 I chatty  : uid=1000(system) Binder:1409_16 expire 11 lines
03-26 16:32:34.347  1409  1769 I chatty  : uid=1000(system) android.anim expire 26 lines
03-26 16:32:34.363  1409  2240 I chatty  : uid=1000(system) TaskSnapshotPer expire 5 lines
03-26 16:32:34.371  1409  6820 I chatty  : uid=1000 system_server expire 1 line
03-26 16:32:35.105  3104  3104 E ActivityThread: Failed to find provider info for com.flyme.systemuitools.gameassiant.model.GameSDKContentProvider
03-26 16:32:35.106  3104  3104 I chatty  : uid=10043(com.flyme.systemuiex) com.flyme.systemuitools identical 2 lines
03-26 16:32:35.107  3104  3104 E ActivityThread: Failed to find provider info for com.flyme.systemuitools.gameassiant.model.GameSDKContentProvider
03-26 16:32:36.493  1409  1783 I chatty  : uid=1000(system) InputReader expire 17 lines
03-26 16:32:36.783  3104  3104 E ActivityThread: Failed to find provider info for com.flyme.systemuitools.gameassiant.model.GameSDKContentProvider
03-26 16:32:36.797  3104  3104 E ActivityThread: Failed to find provider info for com.flyme.systemuitools.gameassiant.model.GameSDKContentProvider
03-26 16:32:37.811  1409  2243 I chatty  : uid=1000(system) LazyTaskWriterT expire 4 lines
03-26 16:32:38.836  1409  8240 I chatty  : uid=1000(system) Binder:1409_1E expire 9 lines
03-26 16:32:39.183  1409  7830 I chatty  : uid=1000(system) Binder:1409_18 expire 5 lines
03-26 16:32:39.197  1409  1520 I chatty  : uid=1000(system) android.display expire 6 lines
03-26 16:32:39.215  1409  6882 I chatty  : uid=1000 system_server expire 1 line
03-26 16:32:48.721  1409  1500 I chatty  : uid=1000(system) ActivityManager expire 9 lines
03-26 16:33:51.894  1409  2206 I chatty  : uid=1000(system) Binder:1409_3 expire 6 lines
03-26 16:33:55.143  1409  1532 I chatty  : uid=1000(system) PackageManager expire 19 lines
03-26 16:33:55.423  6938  6938 W ContextImpl: Calling a method in the system process without a qualified user: android.app.ContextImpl.startService:1480 android.content.ContextWrapper.startService:650 android.content.ContextWrapper.startService:650 com.qualcomm.qti.seemp.service.SeempBroadcastReceiver.onReceive:56 android.app.ActivityThread.handleReceiver:3383 
03-26 16:33:55.468  1409  3302 I chatty  : uid=1000(system) Binder:1409_E expire 7 lines
03-26 16:33:57.180  1409  1499 I chatty  : uid=1000(system) android.bg expire 3 lines
03-26 16:33:57.189  1409  8241 I chatty  : uid=1000(system) Binder:1409_1F expire 3 lines
03-26 16:33:57.444  1409  2342 I chatty  : uid=1000(system) Binder:1409_5 expire 4 lines
03-26 16:33:57.730  1409  3187 I chatty  : uid=1000(system) Binder:1409_C expire 1 line
03-26 16:33:58.101  1409  4095 I chatty  : uid=1000(system) Binder:1409_15 expire 2 lines
03-26 16:33:58.118  1409  7058 I chatty  : uid=1000 system_server expire 1 line
03-26 16:34:17.494  1409  1477 I chatty  : uid=1000(system) Binder:1409_2 expire 10 lines
03-26 16:34:17.519  1409  3379 I chatty  : uid=1000(system) Binder:1409_12 expire 5 lines
03-26 16:34:17.564  1409  7118 I chatty  : uid=1000 system_server expire 1 line
03-26 16:34:19.530  1409  7834 I chatty  : uid=1000(system) Binder:1409_19 expire 10 lines
03-26 16:34:19.568  1409  7163 I chatty  : uid=1000 system_server expire 1 line
03-26 16:35:00.754  1409  1523 I chatty  : uid=1000(system) PowerManagerSer expire 3 lines
03-26 16:35:00.754  1409  2242 I chatty  : uid=1000(system) PhotonicModulat expire 3 lines
03-26 16:35:01.159  1409  1409 I chatty  : uid=1000 system_server expire 4 lines
03-26 16:35:01.332 17016  7205 W ContextImpl: Calling a method in the system process without a qualified user: android.app.ContextImpl.startService:1480 android.content.ContextWrapper.startService:650 filtratorsdk.adj.a:25 filtratorsdk.adq$1$2.run:84 <bottom of call stack> 
03-26 16:35:05.545  7275  7275 E ActivityThread: Service meizu.picker.ocr.service.OCRMessengerService has leaked ServiceConnection aao$1@a975691 that was originally bound here
03-26 16:35:05.545  7275  7275 E ActivityThread: android.app.ServiceConnectionLeaked: Service meizu.picker.ocr.service.OCRMessengerService has leaked ServiceConnection aao$1@a975691 that was originally bound here
03-26 16:35:05.545  7275  7275 E ActivityThread: 	at android.app.LoadedApk$ServiceDispatcher.<init>(LoadedApk.java:1536)
03-26 16:35:05.545  7275  7275 E ActivityThread: 	at android.app.LoadedApk.getServiceDispatcher(LoadedApk.java:1428)
03-26 16:35:05.545  7275  7275 E ActivityThread: 	at android.app.ContextImpl.bindServiceCommon(ContextImpl.java:1609)
03-26 16:35:05.545  7275  7275 E ActivityThread: 	at android.app.ContextImpl.bindService(ContextImpl.java:1561)
03-26 16:35:05.545  7275  7275 E ActivityThread: 	at android.content.ContextWrapper.bindService(ContextWrapper.java:684)
03-26 16:35:05.545  7275  7275 E ActivityThread: 	at aao.a(Unknown Source:40)
03-26 16:35:05.545  7275  7275 E ActivityThread: 	at meizu.picker.ocr.service.OCRMessengerService$3.a(Unknown Source:2)
03-26 16:35:05.545  7275  7275 E ActivityThread: 	at meizu.picker.ocr.service.OCRMessengerService$3.a(Unknown Source:2)
03-26 16:35:05.545  7275  7275 E ActivityThread: 	at axl$a.a(Unknown Source:2)
03-26 16:35:05.545  7275  7275 E ActivityThread: 	at ayn$d.a(Unknown Source:51)
03-26 16:35:05.545  7275  7275 E ActivityThread: 	at axq$a$1.a(Unknown Source:32)
03-26 16:35:05.545  7275  7275 E ActivityThread: 	at awn.a(Unknown Source:40)
03-26 16:35:05.545  7275  7275 E ActivityThread: 	at awn.a(Unknown Source:25)
03-26 16:35:05.545  7275  7275 E ActivityThread: 	at axq$a.a(Unknown Source:7)
03-26 16:35:05.545  7275  7275 E ActivityThread: 	at axl$a.a(Unknown Source:2)
03-26 16:35:05.545  7275  7275 E ActivityThread: 	at ayn$a.a(Unknown Source:6)
03-26 16:35:05.545  7275  7275 E ActivityThread: 	at ayn$a.a(Unknown Source:2)
03-26 16:35:05.545  7275  7275 E ActivityThread: 	at awh.a(Unknown Source:9)
03-26 16:35:05.545  7275  7275 E ActivityThread: 	at axl.a(Unknown Source:12)
03-26 16:35:05.545  7275  7275 E ActivityThread: 	at axl.a(Unknown Source:2)
03-26 16:35:05.545  7275  7275 E ActivityThread: 	at awh.a(Unknown Source:9)
03-26 16:35:05.545  7275  7275 E ActivityThread: 	at axq$a.c(Unknown Source:11)
03-26 16:35:05.545  7275  7275 E ActivityThread: 	at ayb.run(Unknown Source:9)
03-26 16:35:05.545  7275  7275 E ActivityThread: 	at java.util.concurrent.Executors$RunnableAdapter.call(Executors.java:457)
03-26 16:35:05.545  7275  7275 E ActivityThread: 	at java.util.concurrent.FutureTask.run(FutureTask.java:266)
03-26 16:35:05.545  7275  7275 E ActivityThread: 	at java.util.concurrent.ScheduledThreadPoolExecutor$ScheduledFutureTask.run(ScheduledThreadPoolExecutor.java:301)
03-26 16:35:05.545  7275  7275 E ActivityThread: 	at java.util.concurrent.ThreadPoolExecutor.runWorker(ThreadPoolExecutor.java:1162)
03-26 16:35:05.545  7275  7275 E ActivityThread: 	at java.util.concurrent.ThreadPoolExecutor$Worker.run(ThreadPoolExecutor.java:636)
03-26 16:35:05.545  7275  7275 E ActivityThread: 	at java.lang.Thread.run(Thread.java:764)
03-26 16:35:18.848  3425  7263 W PackageParser: Unknown element under <manifest>: meta-data at /storage/emulated/0/Download/AppCenter/Apk/com.ss.android.ugc.aweme_551.apk.dat Binary XML file line #91
03-26 16:35:20.842  1409  1532 I chatty  : uid=1000(system) PackageManager expire 12 lines
03-26 16:35:21.110  7315  7315 W ContextImpl: Calling a method in the system process without a qualified user: android.app.ContextImpl.startService:1480 android.content.ContextWrapper.startService:650 android.content.ContextWrapper.startService:650 com.qualcomm.qti.seemp.service.SeempBroadcastReceiver.onReceive:56 android.app.ActivityThread.handleReceiver:3383 
03-26 16:35:21.929  1409  3302 I chatty  : uid=1000(system) Binder:1409_E expire 11 lines
03-26 16:35:28.776  1409  2299 I chatty  : uid=1000(system) Binder:1409_4 expire 4 lines
03-26 16:35:28.837  1409  1499 I chatty  : uid=1000(system) android.bg expire 5 lines
03-26 16:35:45.133   992   992 E TLOC    : [TLOCChannel]"Can't receive message due to timeout"
03-26 16:35:45.134   992   992 I TLOC    : [TLOCDaemon ]"timeout passed - start periodic warm-up"
03-26 16:35:45.136   992   992 I TLOC    : [ModemComm  ]"Start a session successfully"
03-26 16:35:51.936  1409  7834 I chatty  : uid=1000(system) Binder:1409_19 expire 12 lines
03-26 16:36:05.136   992   992 E TLOC    : [TLOCChannel]"Can't receive message due to timeout"
03-26 16:36:05.137   992   992 I TLOC    : [TLOCDaemon ]"timeout passed with no location fix - close the session"
03-26 16:36:05.138   992   992 I TLOC    : [ModemComm  ]"Stopped the session successfully"
03-26 16:36:05.139   992  1283 I TLOC    : [Modem      ]"Received event indication of position report with status USER_END"
03-26 16:36:21.946  1409  3187 I chatty  : uid=1000(system) Binder:1409_C expire 2 lines
03-26 16:37:01.029  1409  1409 I chatty  : uid=1000 system_server expire 6 lines
03-26 16:37:16.082  1409  1783 I chatty  : uid=1000(system) InputReader expire 13 lines
03-26 16:37:16.092  1409  2561 I chatty  : uid=1000(system) Binder:1409_A expire 11 lines
03-26 16:37:16.095  1409  1523 I chatty  : uid=1000(system) PowerManagerSer expire 10 lines
03-26 16:37:16.096  1409  1501 I chatty  : uid=1000(system) android.ui expire 2 lines
03-26 16:37:16.096  1409  2225 I chatty  : uid=1000(system) HBMController expire 4 lines
03-26 16:37:16.099  1409  2242 I chatty  : uid=1000(system) PhotonicModulat expire 10 lines
03-26 16:37:16.103  1409  1520 I chatty  : uid=1000(system) android.display expire 6 lines
03-26 16:37:16.520  2256  7469 W ClientMonitor: handlePreviewFrame() called for authenticate!
03-26 16:37:17.153  2256  7469 I chatty  : uid=1000(system) com.meizu.facerecognition identical 19 lines
03-26 16:37:17.190  2256  7469 W ClientMonitor: handlePreviewFrame() called for authenticate!
03-26 16:37:17.416 17016  7517 W ContextImpl: Calling a method in the system process without a qualified user: android.app.ContextImpl.startService:1480 android.content.ContextWrapper.startService:650 android.content.ContextWrapper.startService:650 filtratorsdk.adj.a:25 com.meizu.networkmanager.boradcast.TrafficGlobalReceiver$2.run:277 
03-26 16:37:17.429 17016  7518 W ContextImpl: Calling a method in the system process without a qualified user: android.app.ContextImpl.startService:1480 android.content.ContextWrapper.startService:650 filtratorsdk.ail.a:118 filtratorsdk.ail.a:62 filtratorsdk.ail$1.run:69 
03-26 16:37:19.865   975   975 I wificond: Enters wifigbk_ageOutHistory
03-26 16:37:19.875   975   975 I wificond: Enters wifigbk_ageOutHistory
03-26 16:37:19.905  3763  3763 W ContextImpl: Calling a method in the system process without a qualified user: android.app.ContextImpl.startService:1480 android.content.ContextWrapper.startService:650 android.content.ContextWrapper.startService:650 com.meizu.dataservice.ExperienceReceiver.a:64 com.meizu.dataservice.ExperienceReceiver.onReceive:46 
03-26 16:37:20.032  1409  2537 I chatty  : uid=1000(system) Binder:1409_9 expire 5 lines
03-26 16:37:20.055  1409  1769 I chatty  : uid=1000(system) android.anim expire 9 lines
03-26 16:37:20.268 15650 15650 E SchedPolicy: set_timerslack_ns write failed: Operation not permitted
03-26 16:37:21.412 15650 15650 E SchedPolicy: set_timerslack_ns write failed: Operation not permitted
03-26 16:37:21.832 15650 15650 E SchedPolicy: set_timerslack_ns write failed: Operation not permitted
03-26 16:37:23.124  1409  2243 I chatty  : uid=1000(system) LazyTaskWriterT expire 2 lines
03-26 16:39:22.664  1409  2240 I chatty  : uid=1000(system) TaskSnapshotPer expire 2 lines
03-26 16:39:23.504 15650 15650 E SchedPolicy: set_timerslack_ns write failed: Operation not permitted
03-26 16:39:24.267 17016  7601 W ContextImpl: Calling a method in the system process without a qualified user: android.app.ContextImpl.startService:1480 android.content.ContextWrapper.startService:650 filtratorsdk.adj.a:25 filtratorsdk.adq$1$2.run:84 <bottom of call stack> 
03-26 16:40:22.035  1409  3188 I chatty  : uid=1000(system) Binder:1409_D expire 5 lines
03-26 16:40:30.443  1409  1509 I chatty  : uid=1000(system) batterystats-wo expire 5 lines
03-26 16:41:05.669  1409  1783 I chatty  : uid=1000(system) InputReader expire 32 lines
03-26 16:41:05.814  1409  1532 I chatty  : uid=1000(system) PackageManager expire 19 lines
03-26 16:41:05.963  1409  1500 I chatty  : uid=1000(system) ActivityManager expire 4 lines
03-26 16:41:05.983  7694  7694 W ContextImpl: Calling a method in the system process without a qualified user: android.app.ContextImpl.startService:1480 android.content.ContextWrapper.startService:650 android.content.ContextWrapper.startService:650 com.qualcomm.qti.seemp.service.SeempBroadcastReceiver.onReceive:56 android.app.ActivityThread.handleReceiver:3383 
03-26 16:41:06.075  2256  7676 W ClientMonitor: handlePreviewFrame() called for authenticate!
03-26 16:41:06.107  2256  7676 W ClientMonitor: handlePreviewFrame() called for authenticate!
03-26 16:41:06.306  2256  7676 I chatty  : uid=1000(system) com.meizu.facerecognition identical 26 lines
03-26 16:41:06.342  2256  7676 W ClientMonitor: handlePreviewFrame() called for authenticate!
03-26 16:41:06.374  2256  7676 W ClientMonitor: handlePreviewFrame() called for authenticate!
03-26 16:41:06.973  2256  7676 W ClientMonitor: handlePreviewFrame() called for authenticate!
03-26 16:41:07.017  2256  7676 W ClientMonitor: handlePreviewFrame() called for authenticate!
03-26 16:41:07.022 17016  7737 W ContextImpl: Calling a method in the system process without a qualified user: android.app.ContextImpl.startService:1480 android.content.ContextWrapper.startService:650 filtratorsdk.ail.a:118 filtratorsdk.ail.a:62 filtratorsdk.ail$1.run:69 
03-26 16:41:07.040  2256  7676 W ClientMonitor: handlePreviewFrame() called for authenticate!
03-26 16:41:07.206  2256  7676 W ClientMonitor: handlePreviewFrame() called for authenticate!
03-26 16:41:07.240  1409  2342 I chatty  : uid=1000(system) Binder:1409_5 expire 21 lines
03-26 16:41:07.264  2256  7676 W ClientMonitor: handlePreviewFrame() called for authenticate!
03-26 16:41:07.341  2256  7676 W ClientMonitor: handlePreviewFrame() called for authenticate!
03-26 16:41:07.372  2256  7676 W ClientMonitor: handlePreviewFrame() called for authenticate!
03-26 16:41:07.408  2256  7676 W ClientMonitor: handlePreviewFrame() called for authenticate!
03-26 16:41:07.439  2256  7676 W ClientMonitor: handlePreviewFrame() called for authenticate!
03-26 16:41:07.474  2256  7676 W ClientMonitor: handlePreviewFrame() called for authenticate!
03-26 16:41:07.508  2256  7676 W ClientMonitor: handlePreviewFrame() called for authenticate!
03-26 16:41:07.539  2256  7676 W ClientMonitor: handlePreviewFrame() called for authenticate!
03-26 16:41:07.572  2256  7676 W ClientMonitor: handlePreviewFrame() called for authenticate!
03-26 16:41:07.606  2256  7676 W ClientMonitor: handlePreviewFrame() called for authenticate!
03-26 16:41:07.674  2256  7676 W ClientMonitor: handlePreviewFrame() called for authenticate!
03-26 16:41:07.706  2256  7676 W ClientMonitor: handlePreviewFrame() called for authenticate!
03-26 16:41:09.065 17016  7858 W ContextImpl: Calling a method in the system process without a qualified user: android.app.ContextImpl.startService:1480 android.content.ContextWrapper.startService:650 android.content.ContextWrapper.startService:650 filtratorsdk.adj.a:25 com.meizu.networkmanager.boradcast.TrafficGlobalReceiver$2.run:277 
03-26 16:41:09.538   975   975 I wificond: Enters wifigbk_ageOutHistory
03-26 16:41:09.538   975   975 I wificond: Enters wifigbk_ageOutHistory
03-26 16:41:09.544  3763  3763 W ContextImpl: Calling a method in the system process without a qualified user: android.app.ContextImpl.startService:1480 android.content.ContextWrapper.startService:650 android.content.ContextWrapper.startService:650 com.meizu.dataservice.ExperienceReceiver.a:64 com.meizu.dataservice.ExperienceReceiver.onReceive:46 
03-26 16:41:29.274  1409  1523 I chatty  : uid=1000(system) PowerManagerSer expire 3 lines
03-26 16:41:29.865 17016  7939 W ContextImpl: Calling a method in the system process without a qualified user: android.app.ContextImpl.startService:1480 android.content.ContextWrapper.startService:650 filtratorsdk.adj.a:25 filtratorsdk.adq$1$2.run:84 <bottom of call stack> 
03-26 16:42:46.682  3104  3104 E ActivityThread: Failed to find provider info for com.flyme.systemuitools.gameassiant.model.GameSDKContentProvider
03-26 16:42:46.684  3104  3104 I chatty  : uid=10043(com.flyme.systemuiex) com.flyme.systemuitools identical 3 lines
03-26 16:42:46.685  3104  3104 E ActivityThread: Failed to find provider info for com.flyme.systemuitools.gameassiant.model.GameSDKContentProvider
03-26 16:42:52.089  1409  3302 I chatty  : uid=1000(system) Binder:1409_E expire 2 lines
03-26 16:43:03.730  3104  3104 E ActivityThread: Failed to find provider info for com.flyme.systemuitools.gameassiant.model.GameSDKContentProvider
03-26 16:43:03.734  3104  3104 E ActivityThread: Failed to find provider info for com.flyme.systemuitools.gameassiant.model.GameSDKContentProvider
03-26 16:43:22.102  1409  3379 I chatty  : uid=1000(system) Binder:1409_12 expire 2 lines
03-26 16:43:25.466  3104  3104 E ActivityThread: Failed to find provider info for com.flyme.systemuitools.gameassiant.model.GameSDKContentProvider
03-26 16:43:25.468  3104  3104 E ActivityThread: Failed to find provider info for com.flyme.systemuitools.gameassiant.model.GameSDKContentProvider
03-26 16:43:52.115  1409  7834 I chatty  : uid=1000(system) Binder:1409_19 expire 12 lines
03-26 16:44:05.499  1409  1509 I chatty  : uid=1000(system) batterystats-wo expire 1 line
03-26 16:44:22.127  1409  3188 I chatty  : uid=1000(system) Binder:1409_D expire 11 lines
03-26 16:44:31.200 17016  8020 W ContextImpl: Calling a method in the system process without a qualified user: android.app.ContextImpl.startService:1480 android.content.ContextWrapper.startService:650 filtratorsdk.ail.a:118 filtratorsdk.ail.a:62 filtratorsdk.ail$1.run:69 
03-26 16:45:22.153  1409  2561 I chatty  : uid=1000(system) Binder:1409_A expire 11 lines
03-26 16:46:00.669  1409  1783 I chatty  : uid=1000(system) InputReader expire 37 lines
03-26 16:46:00.683  1409  1523 I chatty  : uid=1000(system) PowerManagerSer expire 9 lines
03-26 16:46:00.683  1409  1501 I chatty  : uid=1000(system) android.ui expire 2 lines
03-26 16:46:00.684  1409  2225 I chatty  : uid=1000(system) HBMController expire 4 lines
03-26 16:46:00.685  1409  2242 I chatty  : uid=1000(system) PhotonicModulat expire 7 lines
03-26 16:46:00.687  1409  1520 I chatty  : uid=1000(system) android.display expire 4 lines
03-26 16:46:01.095  2256  8039 W ClientMonitor: handlePreviewFrame() called for authenticate!
03-26 16:46:01.358  2256  8039 I chatty  : uid=1000(system) com.meizu.facerecognition identical 5 lines
03-26 16:46:01.428  2256  8039 W ClientMonitor: handlePreviewFrame() called for authenticate!
03-26 16:46:01.439  1409  1769 I chatty  : uid=1000(system) android.anim expire 12 lines
03-26 16:46:01.493  1409  1409 I chatty  : uid=1000 system_server expire 6 lines
03-26 16:46:01.494  1409  3302 I chatty  : uid=1000(system) Binder:1409_E expire 12 lines
03-26 16:46:01.545 17016  8066 W ContextImpl: Calling a method in the system process without a qualified user: android.app.ContextImpl.startService:1480 android.content.ContextWrapper.startService:650 android.content.ContextWrapper.startService:650 filtratorsdk.adj.a:25 com.meizu.networkmanager.boradcast.TrafficGlobalReceiver$2.run:277 
03-26 16:46:01.998 17016  8074 W ContextImpl: Calling a method in the system process without a qualified user: android.app.ContextImpl.startService:1480 android.content.ContextWrapper.startService:650 filtratorsdk.ail.a:118 filtratorsdk.ail.a:62 filtratorsdk.ail$1.run:69 
03-26 16:46:02.671  1409  2240 I chatty  : uid=1000(system) TaskSnapshotPer expire 3 lines
--------- beginning of events
03-26 16:46:03.577 15650 15650 I auditd  : type=1400 audit(0.0:5206552): avc: denied { search } for comm="PowerTest" name="25" dev="proc" ino=38485 scontext=u:r:untrusted_app:s0:c512,c768 tcontext=u:r:kernel:s0 tclass=dir permissive=0
03-26 16:46:03.577 15650 15650 I auditd  : type=1400 audit(0.0:5206553): avc: denied { search } for comm="PowerTest" name="26" dev="proc" ino=38486 scontext=u:r:untrusted_app:s0:c512,c768 tcontext=u:r:kernel:s0 tclass=dir permissive=0
03-26 16:46:03.577 15650 15650 I auditd  : type=1400 audit(0.0:5206554): avc: denied { search } for comm="PowerTest" name="29" dev="proc" ino=38489 scontext=u:r:untrusted_app:s0:c512,c768 tcontext=u:r:kernel:s0 tclass=dir permissive=0
03-26 16:46:03.577 15650 15650 I auditd  : type=1400 audit(0.0:5206555): avc: denied { search } for comm="PowerTest" name="30" dev="proc" ino=38490 scontext=u:r:untrusted_app:s0:c512,c768 tcontext=u:r:kernel:s0 tclass=dir permissive=0
03-26 16:46:03.577 15650 15650 I auditd  : type=1400 audit(0.0:5206556): avc: denied { search } for comm="PowerTest" name="31" dev="proc" ino=38491 scontext=u:r:untrusted_app:s0:c512,c768 tcontext=u:r:kernel:s0 tclass=dir permissive=0
03-26 16:46:03.577 15650 15650 I auditd  : type=1400 audit(0.0:5206557): avc: denied { search } for comm="PowerTest" name="32" dev="proc" ino=38492 scontext=u:r:untrusted_app:s0:c512,c768 tcontext=u:r:kernel:s0 tclass=dir permissive=0
03-26 16:46:03.577 15650 15650 I auditd  : type=1400 audit(0.0:5206558): avc: denied { search } for comm="PowerTest" name="33" dev="proc" ino=38493 scontext=u:r:untrusted_app:s0:c512,c768 tcontext=u:r:kernel:s0 tclass=dir permissive=0
03-26 16:46:03.577 15650 15650 I auditd  : type=1400 audit(0.0:5206559): avc: denied { search } for comm="PowerTest" name="34" dev="proc" ino=38494 scontext=u:r:untrusted_app:s0:c512,c768 tcontext=u:r:kernel:s0 tclass=dir permissive=0
03-26 16:46:03.577 15650 15650 I auditd  : type=1400 audit(0.0:5206560): avc: denied { search } for comm="PowerTest" name="37" dev="proc" ino=38497 scontext=u:r:untrusted_app:s0:c512,c768 tcontext=u:r:kernel:s0 tclass=dir permissive=0
03-26 16:46:03.579  1409  1409 I sysui_multi_action: [757,128,758,5,759,8,793,196940,794,0,795,158128,796,1555811916,806,com.tencent.mm,857,message_channel_new_id,858,4,947,0]
03-26 16:46:03.579  1409  1409 I notification_canceled: [0|com.tencent.mm|1555811916|null|10117,8,196940,158128,0,NULL]
03-26 16:46:03.589  3104  3104 E ActivityThread: Failed to find provider info for com.flyme.systemuitools.gameassiant.model.GameSDKContentProvider
03-26 16:46:03.594  3104  3104 I chatty  : uid=10043(com.flyme.systemuiex) com.flyme.systemuitools identical 1 line
03-26 16:46:03.597  3104  3104 E ActivityThread: Failed to find provider info for com.flyme.systemuitools.gameassiant.model.GameSDKContentProvider
03-26 16:46:03.644 15650 15650 I am_on_resume_called: [0,com.tencent.mm.ui.LauncherUI,RESUME_ACTIVITY]
03-26 16:46:03.763 15650 15650 E SchedPolicy: set_timerslack_ns write failed: Operation not permitted
03-26 16:46:03.830  1409  1520 I sysui_multi_action: [319,57,321,55,322,325,325,333248,757,761,758,9,759,4,806,com.tencent.mm,871,com.tencent.mm.ui.LauncherUI,904,com.meizu.flyme.launcher,905,0]
03-26 16:46:03.900  1409  1500 I am_stop_activity: [0,140699044,com.meizu.flyme.launcher/.Launcher]
03-26 16:46:03.946  3351  3351 I am_on_stop_called: [0,com.meizu.flyme.launcher.Launcher,handleStopActivity]
03-26 16:46:04.528   975   975 I wificond: Enters wifigbk_ageOutHistory
03-26 16:46:04.528   975   975 I wificond: Enters wifigbk_ageOutHistory
03-26 16:46:04.549  3763  3763 W ContextImpl: Calling a method in the system process without a qualified user: android.app.ContextImpl.startService:1480 android.content.ContextWrapper.startService:650 android.content.ContextWrapper.startService:650 com.meizu.dataservice.ExperienceReceiver.a:64 com.meizu.dataservice.ExperienceReceiver.onReceive:46 
03-26 16:46:04.832 15650 15650 E SchedPolicy: set_timerslack_ns write failed: Operation not permitted
03-26 16:46:05.230 15650 15650 E SchedPolicy: set_timerslack_ns write failed: Operation not permitted
03-26 16:46:05.247 15650 15650 I auditd  : type=1400 audit(0.0:5207236): avc: denied { search } for comm="mmt_hSIRWorker" name="1" dev="proc" ino=21540169 scontext=u:r:untrusted_app:s0:c512,c768 tcontext=u:r:init:s0 tclass=dir permissive=0
03-26 16:46:05.247 15650 15650 I auditd  : type=1400 audit(0.0:5207237): avc: denied { search } for comm="mmt_hSIRWorker" name="2" dev="proc" ino=21540170 scontext=u:r:untrusted_app:s0:c512,c768 tcontext=u:r:kernel:s0 tclass=dir permissive=0
03-26 16:46:05.247 15650 15650 I auditd  : type=1400 audit(0.0:5207238): avc: denied { search } for comm="mmt_hSIRWorker" name="3" dev="proc" ino=21540171 scontext=u:r:untrusted_app:s0:c512,c768 tcontext=u:r:kernel:s0 tclass=dir permissive=0
03-26 16:46:05.247 15650 15650 I auditd  : type=1400 audit(0.0:5207239): avc: denied { search } for comm="mmt_hSIRWorker" name="6" dev="proc" ino=21540172 scontext=u:r:untrusted_app:s0:c512,c768 tcontext=u:r:kernel:s0 tclass=dir permissive=0
03-26 16:46:05.247 15650 15650 I auditd  : type=1400 audit(0.0:5207240): avc: denied { search } for comm="mmt_hSIRWorker" name="7" dev="proc" ino=21540173 scontext=u:r:untrusted_app:s0:c512,c768 tcontext=u:r:kernel:s0 tclass=dir permissive=0
03-26 16:46:05.247 15650 15650 I auditd  : type=1400 audit(0.0:5207241): avc: denied { search } for comm="mmt_hSIRWorker" name="8" dev="proc" ino=21540174 scontext=u:r:untrusted_app:s0:c512,c768 tcontext=u:r:kernel:s0 tclass=dir permissive=0
03-26 16:46:05.247 15650 15650 I auditd  : type=1400 audit(0.0:5207242): avc: denied { search } for comm="mmt_hSIRWorker" name="9" dev="proc" ino=38469 scontext=u:r:untrusted_app:s0:c512,c768 tcontext=u:r:kernel:s0 tclass=dir permissive=0
