03-29 14:35:34.334  1409  1409 I auditd  : type=1400 audit(0.0:8681995): avc: denied { open } for comm="android.bg" path="/data/data/com.meizu.customizecenter/theme/com.meizu.notepaper" dev="sda19" ino=814225 scontext=u:r:system_server:s0 tcontext=u:object_r:app_data_file:s0:c512,c768 tclass=file permissive=0
03-29 14:35:34.334  1409  1409 I auditd  : type=1400 audit(0.0:8681996): avc: denied { open } for comm="android.bg" path="/data/data/com.meizu.customizecenter/theme/com.android.settings" dev="sda19" ino=814204 scontext=u:r:system_server:s0 tcontext=u:object_r:app_data_file:s0:c512,c768 tclass=file permissive=0
03-29 14:35:34.434  1409  1409 I notification_cancel_all: [1000,1409,com.example.yaoyifei.yaoyfapplication,0,0,0,5,NULL]
03-29 14:35:34.438  1409  1409 I notification_cancel_all: [1000,1409,com.example.yaoyifei.yaoyfapplication,0,0,0,5,NULL]
03-29 14:35:34.438  1409  2182 I netstats_mobile_sample: [362646810,395588,55368858,318672,358623528,309010,55020119,310706,358574613,308909,55009701,310631,-1]
03-29 14:35:34.444  1409  2182 I netstats_wifi_sample: [22597393062,19132889,4259888119,11497655,22346998628,13141022,4108700266,11134030,22320067962,13062881,4107606440,11131683,-1]
03-29 14:35:34.473  1409  3188 I chatty  : uid=1000(system) Binder:1409_D expire 6 lines
03-29 14:35:34.504  1409  1409 I auditd  : type=1400 audit(0.0:8681997): avc: denied { open } for comm="android.anim" path="/data/data/com.meizu.customizecenter/font/flymeFont.ttf" dev="sda19" ino=811713 scontext=u:r:system_server:s0 tcontext=u:object_r:app_data_file:s0:c512,c768 tclass=file permissive=0
03-29 14:35:34.504  1409  1409 I chatty  : uid=1000 system_server identical 3 lines
03-29 14:35:34.504  1409  1409 I auditd  : type=1400 audit(0.0:8682001): avc: denied { open } for comm="android.anim" path="/data/data/com.meizu.customizecenter/font/flymeFont.ttf" dev="sda19" ino=811713 scontext=u:r:system_server:s0 tcontext=u:object_r:app_data_file:s0:c512,c768 tclass=file permissive=0
03-29 14:35:34.506  1409  3187 I wm_task_created: [3721,1]
03-29 14:35:34.506  1409  3187 I wm_task_moved: [3721,1,12]
03-29 14:35:34.507  1409  3187 I am_focused_stack: [0,1,0,reuseOrNewTask]
03-29 14:35:34.507  1409  3187 I wm_task_moved: [3721,1,12]
03-29 14:35:34.507  1409  3187 I am_create_task: [0,3721]
03-29 14:35:34.507  1409  3187 I am_create_activity: [0,131273531,3721,com.example.yaoyifei.yaoyfapplication/.View.Activity.LoginActivity,android.intent.action.MAIN,NULL,NULL,268435456]
03-29 14:35:34.507  1409  3187 I wm_task_moved: [3721,1,12]
03-29 14:35:34.509  1409  3187 I am_pause_activity: [0,140699044,com.meizu.flyme.launcher/.Launcher]
03-29 14:35:34.510  3351  3351 I am_on_paused_called: [0,com.meizu.flyme.launcher.Launcher,handlePauseActivity]
03-29 14:35:34.514 14688 14688 I auditd  : type=1400 audit(0.0:8682002): avc: denied { create } for comm="main" name="cgroup.procs" scontext=u:r:zygote:s0 tcontext=u:object_r:cgroup:s0 tclass=file permissive=0
03-29 14:35:34.514  1409  1409 I auditd  : type=1400 audit(0.0:8682003): avc: denied { open } for comm="android.anim" path="/data/data/com.meizu.customizecenter/font/flymeFont.ttf" dev="sda19" ino=811713 scontext=u:r:system_server:s0 tcontext=u:object_r:app_data_file:s0:c512,c768 tclass=file permissive=0
03-29 14:35:34.516  1409  3302 I am_uid_running: 10163
03-29 14:35:34.527  1409  3302 I chatty  : uid=1000(system) Binder:1409_E expire 3 lines
03-29 14:35:34.527  1409  3302 I am_proc_start: [0,14688,10163,com.example.yaoyifei.yaoyfapplication,activity,com.example.yaoyifei.yaoyfapplication/.View.Activity.LoginActivity]
03-29 14:35:34.534  1409  1409 I auditd  : type=1400 audit(0.0:8682004): avc: denied { sigstop } for comm="PPSServer" scontext=u:r:system_server:s0 tcontext=u:r:isolated_app:s0:c512,c768 tclass=process permissive=0
03-29 14:35:34.536  1409  2561 I am_broadcast_discard_app: [0,63132703,android.intent.action.PACKAGE_REPLACED,3,ResolveInfo{56dd57a com.ss.android.auto/com.ss.android.downloadlib.core.download.DownloadReceiver m=0x208000}]
03-29 14:35:34.536  1409  1500 I sysui_count: [window_time_0,3]
03-29 14:35:34.536  1409  1500 I sysui_multi_action: [757,803,799,window_time_0,802,3]
03-29 14:35:34.557  1409  3188 I am_proc_bound: [0,14688,com.example.yaoyifei.yaoyfapplication]
03-29 14:35:34.561  1409  3188 I am_uid_active: 10163
03-29 14:35:34.561  1409  3188 I am_restart_activity: [0,131273531,3721,com.example.yaoyifei.yaoyfapplication/.View.Activity.LoginActivity]
03-29 14:35:34.562  1409  3188 I am_set_resumed_activity: [0,com.example.yaoyifei.yaoyfapplication/.View.Activity.LoginActivity,minimalResumeActivityLocked]
03-29 14:35:35.167  1409 14847 I wm_task_moved: [3721,1,12]
03-29 14:35:35.168  1409 14847 I am_create_activity: [0,105585757,3721,com.example.yaoyifei.yaoyfapplication/.View.Activity.HomeActivity,NULL,NULL,NULL,0]
03-29 14:35:35.169  1409 14847 I am_pause_activity: [0,131273531,com.example.yaoyifei.yaoyfapplication/.View.Activity.LoginActivity]
03-29 14:35:35.172  1409 14847 I am_finish_activity: [0,131273531,3721,com.example.yaoyifei.yaoyfapplication/.View.Activity.LoginActivity,app-request]
03-29 14:35:35.172  1409  1500 I sysui_count: [window_time_0,0]
03-29 14:35:35.172  1409  1500 I sysui_multi_action: [757,803,799,window_time_0,802,0]
03-29 14:35:35.179  1409 14847 I am_restart_activity: [0,105585757,3721,com.example.yaoyifei.yaoyfapplication/.View.Activity.HomeActivity]
03-29 14:35:35.180  1409 14847 I am_set_resumed_activity: [0,com.example.yaoyifei.yaoyfapplication/.View.Activity.HomeActivity,minimalResumeActivityLocked]
03-29 14:35:35.183  1409  1500 I sysui_count: [window_time_0,0]
03-29 14:35:35.183  1409  1500 I sysui_multi_action: [757,803,799,window_time_0,802,0]
03-29 14:35:35.352 14688 14688 I am_on_resume_called: [0,com.example.yaoyifei.yaoyfapplication.View.Activity.HomeActivity,LAUNCH_ACTIVITY]
03-29 14:35:35.891  1409  1520 I sysui_multi_action: [319,69,321,55,322,1393,325,494272,757,761,758,7,759,1,806,com.example.yaoyifei.yaoyfapplication,871,com.example.yaoyifei.yaoyfapplication.View.Activity.HomeActivity,904,com.example.yaoyifei.yaoyfapplication,905,0,945,62]
03-29 14:35:35.891  1409  1520 I am_activity_launch_time: [0,105585757,com.example.yaoyifei.yaoyfapplication/.View.Activity.HomeActivity,711,1372]
03-29 14:35:35.918  1409  3188 I am_destroy_activity: [0,131273531,3721,com.example.yaoyifei.yaoyfapplication/.View.Activity.LoginActivity,finish-imm]
03-29 14:35:35.918  1409  3188 I am_stop_activity: [0,140699044,com.meizu.flyme.launcher/.Launcher]
03-29 14:35:35.918 14688 14688 I am_on_stop_called: [0,com.example.yaoyifei.yaoyfapplication.View.Activity.LoginActivity,destroy]
03-29 14:35:35.940  3351  3351 I am_on_stop_called: [0,com.meizu.flyme.launcher.Launcher,handleStopActivity]
03-29 14:35:36.034  3967  3967 I auditd  : type=1400 audit(0.0:8682005): avc: denied { search } for comm="NativeThread" name="1" dev="proc" ino=30548012 scontext=u:r:untrusted_app:s0:c512,c768 tcontext=u:r:init:s0 tclass=dir permissive=0
03-29 14:35:36.034  3967  3967 I auditd  : type=1400 audit(0.0:8682006): avc: denied { search } for comm="NativeThread" name="1" dev="proc" ino=30548012 scontext=u:r:untrusted_app:s0:c512,c768 tcontext=u:r:init:s0 tclass=dir permissive=0
03-29 14:35:36.034  3967  3967 I auditd  : type=1400 audit(0.0:8682007): avc: denied { search } for comm="NativeThread" name="2" dev="proc" ino=30548013 scontext=u:r:untrusted_app:s0:c512,c768 tcontext=u:r:kernel:s0 tclass=dir permissive=0
03-29 14:35:36.034  3967  3967 I auditd  : type=1400 audit(0.0:8682008): avc: denied { search } for comm="NativeThread" name="2" dev="proc" ino=30548013 scontext=u:r:untrusted_app:s0:c512,c768 tcontext=u:r:kernel:s0 tclass=dir permissive=0
03-29 14:35:36.034  3967  3967 I auditd  : type=1400 audit(0.0:8682009): avc: denied { search } for comm="NativeThread" name="3" dev="proc" ino=30548014 scontext=u:r:untrusted_app:s0:c512,c768 tcontext=u:r:kernel:s0 tclass=dir permissive=0
03-29 14:35:36.034  3967  3967 I auditd  : type=1400 audit(0.0:8682010): avc: denied { search } for comm="NativeThread" name="3" dev="proc" ino=30548014 scontext=u:r:untrusted_app:s0:c512,c768 tcontext=u:r:kernel:s0 tclass=dir permissive=0
03-29 14:35:36.034  3967  3967 I auditd  : type=1400 audit(0.0:8682011): avc: denied { search } for comm="NativeThread" name="6" dev="proc" ino=30548015 scontext=u:r:untrusted_app:s0:c512,c768 tcontext=u:r:kernel:s0 tclass=dir permissive=0
03-29 14:35:36.034  3967  3967 I auditd  : type=1400 audit(0.0:8682012): avc: denied { search } for comm="NativeThread" name="6" dev="proc" ino=30548015 scontext=u:r:untrusted_app:s0:c512,c768 tcontext=u:r:kernel:s0 tclass=dir permissive=0
03-29 14:35:36.034  3967  3967 I auditd  : type=1400 audit(0.0:8682013): avc: denied { search } for comm="NativeThread" name="7" dev="proc" ino=30548016 scontext=u:r:untrusted_app:s0:c512,c768 tcontext=u:r:kernel:s0 tclass=dir permissive=0
03-29 14:35:36.034  3967  3967 I auditd  : type=1400 audit(0.0:8682014): avc: denied { search } for comm="NativeThread" name="7" dev="proc" ino=30548016 scontext=u:r:untrusted_app:s0:c512,c768 tcontext=u:r:kernel:s0 tclass=dir permissive=0
03-29 14:35:36.034  3967  3967 I auditd  : type=1400 audit(0.0:8682015): avc: denied { search } for comm="NativeThread" name="8" dev="proc" ino=30548017 scontext=u:r:untrusted_app:s0:c512,c768 tcontext=u:r:kernel:s0 tclass=dir permissive=0
03-29 14:35:36.034  3967  3967 I auditd  : type=1400 audit(0.0:8682016): avc: denied { search } for comm="NativeThread" name="8" dev="proc" ino=30548017 scontext=u:r:untrusted_app:s0:c512,c768 tcontext=u:r:kernel:s0 tclass=dir permissive=0
03-29 14:35:36.034  3967  3967 I auditd  : type=1400 audit(0.0:8682017): avc: denied { search } for comm="NativeThread" name="9" dev="proc" ino=30548018 scontext=u:r:untrusted_app:s0:c512,c768 tcontext=u:r:kernel:s0 tclass=dir permissive=0
03-29 14:35:36.034  3967  3967 I auditd  : type=1400 audit(0.0:8682018): avc: denied { search } for comm="NativeThread" name="9" dev="proc" ino=30548018 scontext=u:r:untrusted_app:s0:c512,c768 tcontext=u:r:kernel:s0 tclass=dir permissive=0
03-29 14:35:36.034  3967  3967 I auditd  : type=1400 audit(0.0:8682019): avc: denied { search } for comm="NativeThread" name="10" dev="proc" ino=30548019 scontext=u:r:untrusted_app:s0:c512,c768 tcontext=u:r:kernel:s0 tclass=dir permissive=0
03-29 14:35:36.034  3967  3967 I auditd  : type=1400 audit(0.0:8682020): avc: denied { search } for comm="NativeThread" name="10" dev="proc" ino=30548019 scontext=u:r:untrusted_app:s0:c512,c768 tcontext=u:r:kernel:s0 tclass=dir permissive=0
03-29 14:35:36.034  3967  3967 I auditd  : type=1400 audit(0.0:8682021): avc: denied { search } for comm="NativeThread" name="11" dev="proc" ino=30548020 scontext=u:r:untrusted_app:s0:c512,c768 tcontext=u:r:kernel:s0 tclass=dir permissive=0
03-29 14:35:36.034  3967  3967 I auditd  : type=1400 audit(0.0:8682022): avc: denied { search } for comm="NativeThread" name="11" dev="proc" ino=30548020 scontext=u:r:untrusted_app:s0:c512,c768 tcontext=u:r:kernel:s0 tclass=dir permissive=0
03-29 14:35:36.034  3967  3967 I auditd  : type=1400 audit(0.0:8682023): avc: denied { search } for comm="NativeThread" name="12" dev="proc" ino=30548021 scontext=u:r:untrusted_app:s0:c512,c768 tcontext=u:r:kernel:s0 tclass=dir permissive=0
03-29 14:35:36.034  3967  3967 I auditd  : type=1400 audit(0.0:8682024): avc: denied { search } for comm="NativeThread" name="12" dev="proc" ino=30548021 scontext=u:r:untrusted_app:s0:c512,c768 tcontext=u:r:kernel:s0 tclass=dir permissive=0
03-29 14:35:36.034  3967  3967 I auditd  : type=1400 audit(0.0:8682025): avc: denied { search } for comm="NativeThread" name="13" dev="proc" ino=30548022 scontext=u:r:untrusted_app:s0:c512,c768 tcontext=u:r:kernel:s0 tclass=dir permissive=0
03-29 14:35:36.034  3967  3967 I auditd  : type=1400 audit(0.0:8682026): avc: denied { search } for comm="NativeThread" name="13" dev="proc" ino=30548022 scontext=u:r:untrusted_app:s0:c512,c768 tcontext=u:r:kernel:s0 tclass=dir permissive=0
03-29 14:35:36.044  3967  3967 I auditd  : type=1400 audit(0.0:8682027): avc: denied { search } for comm="NativeThread" name="14" dev="proc" ino=30548023 scontext=u:r:untrusted_app:s0:c512,c768 tcontext=u:r:kernel:s0 tclass=dir permissive=0
03-29 14:35:36.044  3967  3967 I auditd  : type=1400 audit(0.0:8682028): avc: denied { search } for comm="NativeThread" name="14" dev="proc" ino=30548023 scontext=u:r:untrusted_app:s0:c512,c768 tcontext=u:r:kernel:s0 tclass=dir permissive=0
03-29 14:35:36.044  3967  3967 I auditd  : type=1400 audit(0.0:8682029): avc: denied { search } for comm="NativeThread" name="15" dev="proc" ino=30548024 scontext=u:r:untrusted_app:s0:c512,c768 tcontext=u:r:kernel:s0 tclass=dir permissive=0
03-29 14:35:36.044  3967  3967 I auditd  : type=1400 audit(0.0:8682030): avc: denied { search } for comm="NativeThread" name="15" dev="proc" ino=30548024 scontext=u:r:untrusted_app:s0:c512,c768 tcontext=u:r:kernel:s0 tclass=dir permissive=0
03-29 14:35:36.044  3967  3967 I auditd  : type=1400 audit(0.0:8682031): avc: denied { search } for comm="NativeThread" name="16" dev="proc" ino=30548025 scontext=u:r:untrusted_app:s0:c512,c768 tcontext=u:r:kernel:s0 tclass=dir permissive=0
03-29 14:35:36.044  3967  3967 I auditd  : type=1400 audit(0.0:8682032): avc: denied { search } for comm="NativeThread" name="16" dev="proc" ino=30548025 scontext=u:r:untrusted_app:s0:c512,c768 tcontext=u:r:kernel:s0 tclass=dir permissive=0
03-29 14:35:36.044  3967  3967 I auditd  : type=1400 audit(0.0:8682033): avc: denied { search } for comm="NativeThread" name="17" dev="proc" ino=30548026 scontext=u:r:untrusted_app:s0:c512,c768 tcontext=u:r:kernel:s0 tclass=dir permissive=0
03-29 14:35:36.044  3967  3967 I auditd  : type=1400 audit(0.0:8682034): avc: denied { search } for comm="NativeThread" name="17" dev="proc" ino=30548026 scontext=u:r:untrusted_app:s0:c512,c768 tcontext=u:r:kernel:s0 tclass=dir permissive=0
03-29 14:35:36.044  3967  3967 I auditd  : type=1400 audit(0.0:8682035): avc: denied { search } for comm="NativeThread" name="18" dev="proc" ino=30548027 scontext=u:r:untrusted_app:s0:c512,c768 tcontext=u:r:kernel:s0 tclass=dir permissive=0
03-29 14:35:36.044  3967  3967 I auditd  : type=1400 audit(0.0:8682036): avc: denied { search } for comm="NativeThread" name="18" dev="proc" ino=30548027 scontext=u:r:untrusted_app:s0:c512,c768 tcontext=u:r:kernel:s0 tclass=dir permissive=0
03-29 14:35:36.044  3967  3967 I auditd  : type=1400 audit(0.0:8682037): avc: denied { search } for comm="NativeThread" name="20" dev="proc" ino=30548028 scontext=u:r:untrusted_app:s0:c512,c768 tcontext=u:r:kernel:s0 tclass=dir permissive=0
03-29 14:35:37.124  3967  3967 I auditd  : type=1400 audit(0.0:8683495): avc: denied { search } for comm="NativeThread" name="1" dev="proc" ino=30548012 scontext=u:r:untrusted_app:s0:c512,c768 tcontext=u:r:init:s0 tclass=dir permissive=0
03-29 14:35:37.124  3967  3967 I auditd  : type=1400 audit(0.0:8683496): avc: denied { search } for comm="NativeThread" name="1" dev="proc" ino=30548012 scontext=u:r:untrusted_app:s0:c512,c768 tcontext=u:r:init:s0 tclass=dir permissive=0
03-29 14:35:37.124  3967  3967 I auditd  : type=1400 audit(0.0:8683497): avc: denied { search } for comm="NativeThread" name="2" dev="proc" ino=30548013 scontext=u:r:untrusted_app:s0:c512,c768 tcontext=u:r:kernel:s0 tclass=dir permissive=0
03-29 14:35:37.124  3967  3967 I auditd  : type=1400 audit(0.0:8683498): avc: denied { search } for comm="NativeThread" name="2" dev="proc" ino=30548013 scontext=u:r:untrusted_app:s0:c512,c768 tcontext=u:r:kernel:s0 tclass=dir permissive=0
03-29 14:35:37.134  3967  3967 I auditd  : type=1400 audit(0.0:8683499): avc: denied { search } for comm="NativeThread" name="3" dev="proc" ino=30548014 scontext=u:r:untrusted_app:s0:c512,c768 tcontext=u:r:kernel:s0 tclass=dir permissive=0
03-29 14:35:37.134  3967  3967 I auditd  : type=1400 audit(0.0:8683500): avc: denied { search } for comm="NativeThread" name="3" dev="proc" ino=30548014 scontext=u:r:untrusted_app:s0:c512,c768 tcontext=u:r:kernel:s0 tclass=dir permissive=0
03-29 14:35:37.134  3967  3967 I auditd  : type=1400 audit(0.0:8683501): avc: denied { search } for comm="NativeThread" name="6" dev="proc" ino=30548015 scontext=u:r:untrusted_app:s0:c512,c768 tcontext=u:r:kernel:s0 tclass=dir permissive=0
03-29 14:35:37.134  3967  3967 I auditd  : type=1400 audit(0.0:8683502): avc: denied { search } for comm="NativeThread" name="6" dev="proc" ino=30548015 scontext=u:r:untrusted_app:s0:c512,c768 tcontext=u:r:kernel:s0 tclass=dir permissive=0
03-29 14:35:37.134  3967  3967 I auditd  : type=1400 audit(0.0:8683503): avc: denied { search } for comm="NativeThread" name="7" dev="proc" ino=30548016 scontext=u:r:untrusted_app:s0:c512,c768 tcontext=u:r:kernel:s0 tclass=dir permissive=0
03-29 14:35:37.134  3967  3967 I auditd  : type=1400 audit(0.0:8683504): avc: denied { search } for comm="NativeThread" name="7" dev="proc" ino=30548016 scontext=u:r:untrusted_app:s0:c512,c768 tcontext=u:r:kernel:s0 tclass=dir permissive=0
03-29 14:35:37.134  3967  3967 I auditd  : type=1400 audit(0.0:8683505): avc: denied { search } for comm="NativeThread" name="8" dev="proc" ino=30548017 scontext=u:r:untrusted_app:s0:c512,c768 tcontext=u:r:kernel:s0 tclass=dir permissive=0
03-29 14:35:37.134  3967  3967 I auditd  : type=1400 audit(0.0:8683506): avc: denied { search } for comm="NativeThread" name="8" dev="proc" ino=30548017 scontext=u:r:untrusted_app:s0:c512,c768 tcontext=u:r:kernel:s0 tclass=dir permissive=0
03-29 14:35:37.134  3967  3967 I auditd  : type=1400 audit(0.0:8683507): avc: denied { search } for comm="NativeThread" name="9" dev="proc" ino=30548018 scontext=u:r:untrusted_app:s0:c512,c768 tcontext=u:r:kernel:s0 tclass=dir permissive=0
03-29 14:35:37.134  3967  3967 I auditd  : type=1400 audit(0.0:8683508): avc: denied { search } for comm="NativeThread" name="9" dev="proc" ino=30548018 scontext=u:r:untrusted_app:s0:c512,c768 tcontext=u:r:kernel:s0 tclass=dir permissive=0
03-29 14:35:37.134  3967  3967 I auditd  : type=1400 audit(0.0:8683509): avc: denied { search } for comm="NativeThread" name="10" dev="proc" ino=30548019 scontext=u:r:untrusted_app:s0:c512,c768 tcontext=u:r:kernel:s0 tclass=dir permissive=0
03-29 14:35:37.134  3967  3967 I auditd  : type=1400 audit(0.0:8683510): avc: denied { search } for comm="NativeThread" name="10" dev="proc" ino=30548019 scontext=u:r:untrusted_app:s0:c512,c768 tcontext=u:r:kernel:s0 tclass=dir permissive=0
03-29 14:35:37.134  3967  3967 I auditd  : type=1400 audit(0.0:8683511): avc: denied { search } for comm="NativeThread" name="11" dev="proc" ino=30548020 scontext=u:r:untrusted_app:s0:c512,c768 tcontext=u:r:kernel:s0 tclass=dir permissive=0
03-29 14:35:37.134  3967  3967 I auditd  : type=1400 audit(0.0:8683512): avc: denied { search } for comm="NativeThread" name="11" dev="proc" ino=30548020 scontext=u:r:untrusted_app:s0:c512,c768 tcontext=u:r:kernel:s0 tclass=dir permissive=0
03-29 14:35:37.134  3967  3967 I auditd  : type=1400 audit(0.0:8683513): avc: denied { search } for comm="NativeThread" name="12" dev="proc" ino=30548021 scontext=u:r:untrusted_app:s0:c512,c768 tcontext=u:r:kernel:s0 tclass=dir permissive=0
03-29 14:35:37.134  3967  3967 I auditd  : type=1400 audit(0.0:8683514): avc: denied { search } for comm="NativeThread" name="12" dev="proc" ino=30548021 scontext=u:r:untrusted_app:s0:c512,c768 tcontext=u:r:kernel:s0 tclass=dir permissive=0
03-29 14:35:38.096  1409  1783 I chatty  : uid=1000(system) InputReader expire 32 lines
03-29 14:35:38.099   567   567 I auditd  : avc:  denied  { find } for service=move_window pid=14688 uid=10163 scontext=u:r:untrusted_app:s0:c512,c768 tcontext=u:object_r:move_window_service:s0 tclass=service_manager permissive=0
03-29 14:35:42.351  1409  2561 I chatty  : uid=1000(system) Binder:1409_A expire 7 lines
03-29 14:35:51.520  1409  1499 I am_pss  : [14688,10163,com.example.yaoyifei.yaoyfapplication,99878912,95227904,80896]
03-29 14:35:52.639  1409  1500 I am_uid_idle: 10063
03-29 14:36:00.111  1409  1499 I am_pss  : [3351,10021,com.meizu.flyme.launcher,170341376,124133376,42419200]
03-29 14:36:00.179  1409  1499 I am_pss  : [3104,10043,com.flyme.systemuitools,92007424,66093056,22659072]
03-29 14:36:00.220  1409  1499 I am_pss  : [32708,1000,com.meizu.safe,117942272,65163264,48393216]
03-29 14:36:04.239  1409  1499 I am_pss  : [14277,10010,com.android.defcontainer,3537920,2527232,144384]
03-29 14:36:05.954  2764  2764 I auditd  : type=1400 audit(0.0:8684985): avc: denied { search } for comm="ystemui:recents" name="721" dev="proc" ino=21540515 scontext=u:r:platform_app:s0:c512,c768 tcontext=u:r:surfaceflinger:s0 tclass=dir permissive=0
03-29 14:36:06.305  1409  1499 I am_pss  : [4421,10116,com.eg.android.AlipayGphone:push,33357824,23556096,7649280]
03-29 14:36:06.350  1409  1499 I am_pss  : [3967,10116,com.eg.android.AlipayGphone,175104000,113872896,57182208]
03-29 14:36:06.372  1409  1499 I am_pss  : [5250,99458,com.eg.android.AlipayGphone:sandboxed_process0,89349120,89042944,229376]
03-29 14:36:06.387  1409  1499 I am_pss  : [14455,10089,com.android.musicfx,3887104,2932736,150528]
03-29 14:36:06.408  1409  1499 I am_pss  : [2437,10052,com.meizu.mstore,20752384,17211392,62464]
03-29 14:36:06.423  1409  1499 I am_pss  : [14349,1000,com.android.keychain,3444736,2510848,145408]
03-29 14:36:06.893  1409  3188 I wm_task_created: [3722,5]
03-29 14:36:06.895  1409  3188 I wm_task_moved: [3722,1,0]
03-29 14:36:06.895  1409  3188 I am_focused_stack: [0,5,1,reuseOrNewTask]
03-29 14:36:06.895  1409  3188 I wm_task_moved: [3722,1,0]
03-29 14:36:06.896  1409  3188 I am_create_task: [0,3722]
03-29 14:36:06.896  1409  3188 I am_create_activity: [0,35666012,3722,com.android.systemui/com.flyme.systemui.recents.RecentsEmptyActivity,NULL,NULL,NULL,276840448]
03-29 14:36:06.896  1409  3188 I wm_task_moved: [3722,1,0]
03-29 14:36:06.907  1409  3188 I am_pause_activity: [0,105585757,com.example.yaoyifei.yaoyfapplication/.View.Activity.HomeActivity]
03-29 14:36:06.909 14688 14688 I am_on_paused_called: [0,com.example.yaoyifei.yaoyfapplication.View.Activity.HomeActivity,handlePauseActivity]
03-29 14:36:06.914  1409 14847 I am_restart_activity: [0,35666012,3722,com.android.systemui/com.flyme.systemui.recents.RecentsEmptyActivity]
03-29 14:36:06.916  1409 14847 I am_set_resumed_activity: [0,com.android.systemui/com.flyme.systemui.recents.RecentsEmptyActivity,minimalResumeActivityLocked]
03-29 14:36:06.920  1409  1500 I sysui_count: [window_time_0,32]
03-29 14:36:06.920  1409  1500 I sysui_multi_action: [757,803,799,window_time_0,802,32]
03-29 14:36:06.924  1409  1409 I auditd  : type=1400 audit(0.0:8684986): avc: denied { open } for comm="TaskSnapshotPer" path="/data/data/com.meizu.customizecenter/font/flymeFont.ttf" dev="sda19" ino=811713 scontext=u:r:system_server:s0 tcontext=u:object_r:app_data_file:s0:c512,c768 tclass=file permissive=0
03-29 14:36:06.928  2764  2764 I am_on_resume_called: [0,com.flyme.systemui.recents.RecentsEmptyActivity,LAUNCH_ACTIVITY]
03-29 14:36:06.935  1409  2240 I chatty  : uid=1000(system) TaskSnapshotPer expire 1 line
03-29 14:36:06.990  1409  1520 I am_activity_launch_time: [0,35666012,com.android.systemui/com.flyme.systemui.recents.RecentsEmptyActivity,72,72]
03-29 14:36:06.991  1409  1520 I sysui_multi_action: [319,97,322,97,325,494305,757,761,758,8,759,2,806,com.android.systemui,871,com.flyme.systemui.recents.RecentsEmptyActivity,904,com.android.systemui,905,0]
03-29 14:36:06.992  1409  1500 I am_stop_activity: [0,105585757,com.example.yaoyifei.yaoyfapplication/.View.Activity.HomeActivity]
03-29 14:36:07.036 14688 14688 I am_on_stop_called: [0,com.example.yaoyifei.yaoyfapplication.View.Activity.HomeActivity,handleStopActivity]
03-29 14:36:07.456  1409  2561 I am_finish_activity: [0,105585757,3721,com.example.yaoyifei.yaoyfapplication/.View.Activity.HomeActivity,clear-task-index]
03-29 14:36:07.458  1409  2561 I am_destroy_activity: [0,105585757,3721,com.example.yaoyifei.yaoyfapplication/.View.Activity.HomeActivity,finish-imm]
03-29 14:36:07.472  1409  2561 I am_kill : [0,14688,com.example.yaoyifei.yaoyfapplication,900,remove task]
03-29 14:36:07.475  1409  1500 I sysui_count: [window_time_0,1]
03-29 14:36:07.475  1409  1500 I sysui_multi_action: [757,803,799,window_time_0,802,1]
03-29 14:36:07.481  1409  2561 I am_uid_stopped: 10163
03-29 14:36:07.486  1409  2561 I wm_task_removed: [3721,removeAppToken: last token]
03-29 14:36:07.488  1409  2561 I wm_task_removed: [3721,removeTask]
03-29 14:36:07.500  1409  1409 I notification_cancel_all: [1000,1409,com.example.yaoyifei.yaoyfapplication,0,0,0,5,NULL]
03-29 14:36:09.899  1409  2537 I chatty  : uid=1000(system) Binder:1409_9 expire 1 line
03-29 14:36:09.899  1409  2537 I am_kill : [0,30668,com.android.settings,902,remove task]
03-29 14:36:09.920  1409  3188 I am_finish_activity: [0,3227810,3716,com.tencent.mm/.ui.LauncherUI,clear-task-index]
03-29 14:36:09.921  1409  3188 I am_destroy_activity: [0,3227810,3716,com.tencent.mm/.ui.LauncherUI,finish-imm]
03-29 14:36:09.931  1409  1500 I sysui_count: [window_time_0,2]
03-29 14:36:09.931  1409  1500 I sysui_multi_action: [757,803,799,window_time_0,802,2]
03-29 14:36:09.932  1409  2537 I am_finish_activity: [0,121440843,3718,com.taptap/com.play.taptap.ui.MainAct,clear-task-index]
03-29 14:36:09.932  1409  2537 I am_destroy_activity: [0,121440843,3718,com.taptap/com.play.taptap.ui.MainAct,finish-imm]
03-29 14:36:09.947  1409  1500 I sysui_count: [window_time_0,0]
03-29 14:36:09.947  1409  1500 I sysui_multi_action: [757,803,799,window_time_0,802,0]
03-29 14:36:09.948  1409  1477 I am_proc_died: [0,30668,com.android.settings,902,17]
03-29 14:36:09.961  1409  1477 I am_finish_activity: [0,250881931,3715,com.eg.android.AlipayGphone/.AlipayLogin,clear-task-index]
03-29 14:36:09.962  1409  1477 I am_destroy_activity: [0,250881931,3715,com.eg.android.AlipayGphone/.AlipayLogin,finish-imm]
03-29 14:36:09.969  1409  1477 I am_kill : [0,4560,com.eg.android.AlipayGphone:tools,906,remove task]
03-29 14:36:09.970  1409  1477 I am_kill : [0,4421,com.eg.android.AlipayGphone:push,900,remove task]
03-29 14:36:09.971  1409  1477 I am_kill : [0,5250,com.eg.android.AlipayGphone:sandboxed_process0,900,remove task]
03-29 14:36:09.972  1409  1477 I am_kill : [0,3967,com.eg.android.AlipayGphone,900,remove task]
03-29 14:36:09.976  1409  1500 I sysui_count: [window_time_0,0]
03-29 14:36:09.977  1409  1500 I sysui_multi_action: [757,803,799,window_time_0,802,0]
03-29 14:36:09.979  1409  3188 I am_finish_activity: [0,205812122,3714,com.android.incallui/.InCallActivity,clear-task-index]
03-29 14:36:09.980  1409  3188 I am_destroy_activity: [0,205812122,3714,com.android.incallui/.InCallActivity,finish-imm]
03-29 14:36:09.989  1409  1500 I sysui_count: [window_time_0,0]
03-29 14:36:09.989  1409  1500 I sysui_multi_action: [757,803,799,window_time_0,802,0]
03-29 14:36:10.004  1409  2299 I am_proc_died: [0,4560,com.eg.android.AlipayGphone:tools,906,17]
03-29 14:36:10.021  1409  3188 I wm_task_removed: [3714,removeAppToken: last token]
03-29 14:36:10.021  1409  3188 I wm_task_removed: [3714,removeTask]
03-29 14:36:10.059  1409  2299 I am_proc_died: [0,4421,com.eg.android.AlipayGphone:push,900,17]
03-29 14:36:10.059  1409  2299 I chatty  : uid=1000(system) Binder:1409_4 expire 4 lines
03-29 14:36:10.059  1409  2299 I am_schedule_service_restart: [0,com.eg.android.AlipayGphone/com.alipay.pushsdk.push.NotificationService,1000]
03-29 14:36:10.073  1409  2299 I am_proc_died: [0,5250,com.eg.android.AlipayGphone:sandboxed_process0,900,17]
03-29 14:36:10.073  1409  2299 I am_schedule_service_restart: [0,com.eg.android.AlipayGphone/com.alipay.mobile.nebulacore.SandboxedProcessService0,10986]
03-29 14:36:10.074  1409  2299 I am_uid_stopped: 99458
03-29 14:36:10.102  1409  3383 I wm_task_removed: [3716,removeAppToken: last token]
03-29 14:36:10.102  1409  3383 I wm_task_removed: [3716,removeTask]
03-29 14:36:10.197  1409  2299 I am_uid_stopped: 10062
03-29 14:36:10.198  1409  2299 I am_kill : [0,14038,com.meizu.filemanager,900,reason: from pid 2764, stop com.meizu.filemanager]
03-29 14:36:10.210  1409  1409 I notification_cancel_all: [1000,1409,com.meizu.filemanager,0,0,0,5,NULL]
03-29 14:36:10.215  1409  8241 I chatty  : uid=1000(system) Binder:1409_1F expire 4 lines
03-29 14:36:10.216  1409  8241 I am_uid_stopped: 10023
03-29 14:36:10.216  1409  8241 I am_kill : [0,13953,com.meizu.media.gallery,904,reason: from pid 2764, stop com.meizu.media.gallery]
03-29 14:36:10.226  1409  2342 I chatty  : uid=1000(system) Binder:1409_5 expire 6 lines
03-29 14:36:10.227  1409  2342 I am_uid_stopped: 10052
03-29 14:36:10.227  1409  2342 I am_kill : [0,2437,com.meizu.mstore,902,reason: from pid 2764, stop com.meizu.mstore]
03-29 14:36:10.241  1409  1409 I notification_cancel_all: [1000,1409,com.meizu.media.gallery,0,0,0,5,NULL]
03-29 14:36:10.252  1409  8241 I am_uid_stopped: 10029
03-29 14:36:10.252  1409  8241 I am_kill : [0,4082,com.meizu.media.music,902,reason: from pid 2764, stop com.meizu.media.music]
03-29 14:36:10.266  1409  2495 I chatty  : uid=1000(system) Binder:1409_6 expire 11 lines
03-29 14:36:10.274  1409  1409 I auditd  : type=1400 audit(0.0:8684987): avc: denied { open } for comm="Binder:1409_1B" path="/data/data/com.meizu.customizecenter/theme/com.meizu.flyme.launcher" dev="sda19" ino=814215 scontext=u:r:system_server:s0 tcontext=u:object_r:app_data_file:s0:c512,c768 tclass=file permissive=0
03-29 14:36:10.276  1409  1477 I am_proc_died: [0,3967,com.eg.android.AlipayGphone,900,17]
03-29 14:36:10.278  1409  1477 I am_uid_stopped: 10116
03-29 14:36:10.280  1409  1477 I wm_task_removed: [3715,removeAppToken: last token]
03-29 14:36:10.280  1409  1477 I wm_task_removed: [3715,removeTask]
03-29 14:36:10.286  1409  7836 I chatty  : uid=1000(system) Binder:1409_1B expire 1 line
03-29 14:36:10.291  1409  7836 I am_new_intent: [0,140699044,1962,com.meizu.flyme.launcher/.Launcher,android.intent.action.MAIN,NULL,NULL,276824320]
03-29 14:36:10.292  1409  7836 I wm_task_moved: [1962,1,0]
03-29 14:36:10.292  1409  7836 I am_focused_stack: [0,0,5,bringingFoundTaskToFront]
03-29 14:36:10.292  1409  7836 I wm_task_moved: [1962,1,0]
03-29 14:36:10.294  1409  7836 I am_pause_activity: [0,35666012,com.android.systemui/com.flyme.systemui.recents.RecentsEmptyActivity]
03-29 14:36:10.295  1409  7836 I am_task_to_front: [0,1962]
03-29 14:36:10.308  1409  2342 I am_uid_stopped: 10165
03-29 14:36:10.308  1409  2342 I am_kill : [0,11376,com.taptap,0,reason: from pid 2764, stop com.taptap]
03-29 14:36:10.308  1409  1409 I notification_cancel_all: [1000,1409,com.meizu.mstore,0,0,0,5,NULL]
03-29 14:36:10.310  1409  2342 I am_kill : [0,11496,com.android.webview:sandboxed_process0,0,remove task]
03-29 14:36:10.313  1409  2342 I wm_task_removed: [3718,removeTask]
03-29 14:36:10.316  1409  2342 I wm_task_removed: [3718,removeAppToken: last token]
03-29 14:36:10.324  1409  1409 I notification_cancel_all: [1000,1409,com.meizu.media.music,0,0,0,5,NULL]
03-29 14:36:10.329  1409  7836 I am_finish_activity: [0,35666012,3722,com.android.systemui/com.flyme.systemui.recents.RecentsEmptyActivity,app-request]
03-29 14:36:10.331  2764  2764 I am_on_paused_called: [0,com.flyme.systemui.recents.RecentsEmptyActivity,handlePauseActivity]
03-29 14:36:10.331  1409  2495 I am_uid_stopped: 10035
03-29 14:36:10.332  1409  2495 I am_kill : [0,12238,com.meizu.picker,200,reason: from pid 2764, stop com.meizu.picker]
03-29 14:36:10.332  1409  2495 I am_schedule_service_restart: [0,com.meizu.picker/.service.ContentHandleService,1000]
03-29 14:36:10.352  1409  7554 I am_set_resumed_activity: [0,com.meizu.flyme.launcher/.Launcher,resumeTopActivityInnerLocked]
03-29 14:36:10.354  1409  7554 I am_resume_activity: [0,140699044,1962,com.meizu.flyme.launcher/.Launcher]
03-29 14:36:10.358  1409  1500 I sysui_count: [window_time_0,1]
03-29 14:36:10.358  1409  1500 I sysui_multi_action: [757,803,799,window_time_0,802,1]
03-29 14:36:10.359  1409  2342 I am_proc_died: [0,11496,com.android.webview:sandboxed_process0,0,11]
03-29 14:36:10.359  1409  2342 I am_uid_stopped: 99459
03-29 14:36:10.363  1409  1477 I am_uid_stopped: 10038
03-29 14:36:10.379  1409  1477 I am_kill : [0,2546,com.meizu.net.search,904,reason: from pid 2764, stop com.meizu.net.search]
03-29 14:36:10.393  1409  1500 I sysui_count: [window_time_0,0]
03-29 14:36:10.393  1409  1500 I sysui_multi_action: [757,803,799,window_time_0,802,0]
03-29 14:36:10.394  1409  1409 I notification_cancel_all: [1000,1409,com.eg.android.AlipayGphone,0,0,0,5,NULL]
03-29 14:36:10.398  1409  1409 I sysui_multi_action: [757,128,758,5,759,8,793,2325251,794,0,795,2325251,796,1000,806,com.meizu.picker,857,picker_channel,858,2,947,0]
03-29 14:36:10.398  1409  1409 I notification_canceled: [0|com.meizu.picker|1000|null|10035,8,2325251,2325251,0,NULL]
03-29 14:36:10.400  1409  1409 I notification_cancel_all: [1000,1409,com.taptap,0,0,0,5,NULL]
03-29 14:36:10.400  3351  3351 I am_on_resume_called: [0,com.meizu.flyme.launcher.Launcher,RESUME_ACTIVITY]
03-29 14:36:10.410  1409  1409 I notification_cancel_all: [1000,1409,com.meizu.picker,0,0,0,5,NULL]
03-29 14:36:10.410  1409  1409 I notification_cancel_all: [1000,1409,com.meizu.net.search,0,0,0,5,NULL]
03-29 14:36:10.476  1409  1520 I sysui_multi_action: [319,212,322,212,325,494308,757,761,758,9,759,2,806,com.meizu.flyme.launcher,871,com.meizu.flyme.launcher.Launcher,905,0]
03-29 14:36:10.751  1409  1500 I am_destroy_activity: [0,35666012,3722,com.android.systemui/com.flyme.systemui.recents.RecentsEmptyActivity,finish-imm]
03-29 14:36:10.759  2764  2764 I am_on_stop_called: [0,com.flyme.systemui.recents.RecentsEmptyActivity,destroy]
03-29 14:36:10.769  1409  1477 I wm_task_removed: [3722,removeAppToken: last token]
03-29 14:36:10.770  1409  1477 I wm_task_removed: [3722,removeTask]
03-29 14:36:11.544  1409  1409 I auditd  : type=1400 audit(0.0:8684988): avc: denied { open } for comm="android.anim" path="/data/data/com.meizu.customizecenter/font/flymeFont.ttf" dev="sda19" ino=811713 scontext=u:r:system_server:s0 tcontext=u:object_r:app_data_file:s0:c512,c768 tclass=file permissive=0
03-29 14:36:11.544  1409  1409 I auditd  : type=1400 audit(0.0:8684989): avc: denied { open } for comm="android.anim" path="/data/data/com.meizu.customizecenter/font/flymeFont.ttf" dev="sda19" ino=811713 scontext=u:r:system_server:s0 tcontext=u:object_r:app_data_file:s0:c512,c768 tclass=file permissive=0
03-29 14:36:11.544  1409  1409 I auditd  : type=1400 audit(0.0:8684990): avc: denied { open } for comm="android.anim" path="/data/data/com.meizu.customizecenter/font/flymeFont.ttf" dev="sda19" ino=811713 scontext=u:r:system_server:s0 tcontext=u:object_r:app_data_file:s0:c512,c768 tclass=file permissive=0
03-29 14:36:11.544  1409  1409 I chatty  : uid=1000 system_server identical 2 lines
03-29 14:36:11.544  1409  1409 I auditd  : type=1400 audit(0.0:8684993): avc: denied { open } for comm="android.anim" path="/data/data/com.meizu.customizecenter/font/flymeFont.ttf" dev="sda19" ino=811713 scontext=u:r:system_server:s0 tcontext=u:object_r:app_data_file:s0:c512,c768 tclass=file permissive=0
03-29 14:36:11.544  1409  2495 I wm_task_created: [3723,1]
03-29 14:36:11.544  1409  2495 I wm_task_moved: [3723,1,8]
03-29 14:36:11.545  1409  2495 I am_focused_stack: [0,1,0,reuseOrNewTask]
03-29 14:36:11.545  1409  2495 I wm_task_moved: [3723,1,8]
03-29 14:36:11.545  1409  2495 I am_create_task: [0,3723]
03-29 14:36:11.545  1409  2495 I am_create_activity: [0,101039783,3723,com.example.yaoyifei.yaoyfapplication/.View.Activity.LoginActivity,android.intent.action.MAIN,NULL,NULL,270532608]
03-29 14:36:11.545  1409  2495 I wm_task_moved: [3723,1,8]
03-29 14:36:11.547  1409  2495 I am_pause_activity: [0,140699044,com.meizu.flyme.launcher/.Launcher]
03-29 14:36:11.553  3351  3351 I am_on_paused_called: [0,com.meizu.flyme.launcher.Launcher,handlePauseActivity]
03-29 14:36:11.554 14787 14787 I auditd  : type=1400 audit(0.0:8684994): avc: denied { create } for comm="main" name="cgroup.procs" scontext=u:r:zygote:s0 tcontext=u:object_r:cgroup:s0 tclass=file permissive=0
03-29 14:36:11.554  1409  7830 I am_uid_running: 10163
03-29 14:36:11.565  1409  7830 I chatty  : uid=1000(system) Binder:1409_18 expire 3 lines
03-29 14:36:11.565  1409  7830 I am_proc_start: [0,14787,10163,com.example.yaoyifei.yaoyfapplication,activity,com.example.yaoyifei.yaoyfapplication/.View.Activity.LoginActivity]
03-29 14:36:11.598  1409  7830 I am_proc_bound: [0,14787,com.example.yaoyifei.yaoyfapplication]
03-29 14:36:11.602  1409  7830 I am_uid_active: 10163
03-29 14:36:11.602  1409  7830 I am_restart_activity: [0,101039783,3723,com.example.yaoyifei.yaoyfapplication/.View.Activity.LoginActivity]
03-29 14:36:11.603  1409  7830 I am_set_resumed_activity: [0,com.example.yaoyifei.yaoyfapplication/.View.Activity.LoginActivity,minimalResumeActivityLocked]
03-29 14:36:12.207  1409  2495 I wm_task_moved: [3723,1,8]
03-29 14:36:12.208  1409  2495 I am_create_activity: [0,38681110,3723,com.example.yaoyifei.yaoyfapplication/.View.Activity.HomeActivity,NULL,NULL,NULL,0]
03-29 14:36:12.209  1409  2495 I am_pause_activity: [0,101039783,com.example.yaoyifei.yaoyfapplication/.View.Activity.LoginActivity]
03-29 14:36:12.211  1409  2495 I am_finish_activity: [0,101039783,3723,com.example.yaoyifei.yaoyfapplication/.View.Activity.LoginActivity,app-request]
03-29 14:36:12.212  1409  1500 I sysui_count: [window_time_0,1]
03-29 14:36:12.212  1409  1500 I sysui_multi_action: [757,803,799,window_time_0,802,1]
03-29 14:36:12.218  1409  2495 I am_restart_activity: [0,38681110,3723,com.example.yaoyifei.yaoyfapplication/.View.Activity.HomeActivity]
03-29 14:36:12.218  1409  2495 I am_set_resumed_activity: [0,com.example.yaoyifei.yaoyfapplication/.View.Activity.HomeActivity,minimalResumeActivityLocked]
03-29 14:36:12.221  1409  1500 I sysui_count: [window_time_0,0]
03-29 14:36:12.221  1409  1500 I sysui_multi_action: [757,803,799,window_time_0,802,0]
03-29 14:36:12.387 14787 14787 I am_on_resume_called: [0,com.example.yaoyifei.yaoyfapplication.View.Activity.HomeActivity,LAUNCH_ACTIVITY]
03-29 14:36:12.849  1409  1520 I sysui_multi_action: [319,66,321,43,322,1308,325,494309,757,761,758,7,759,1,806,com.example.yaoyifei.yaoyfapplication,871,com.example.yaoyifei.yaoyfapplication.View.Activity.HomeActivity,904,com.example.yaoyifei.yaoyfapplication,905,0,945,60]
03-29 14:36:12.849  1409  1520 I am_activity_launch_time: [0,38681110,com.example.yaoyifei.yaoyfapplication/.View.Activity.HomeActivity,630,1292]
03-29 14:36:12.875  1409  2495 I am_destroy_activity: [0,101039783,3723,com.example.yaoyifei.yaoyfapplication/.View.Activity.LoginActivity,finish-imm]
03-29 14:36:12.875  1409  2495 I am_stop_activity: [0,140699044,com.meizu.flyme.launcher/.Launcher]
03-29 14:36:12.876 14787 14787 I am_on_stop_called: [0,com.example.yaoyifei.yaoyfapplication.View.Activity.LoginActivity,destroy]
03-29 14:36:12.896  3351  3351 I am_on_stop_called: [0,com.meizu.flyme.launcher.Launcher,handleStopActivity]
03-29 14:36:13.846   567   567 I auditd  : avc:  denied  { find } for service=move_window pid=14787 uid=10163 scontext=u:r:untrusted_app:s0:c512,c768 tcontext=u:object_r:move_window_service:s0 tclass=service_manager permissive=0
03-29 14:36:17.472  1409  7830 I netstats_mobile_sample: [362646810,395588,55368858,318672,358623528,309010,55020119,310706,358574613,308909,55009701,310631,-1]
03-29 14:36:17.472  1409  1499 I am_pss  : [3257,1000,com.meizu.experiencedatasync,11470848,4136960,6534144]
03-29 14:36:17.474  1409  7830 I netstats_wifi_sample: [22597424874,19133032,4259920786,11497786,22347029438,13141139,4108731127,11134153,22320097236,13062993,4107637301,11131806,-1]
03-29 14:36:17.490  1409  1499 I am_pss  : [3244,1000,com.qualcomm.qti.services.secureui:sui_service,4618240,1507328,2888704]
03-29 14:36:17.506  1409  1499 I am_pss  : [3224,1000,com.qualcomm.qti.sva,10002432,737280,9142272]
03-29 14:36:17.531  1409  1499 I am_pss  : [3213,1000,com.meizu.alphame,52617216,34623488,15640576]
03-29 14:36:17.555  1409  1499 I am_pss  : [3202,10005,com.android.incallui,57871360,32186368,22764544]
03-29 14:36:17.574  1409  1499 I am_pss  : [2544,1001,com.flyme.telecom.usagedata.service,10493952,5861376,3756032]
03-29 14:36:17.585  1409  7830 I netstats_mobile_sample: [362646810,395588,55368858,318672,358623528,309010,55020119,310706,358574613,308909,55009701,310631,-1]
03-29 14:36:17.587  1409  7830 I netstats_wifi_sample: [22597424874,19133032,4259920786,11497786,22347029438,13141139,4108731127,11134153,22320097236,13062993,4107637301,11131806,-1]
03-29 14:36:17.602  1409  1499 I am_pss  : [2523,1001,com.android.phone,46692352,33341440,10570752]
03-29 14:36:17.619  1409  1499 I am_pss  : [2504,1000,org.ifaa.android.service,4752384,856064,3777536]
03-29 14:36:17.636  1409  1499 I am_pss  : [2494,1001,com.qualcomm.qti.telephonyservice,5821440,749568,4878336]
03-29 14:36:17.654  1409  1499 I am_pss  : [2480,1000,.dataservices,8127488,3022848,4569088]
03-29 14:36:17.683  1409  1499 I am_pss  : [2256,1000,com.meizu.facerecognition,109673472,83390464,25425920]
03-29 14:36:17.724  1409  1499 I am_pss  : [2271,10043,com.android.systemui,197470208,140451840,49240064]
03-29 14:36:17.778  1409  1499 I am_pss  : [1409,1000,system,204825600,138010624,25916416]
03-29 14:36:22.720  1409  1499 I am_pss  : [14787,10163,com.example.yaoyifei.yaoyfapplication,93210624,88657920,92160]
03-29 14:36:22.738  1409  1499 I am_pss  : [14477,1001,com.android.flyme.bridge.softsim,3106816,2195456,155648]
03-29 14:36:22.758  1409  1499 I am_pss  : [14406,1001,com.flyme.virtual.softsim,5466112,4190208,146432]
03-29 14:36:33.909  1409  1500 I am_uid_idle: 10010
03-29 14:36:51.003  1409  1477 I battery_level: [88,4209,280]
03-29 14:36:51.030  1409  1509 I chatty  : uid=1000(system) batterystats-wo expire 4 lines
03-29 14:36:51.053  1409  1409 I am_uid_running: 10084
03-29 14:36:51.055  1409  1409 I chatty  : uid=1000 system_server expire 12 lines
03-29 14:36:51.064 14856 14856 I auditd  : type=1400 audit(0.0:8684995): avc: denied { create } for comm="main" name="cgroup.procs" scontext=u:r:zygote:s0 tcontext=u:object_r:cgroup:s0 tclass=file permissive=0
03-29 14:36:51.094  1409  1409 I am_proc_start: [0,14856,10084,com.android.calendar:remote,service,com.android.calendar/com.meizu.syncsdk.service.SchedulerService]
03-29 14:36:51.098  1409  1499 I am_pss  : [3351,10021,com.meizu.flyme.launcher,172876800,126214144,42566656]
03-29 14:36:51.099  1409  2495 I am_proc_bound: [0,14856,com.android.calendar:remote]
03-29 14:36:51.109  1409  3166 I backup_start: com.android.internal.backup.LocalTransport
03-29 14:36:51.128  1409  1499 I am_pss  : [3104,10043,com.flyme.systemuitools,91976704,64901120,23663616]
03-29 14:36:51.143  1409  3166 I chatty  : uid=1000(system) backup expire 6 lines
03-29 14:36:51.145  1409  3166 I backup_package: [@pm@,0]
03-29 14:36:51.162  1409  1499 I am_pss  : [2764,10043,com.android.systemui:recents,465950720,173723648,287936512]
03-29 14:36:51.198  1409  1499 I am_pss  : [32708,1000,com.meizu.safe,118743040,65798144,48485376]
03-29 14:36:51.203  1409  3166 I backup_package: [com.android.providers.settings,401]
03-29 14:36:51.217  1409  1499 I am_pss  : [7645,1000,com.qti.service.colorservice,3088384,1351680,1542144]
03-29 14:36:51.304 14856 14856 I auditd  : type=1400 audit(0.0:8684996): avc: denied { read } for comm="Thread-6" name="u:object_r:serialno_prop:s0" dev="tmpfs" ino=17712 scontext=u:r:platform_app:s0:c512,c768 tcontext=u:object_r:serialno_prop:s0 tclass=file permissive=0
03-29 14:36:51.324 14856 14856 I auditd  : type=1400 audit(0.0:8684997): avc: denied { read } for comm="pp.v3.apiWorker" name="u:object_r:serialno_prop:s0" dev="tmpfs" ino=17712 scontext=u:r:platform_app:s0:c512,c768 tcontext=u:object_r:serialno_prop:s0 tclass=file permissive=0
03-29 14:36:51.379  1409  3166 I backup_package: [android,19112]
03-29 14:37:15.924  1409  7830 I chatty  : uid=1000(system) Binder:1409_18 expire 15 lines
03-29 14:37:17.770  1409  7830 I netstats_mobile_sample: [362646810,395588,55368858,318672,358623528,309010,55020119,310706,358574613,308909,55009701,310631,-1]
03-29 14:37:17.774  1409  7830 I netstats_wifi_sample: [22597454270,19133164,4259942010,11497875,22347057477,13141235,4108751063,11134236,22320115443,13063068,4107657237,11131889,-1]
03-29 14:37:17.915  1409  7830 I netstats_mobile_sample: [362646810,395588,55368858,318672,358623528,309010,55020119,310706,358574613,308909,55009701,310631,-1]
03-29 14:37:17.917  1409  7830 I netstats_wifi_sample: [22597454270,19133164,4259942010,11497875,22347057477,13141235,4108751063,11134236,22320115443,13063068,4107657237,11131889,-1]
03-29 14:37:28.363  1409  1783 I chatty  : uid=1000(system) InputReader expire 36 lines
03-29 14:37:45.940  1409  2495 I chatty  : uid=1000(system) Binder:1409_6 expire 10 lines
03-29 14:37:53.272  1409  1499 I am_pss  : [14856,10084,com.android.calendar:remote,11101184,7634944,125952]
03-29 14:37:53.295  1409  1499 I am_pss  : [25612,10015,android.process.media,11631616,6844416,3586048]
03-29 14:37:54.183   992   992 E TLOC    : [TLOCChannel]"Can't receive message due to timeout"
03-29 14:37:54.183   992   992 I TLOC    : [TLOCDaemon ]"timeout passed - start periodic warm-up"
03-29 14:37:54.185   992   992 I TLOC    : [ModemComm  ]"Start a session successfully"
03-29 14:38:14.185   992   992 E TLOC    : [TLOCChannel]"Can't receive message due to timeout"
03-29 14:38:14.185   992   992 I TLOC    : [TLOCDaemon ]"timeout passed with no location fix - close the session"
03-29 14:38:14.187   992   992 I TLOC    : [ModemComm  ]"Stopped the session successfully"
03-29 14:38:14.188   992  1283 I TLOC    : [Modem      ]"Received event indication of position report with status USER_END"
03-29 14:38:15.955  1409  1477 I chatty  : uid=1000(system) Binder:1409_2 expire 10 lines
03-29 14:38:18.047  1409  1477 I netstats_mobile_sample: [362646810,395588,55368858,318672,358623528,309010,55020119,310706,358574613,308909,55009701,310631,-1]
03-29 14:38:18.050  1409  1477 I netstats_wifi_sample: [22597467405,19133241,4259947506,11497897,22347069354,13141278,4108756223,11134254,22320117488,13063090,4107662397,11131907,-1]
03-29 14:38:18.155  1409  1477 I netstats_mobile_sample: [362646810,395588,55368858,318672,358623528,309010,55020119,310706,358574613,308909,55009701,310631,-1]
03-29 14:38:18.158  1409  1477 I netstats_wifi_sample: [22597467405,19133241,4259947506,11497897,22347069354,13141278,4108756223,11134254,22320117488,13063090,4107662397,11131907,-1]
03-29 14:38:26.840  1409  1499 I am_pss  : [14787,10163,com.example.yaoyifei.yaoyfapplication,93706240,89133056,92160]
03-29 14:38:31.818  1409  1499 I sync    : [com.ss.android.ugc.aweme.AccountProvider,0,4,-1272504581]
03-29 14:38:31.822  1409  1499 I chatty  : uid=1000(system) android.bg expire 4 lines
03-29 14:39:00.068  1409  1499 I am_pss  : [10588,1000,com.meizu.flyme.sdkstage,6792192,2912256,3352576]
03-29 14:39:15.982  1409  2497 I chatty  : uid=1000(system) Binder:1409_7 expire 16 lines
03-29 14:39:17.004  3257  3257 I auditd  : type=1400 audit(0.0:8684998): avc: denied { read } for comm="StatsUploadThre" name="u:object_r:serialno_prop:s0" dev="tmpfs" ino=17712 scontext=u:r:system_app:s0 tcontext=u:object_r:serialno_prop:s0 tclass=file permissive=0
03-29 14:39:17.592  1409  2182 I netstats_mobile_sample: [362646810,395588,55368858,318672,358623528,309010,55020119,310706,358574613,308909,55009701,310631,-1]
03-29 14:39:17.593  1409  2182 I netstats_wifi_sample: [22597485343,19133331,4259971288,11497952,22347086026,13141335,4108779291,11134302,22320123900,13063125,4107685465,11131955,-1]
03-29 14:39:18.377  1409  7836 I netstats_mobile_sample: [362646810,395588,55368858,318672,358623528,309010,55020119,310706,358574613,308909,55009701,310631,-1]
03-29 14:39:18.378  1409  7836 I netstats_wifi_sample: [22597486035,19133341,4259971342,11497953,22347086670,13141345,4108779331,11134303,22320124544,13063135,4107685505,11131956,-1]
03-29 14:39:18.535  1409  2495 I netstats_mobile_sample: [362646810,395588,55368858,318672,358623528,309010,55020119,310706,358574613,308909,55009701,310631,-1]
03-29 14:39:18.538  1409  2495 I netstats_wifi_sample: [22597486035,19133341,4259971342,11497953,22347086670,13141345,4108779331,11134303,22320124544,13063135,4107685505,11131956,-1]
03-29 14:39:28.571  1409  1523 I chatty  : uid=1000(system) PowerManagerSer expire 7 lines
03-29 14:39:28.573  1409  1523 I power_sleep_requested: 0
03-29 14:39:28.761  1409  2242 I chatty  : uid=1000(system) PhotonicModulat expire 5 lines
03-29 14:39:28.785  1409  1523 I am_pause_activity: [0,38681110,com.example.yaoyifei.yaoyfapplication/.View.Activity.HomeActivity]
03-29 14:39:28.791 14787 14787 I am_on_paused_called: [0,com.example.yaoyifei.yaoyfapplication.View.Activity.HomeActivity,handlePauseActivity]
03-29 14:39:28.798  1409  1520 I chatty  : uid=1000(system) android.display expire 3 lines
03-29 14:39:28.803  1409  1500 I am_stop_activity: [0,38681110,com.example.yaoyifei.yaoyfapplication/.View.Activity.HomeActivity]
03-29 14:39:28.811  1409  1500 I sysui_count: [window_time_0,197]
03-29 14:39:28.811  1409  1500 I sysui_multi_action: [757,803,799,window_time_0,802,197]
03-29 14:39:28.840 14787 14787 I am_on_stop_called: [0,com.example.yaoyifei.yaoyfapplication.View.Activity.HomeActivity,sleeping]
03-29 14:39:28.854  1409  1409 I auditd  : type=1400 audit(0.0:8684999): avc: denied { open } for comm="TaskSnapshotPer" path="/data/data/com.meizu.customizecenter/font/flymeFont.ttf" dev="sda19" ino=811713 scontext=u:r:system_server:s0 tcontext=u:object_r:app_data_file:s0:c512,c768 tclass=file permissive=0
03-29 14:39:28.869  1409  2240 I chatty  : uid=1000(system) TaskSnapshotPer expire 3 lines
03-29 14:39:28.870  1409  1409 I sysui_multi_action: [757,198,758,2,759,3]
